[fullgrid] load tokenizer /home/alice_gx10/hf-qwen7b
[fullgrid] load model /home/alice_gx10/hf-qwen7b device=cpu dtype=bfloat16
[transformers] `torch_dtype` is deprecated! Use `dtype` instead!
Loading weights:   0%|          | 0/339 [00:00<?, ?it/s]Loading weights:  17%|█▋        | 56/339 [00:00<00:00, 552.90it/s]Loading weights:  33%|███▎      | 112/339 [00:00<00:00, 517.47it/s]Loading weights: 100%|██████████| 339/339 [00:00<00:00, 1217.96it/s]
[fullgrid] modules=197 channels=1,542,656 Q=10 S=10 cells=154,265,600
[fullgrid] pass1 calibration probes=256 heat_probes=1286
[fullgrid] calibration 5/256 elapsed=74s
[fullgrid] calibration 10/256 elapsed=123s
[fullgrid] calibration 15/256 elapsed=168s
[fullgrid] calibration 20/256 elapsed=222s
[fullgrid] calibration 25/256 elapsed=281s
[fullgrid] calibration 30/256 elapsed=349s
[fullgrid] calibration 35/256 elapsed=423s
[fullgrid] calibration 40/256 elapsed=543s
[fullgrid] calibration 45/256 elapsed=677s
[fullgrid] calibration 50/256 elapsed=814s
[fullgrid] calibration 55/256 elapsed=912s
[fullgrid] calibration 60/256 elapsed=1020s
[fullgrid] calibration 65/256 elapsed=1117s
[fullgrid] calibration 70/256 elapsed=1231s
[fullgrid] calibration 75/256 elapsed=1333s
[fullgrid] calibration 80/256 elapsed=1459s
[fullgrid] calibration 85/256 elapsed=1562s
[fullgrid] calibration 90/256 elapsed=1657s
[fullgrid] calibration 95/256 elapsed=1760s
[fullgrid] calibration 100/256 elapsed=1925s
[fullgrid] calibration 105/256 elapsed=2068s
[fullgrid] calibration 110/256 elapsed=2171s
[fullgrid] calibration 115/256 elapsed=2267s
[fullgrid] calibration 120/256 elapsed=2364s
[fullgrid] calibration 125/256 elapsed=2464s
[fullgrid] calibration 130/256 elapsed=2560s
[fullgrid] calibration 135/256 elapsed=2668s
[fullgrid] calibration 140/256 elapsed=2779s
[fullgrid] calibration 145/256 elapsed=2877s
[fullgrid] calibration 150/256 elapsed=2975s
[fullgrid] calibration 155/256 elapsed=3076s
[fullgrid] calibration 160/256 elapsed=3184s
[fullgrid] calibration 165/256 elapsed=3281s
[fullgrid] calibration 170/256 elapsed=3379s
[fullgrid] calibration 175/256 elapsed=3480s
[fullgrid] calibration 180/256 elapsed=3577s
[fullgrid] calibration 185/256 elapsed=3696s
[fullgrid] calibration 190/256 elapsed=3806s
[fullgrid] calibration 195/256 elapsed=3906s
[fullgrid] calibration 200/256 elapsed=4078s
[fullgrid] calibration 205/256 elapsed=4243s
[fullgrid] calibration 210/256 elapsed=4394s
[fullgrid] calibration 215/256 elapsed=4662s
[fullgrid] calibration 220/256 elapsed=4973s
[fullgrid] calibration 225/256 elapsed=5292s
[fullgrid] calibration 230/256 elapsed=5604s
[fullgrid] calibration 235/256 elapsed=5908s
[fullgrid] calibration 240/256 elapsed=6137s
[fullgrid] calibration 245/256 elapsed=6356s
[fullgrid] calibration 250/256 elapsed=6609s
[fullgrid] calibration 255/256 elapsed=6866s
[fullgrid] pass2 heat fill
[fullgrid] heat 5/1286 elapsed=7102s
[fullgrid] heat 10/1286 elapsed=7192s
[fullgrid] heat 15/1286 elapsed=7298s
[fullgrid] heat 20/1286 elapsed=7409s
[fullgrid] heat 25/1286 elapsed=7486s
[fullgrid] heat 30/1286 elapsed=7560s
[fullgrid] heat 35/1286 elapsed=7622s
[fullgrid] heat 40/1286 elapsed=7682s
[fullgrid] heat 45/1286 elapsed=7764s
[fullgrid] heat 50/1286 elapsed=7846s
[fullgrid] heat 55/1286 elapsed=7911s
[fullgrid] heat 60/1286 elapsed=7989s
[fullgrid] heat 65/1286 elapsed=8055s
[fullgrid] heat 70/1286 elapsed=8119s
[fullgrid] heat 75/1286 elapsed=8190s
[fullgrid] heat 80/1286 elapsed=8274s
[fullgrid] heat 85/1286 elapsed=8360s
[fullgrid] heat 90/1286 elapsed=8441s
[fullgrid] heat 95/1286 elapsed=8519s
[fullgrid] heat 100/1286 elapsed=8584s
[fullgrid] heat 105/1286 elapsed=8662s
[fullgrid] heat 110/1286 elapsed=8747s
[fullgrid] heat 115/1286 elapsed=8885s
[fullgrid] heat 120/1286 elapsed=8969s
[fullgrid] heat 125/1286 elapsed=9055s
[fullgrid] heat 130/1286 elapsed=9127s
[fullgrid] heat 135/1286 elapsed=9202s
[fullgrid] heat 140/1286 elapsed=9281s
[fullgrid] heat 145/1286 elapsed=9382s
[fullgrid] heat 150/1286 elapsed=9459s
[fullgrid] heat 155/1286 elapsed=9531s
[fullgrid] heat 160/1286 elapsed=9632s
[fullgrid] heat 165/1286 elapsed=9721s
[fullgrid] heat 170/1286 elapsed=9860s
[fullgrid] heat 175/1286 elapsed=10009s
[fullgrid] heat 180/1286 elapsed=10158s
[fullgrid] heat 185/1286 elapsed=10327s
[fullgrid] heat 190/1286 elapsed=10511s
[fullgrid] heat 195/1286 elapsed=10678s
[fullgrid] heat 200/1286 elapsed=10842s
[fullgrid] heat 205/1286 elapsed=11019s
[fullgrid] heat 210/1286 elapsed=11186s
[fullgrid] heat 215/1286 elapsed=11323s
[fullgrid] heat 220/1286 elapsed=11466s
[fullgrid] heat 225/1286 elapsed=11651s
[fullgrid] heat 230/1286 elapsed=11836s
[fullgrid] heat 235/1286 elapsed=12007s
[fullgrid] heat 240/1286 elapsed=12179s
[fullgrid] heat 245/1286 elapsed=12342s
[fullgrid] heat 250/1286 elapsed=12486s
[fullgrid] heat 255/1286 elapsed=12654s
[fullgrid] heat 260/1286 elapsed=12814s
[fullgrid] heat 265/1286 elapsed=12981s
[fullgrid] heat 270/1286 elapsed=13138s
[fullgrid] heat 275/1286 elapsed=13295s
[fullgrid] heat 280/1286 elapsed=13450s
[fullgrid] heat 285/1286 elapsed=13606s
[fullgrid] heat 290/1286 elapsed=13764s
[fullgrid] heat 295/1286 elapsed=13896s
[fullgrid] heat 300/1286 elapsed=14039s
[fullgrid] heat 305/1286 elapsed=14192s
[fullgrid] heat 310/1286 elapsed=14357s
[fullgrid] heat 315/1286 elapsed=14518s
[fullgrid] heat 320/1286 elapsed=14693s
[fullgrid] heat 325/1286 elapsed=14878s
[fullgrid] heat 330/1286 elapsed=15067s
[fullgrid] heat 335/1286 elapsed=15248s
[fullgrid] heat 340/1286 elapsed=15434s
[fullgrid] heat 345/1286 elapsed=15624s
[fullgrid] heat 350/1286 elapsed=15793s
[fullgrid] heat 355/1286 elapsed=16001s
[fullgrid] heat 360/1286 elapsed=16174s
[fullgrid] heat 365/1286 elapsed=16370s
[fullgrid] heat 370/1286 elapsed=16566s
[fullgrid] heat 375/1286 elapsed=16763s
[fullgrid] heat 380/1286 elapsed=16963s
[fullgrid] heat 385/1286 elapsed=17164s
[fullgrid] heat 390/1286 elapsed=17357s
[fullgrid] heat 395/1286 elapsed=17550s
[fullgrid] heat 400/1286 elapsed=17731s
[fullgrid] heat 405/1286 elapsed=17911s
[fullgrid] heat 410/1286 elapsed=18099s
[fullgrid] heat 415/1286 elapsed=18300s
[fullgrid] heat 420/1286 elapsed=18482s
[fullgrid] heat 425/1286 elapsed=18665s
[fullgrid] heat 430/1286 elapsed=18827s
[fullgrid] heat 435/1286 elapsed=18991s
[fullgrid] heat 440/1286 elapsed=19188s
[fullgrid] heat 445/1286 elapsed=19386s
[fullgrid] heat 450/1286 elapsed=19578s
[fullgrid] heat 455/1286 elapsed=19783s
[fullgrid] heat 460/1286 elapsed=19979s
[fullgrid] heat 465/1286 elapsed=20211s
[fullgrid] heat 470/1286 elapsed=20392s
[fullgrid] heat 475/1286 elapsed=20571s
[fullgrid] heat 480/1286 elapsed=20757s
[fullgrid] heat 485/1286 elapsed=20938s
[fullgrid] heat 490/1286 elapsed=21110s
[fullgrid] heat 495/1286 elapsed=21266s
[fullgrid] heat 500/1286 elapsed=21419s
[fullgrid] heat 505/1286 elapsed=21573s
[fullgrid] heat 510/1286 elapsed=21722s
[fullgrid] heat 515/1286 elapsed=21868s
[fullgrid] heat 520/1286 elapsed=22020s
[fullgrid] heat 525/1286 elapsed=22193s
[fullgrid] heat 530/1286 elapsed=22360s
[fullgrid] heat 535/1286 elapsed=22521s
[fullgrid] heat 540/1286 elapsed=22683s
[fullgrid] heat 545/1286 elapsed=22830s
[fullgrid] heat 550/1286 elapsed=22971s
[fullgrid] heat 555/1286 elapsed=23125s
[fullgrid] heat 560/1286 elapsed=23275s
[fullgrid] heat 565/1286 elapsed=23418s
[fullgrid] heat 570/1286 elapsed=23553s
[fullgrid] heat 575/1286 elapsed=23691s
[fullgrid] heat 580/1286 elapsed=23822s
[fullgrid] heat 585/1286 elapsed=23958s
[fullgrid] heat 590/1286 elapsed=24092s
[fullgrid] heat 595/1286 elapsed=24244s
[fullgrid] heat 600/1286 elapsed=24391s
[fullgrid] heat 605/1286 elapsed=24546s
[fullgrid] heat 610/1286 elapsed=24708s
[fullgrid] heat 615/1286 elapsed=24866s
[fullgrid] heat 620/1286 elapsed=25041s
[fullgrid] heat 625/1286 elapsed=25192s
[fullgrid] heat 630/1286 elapsed=25351s
[fullgrid] heat 635/1286 elapsed=25490s
[fullgrid] heat 640/1286 elapsed=25594s
[fullgrid] heat 645/1286 elapsed=25700s
[fullgrid] heat 650/1286 elapsed=25803s
[fullgrid] heat 655/1286 elapsed=25903s
[fullgrid] heat 660/1286 elapsed=26003s
[fullgrid] heat 665/1286 elapsed=26107s
[fullgrid] heat 670/1286 elapsed=26212s
[fullgrid] heat 675/1286 elapsed=26324s
[fullgrid] heat 680/1286 elapsed=26425s
[fullgrid] heat 685/1286 elapsed=26524s
[fullgrid] heat 690/1286 elapsed=26624s
[fullgrid] heat 695/1286 elapsed=26729s
[fullgrid] heat 700/1286 elapsed=26835s
[fullgrid] heat 705/1286 elapsed=26941s
[fullgrid] heat 710/1286 elapsed=27039s
[fullgrid] heat 715/1286 elapsed=27154s
[fullgrid] heat 720/1286 elapsed=27265s
[fullgrid] heat 725/1286 elapsed=27366s
[fullgrid] heat 730/1286 elapsed=27474s
[fullgrid] heat 735/1286 elapsed=27574s
[fullgrid] heat 740/1286 elapsed=27689s
[fullgrid] heat 745/1286 elapsed=27801s
[fullgrid] heat 750/1286 elapsed=27906s
[fullgrid] heat 755/1286 elapsed=28008s
[fullgrid] heat 760/1286 elapsed=28114s
[fullgrid] heat 765/1286 elapsed=28236s
[fullgrid] heat 770/1286 elapsed=28339s
[fullgrid] heat 775/1286 elapsed=28442s
[fullgrid] heat 780/1286 elapsed=28543s
[fullgrid] heat 785/1286 elapsed=28652s
[fullgrid] heat 790/1286 elapsed=28765s
[fullgrid] heat 795/1286 elapsed=28872s
[fullgrid] heat 800/1286 elapsed=28985s
[fullgrid] heat 805/1286 elapsed=29096s
[fullgrid] heat 810/1286 elapsed=29217s
[fullgrid] heat 815/1286 elapsed=29335s
[fullgrid] heat 820/1286 elapsed=29459s
[fullgrid] heat 825/1286 elapsed=29580s
[fullgrid] heat 830/1286 elapsed=29709s
[fullgrid] heat 835/1286 elapsed=29830s
[fullgrid] heat 840/1286 elapsed=29945s
[fullgrid] heat 845/1286 elapsed=30054s
[fullgrid] heat 850/1286 elapsed=30163s
[fullgrid] heat 855/1286 elapsed=30282s
[fullgrid] heat 860/1286 elapsed=30408s
[fullgrid] heat 865/1286 elapsed=30533s
[fullgrid] heat 870/1286 elapsed=30666s
[fullgrid] heat 875/1286 elapsed=30801s
[fullgrid] heat 880/1286 elapsed=30931s
[fullgrid] heat 885/1286 elapsed=31093s
[fullgrid] heat 890/1286 elapsed=31234s
[fullgrid] heat 895/1286 elapsed=31372s
[fullgrid] heat 900/1286 elapsed=31510s
[fullgrid] heat 905/1286 elapsed=31646s
[fullgrid] heat 910/1286 elapsed=31777s
[fullgrid] heat 915/1286 elapsed=31917s
[fullgrid] heat 920/1286 elapsed=32052s
[fullgrid] heat 925/1286 elapsed=32192s
[fullgrid] heat 930/1286 elapsed=32336s
[fullgrid] heat 935/1286 elapsed=32478s
[fullgrid] heat 940/1286 elapsed=32630s
[fullgrid] heat 945/1286 elapsed=32779s
[fullgrid] heat 950/1286 elapsed=32924s
[fullgrid] heat 955/1286 elapsed=33069s
[fullgrid] heat 960/1286 elapsed=33220s
[fullgrid] heat 965/1286 elapsed=33365s
[fullgrid] heat 970/1286 elapsed=33521s
[fullgrid] heat 975/1286 elapsed=33669s
[fullgrid] heat 980/1286 elapsed=33817s
[fullgrid] heat 985/1286 elapsed=33970s
[fullgrid] heat 990/1286 elapsed=34132s
[fullgrid] heat 995/1286 elapsed=34294s
[fullgrid] heat 1000/1286 elapsed=34463s
[fullgrid] heat 1005/1286 elapsed=34624s
[fullgrid] heat 1010/1286 elapsed=34787s
[fullgrid] heat 1015/1286 elapsed=34950s
[fullgrid] heat 1020/1286 elapsed=35112s
[fullgrid] heat 1025/1286 elapsed=35270s
[fullgrid] heat 1030/1286 elapsed=35439s
[fullgrid] heat 1035/1286 elapsed=35606s
[fullgrid] heat 1040/1286 elapsed=35773s
[fullgrid] heat 1045/1286 elapsed=35948s
[fullgrid] heat 1050/1286 elapsed=36120s
[fullgrid] heat 1055/1286 elapsed=36295s
[fullgrid] heat 1060/1286 elapsed=36473s
[fullgrid] heat 1065/1286 elapsed=36642s
[fullgrid] heat 1070/1286 elapsed=36909s
[fullgrid] heat 1075/1286 elapsed=37126s
[fullgrid] heat 1080/1286 elapsed=37364s
[fullgrid] heat 1085/1286 elapsed=37593s
[fullgrid] heat 1090/1286 elapsed=37823s
[fullgrid] heat 1095/1286 elapsed=38050s
[fullgrid] heat 1100/1286 elapsed=38268s
[fullgrid] heat 1105/1286 elapsed=38454s
[fullgrid] heat 1110/1286 elapsed=38637s
[fullgrid] heat 1115/1286 elapsed=38834s
[fullgrid] heat 1120/1286 elapsed=39016s
[fullgrid] heat 1125/1286 elapsed=39203s
[fullgrid] heat 1130/1286 elapsed=39386s
[fullgrid] heat 1135/1286 elapsed=39567s
[fullgrid] heat 1140/1286 elapsed=39750s
[fullgrid] heat 1145/1286 elapsed=39937s
[fullgrid] heat 1150/1286 elapsed=40127s
[fullgrid] heat 1155/1286 elapsed=40322s
[fullgrid] heat 1160/1286 elapsed=40515s
[fullgrid] heat 1165/1286 elapsed=40704s
[fullgrid] heat 1170/1286 elapsed=40899s
[fullgrid] heat 1175/1286 elapsed=41099s
[fullgrid] heat 1180/1286 elapsed=41294s
[fullgrid] heat 1185/1286 elapsed=41481s
[fullgrid] heat 1190/1286 elapsed=41671s
[fullgrid] heat 1195/1286 elapsed=41872s
[fullgrid] heat 1200/1286 elapsed=42070s
[fullgrid] heat 1205/1286 elapsed=42270s
[fullgrid] heat 1210/1286 elapsed=42477s
[fullgrid] heat 1215/1286 elapsed=42692s
[fullgrid] heat 1220/1286 elapsed=42902s
[fullgrid] heat 1225/1286 elapsed=43110s
[fullgrid] heat 1230/1286 elapsed=43311s
[fullgrid] heat 1235/1286 elapsed=43512s
[fullgrid] heat 1240/1286 elapsed=43717s
[fullgrid] heat 1245/1286 elapsed=43917s
[fullgrid] heat 1250/1286 elapsed=44121s
[fullgrid] heat 1255/1286 elapsed=44321s
[fullgrid] heat 1260/1286 elapsed=44522s
[fullgrid] heat 1265/1286 elapsed=44718s
[fullgrid] heat 1270/1286 elapsed=44911s
[fullgrid] heat 1275/1286 elapsed=45117s
[fullgrid] heat 1280/1286 elapsed=45323s
[fullgrid] heat 1285/1286 elapsed=45526s
[fullgrid] DONE qwen7b-fullgrid-100m-p1200-perchannel cells=154,265,600 nonzero=145,241,381 coverage=94.150207%
