/Users/john/fullgrid-venv/lib/python3.9/site-packages/urllib3/__init__.py:35: NotOpenSSLWarning: urllib3 v2 only supports OpenSSL 1.1.1+, currently the 'ssl' module is compiled with 'LibreSSL 2.8.3'. See: https://github.com/urllib3/urllib3/issues/3020
  warnings.warn(
[fullgrid] load tokenizer bigscience/bloomz-560m
[fullgrid] load model bigscience/bloomz-560m device=cpu dtype=float32
`torch_dtype` is deprecated! Use `dtype` instead!
[fullgrid] modules=147 channels=523,264 Q=14 S=14 cells=102,559,744
[fullgrid] pass1 calibration probes=256 heat_probes=1286
[fullgrid] calibration 5/256 elapsed=97s
[fullgrid] calibration 10/256 elapsed=97s
[fullgrid] calibration 15/256 elapsed=97s
[fullgrid] calibration 20/256 elapsed=98s
[fullgrid] calibration 25/256 elapsed=98s
[fullgrid] calibration 30/256 elapsed=98s
[fullgrid] calibration 35/256 elapsed=99s
[fullgrid] calibration 40/256 elapsed=99s
[fullgrid] calibration 45/256 elapsed=99s
[fullgrid] calibration 50/256 elapsed=100s
[fullgrid] calibration 55/256 elapsed=100s
[fullgrid] calibration 60/256 elapsed=101s
[fullgrid] calibration 65/256 elapsed=101s
[fullgrid] calibration 70/256 elapsed=101s
[fullgrid] calibration 75/256 elapsed=102s
[fullgrid] calibration 80/256 elapsed=102s
[fullgrid] calibration 85/256 elapsed=102s
[fullgrid] calibration 90/256 elapsed=103s
[fullgrid] calibration 95/256 elapsed=103s
[fullgrid] calibration 100/256 elapsed=104s
[fullgrid] calibration 105/256 elapsed=104s
[fullgrid] calibration 110/256 elapsed=104s
[fullgrid] calibration 115/256 elapsed=105s
[fullgrid] calibration 120/256 elapsed=105s
[fullgrid] calibration 125/256 elapsed=106s
[fullgrid] calibration 130/256 elapsed=106s
[fullgrid] calibration 135/256 elapsed=106s
[fullgrid] calibration 140/256 elapsed=107s
[fullgrid] calibration 145/256 elapsed=107s
[fullgrid] calibration 150/256 elapsed=108s
[fullgrid] calibration 155/256 elapsed=108s
[fullgrid] calibration 160/256 elapsed=108s
[fullgrid] calibration 165/256 elapsed=109s
[fullgrid] calibration 170/256 elapsed=109s
[fullgrid] calibration 175/256 elapsed=110s
[fullgrid] calibration 180/256 elapsed=110s
[fullgrid] calibration 185/256 elapsed=110s
[fullgrid] calibration 190/256 elapsed=111s
[fullgrid] calibration 195/256 elapsed=111s
[fullgrid] calibration 200/256 elapsed=112s
[fullgrid] calibration 205/256 elapsed=112s
[fullgrid] calibration 210/256 elapsed=112s
[fullgrid] calibration 215/256 elapsed=113s
[fullgrid] calibration 220/256 elapsed=114s
[fullgrid] calibration 225/256 elapsed=115s
[fullgrid] calibration 230/256 elapsed=116s
[fullgrid] calibration 235/256 elapsed=116s
[fullgrid] calibration 240/256 elapsed=117s
[fullgrid] calibration 245/256 elapsed=118s
[fullgrid] calibration 250/256 elapsed=119s
[fullgrid] calibration 255/256 elapsed=120s
[fullgrid] pass2 heat fill
[fullgrid] heat 5/1286 elapsed=131s
[fullgrid] heat 10/1286 elapsed=135s
[fullgrid] heat 15/1286 elapsed=139s
[fullgrid] heat 20/1286 elapsed=143s
[fullgrid] heat 25/1286 elapsed=147s
[fullgrid] heat 30/1286 elapsed=151s
[fullgrid] heat 35/1286 elapsed=156s
[fullgrid] heat 40/1286 elapsed=159s
[fullgrid] heat 45/1286 elapsed=164s
[fullgrid] heat 50/1286 elapsed=168s
[fullgrid] heat 55/1286 elapsed=172s
[fullgrid] heat 60/1286 elapsed=176s
[fullgrid] heat 65/1286 elapsed=180s
[fullgrid] heat 70/1286 elapsed=184s
[fullgrid] heat 75/1286 elapsed=188s
[fullgrid] heat 80/1286 elapsed=192s
[fullgrid] heat 85/1286 elapsed=196s
[fullgrid] heat 90/1286 elapsed=200s
[fullgrid] heat 95/1286 elapsed=205s
[fullgrid] heat 100/1286 elapsed=209s
[fullgrid] heat 105/1286 elapsed=213s
[fullgrid] heat 110/1286 elapsed=217s
[fullgrid] heat 115/1286 elapsed=221s
[fullgrid] heat 120/1286 elapsed=225s
[fullgrid] heat 125/1286 elapsed=229s
[fullgrid] heat 130/1286 elapsed=233s
[fullgrid] heat 135/1286 elapsed=238s
[fullgrid] heat 140/1286 elapsed=242s
[fullgrid] heat 145/1286 elapsed=246s
[fullgrid] heat 150/1286 elapsed=250s
[fullgrid] heat 155/1286 elapsed=254s
[fullgrid] heat 160/1286 elapsed=258s
[fullgrid] heat 165/1286 elapsed=262s
[fullgrid] heat 170/1286 elapsed=266s
[fullgrid] heat 175/1286 elapsed=271s
[fullgrid] heat 180/1286 elapsed=275s
[fullgrid] heat 185/1286 elapsed=279s
[fullgrid] heat 190/1286 elapsed=283s
[fullgrid] heat 195/1286 elapsed=287s
[fullgrid] heat 200/1286 elapsed=292s
[fullgrid] heat 205/1286 elapsed=296s
[fullgrid] heat 210/1286 elapsed=300s
[fullgrid] heat 215/1286 elapsed=304s
[fullgrid] heat 220/1286 elapsed=309s
[fullgrid] heat 225/1286 elapsed=313s
[fullgrid] heat 230/1286 elapsed=317s
[fullgrid] heat 235/1286 elapsed=321s
[fullgrid] heat 240/1286 elapsed=325s
[fullgrid] heat 245/1286 elapsed=330s
[fullgrid] heat 250/1286 elapsed=334s
[fullgrid] heat 255/1286 elapsed=338s
[fullgrid] heat 260/1286 elapsed=342s
[fullgrid] heat 265/1286 elapsed=346s
[fullgrid] heat 270/1286 elapsed=351s
[fullgrid] heat 275/1286 elapsed=355s
[fullgrid] heat 280/1286 elapsed=359s
[fullgrid] heat 285/1286 elapsed=363s
[fullgrid] heat 290/1286 elapsed=367s
[fullgrid] heat 295/1286 elapsed=372s
[fullgrid] heat 300/1286 elapsed=376s
[fullgrid] heat 305/1286 elapsed=380s
[fullgrid] heat 310/1286 elapsed=384s
[fullgrid] heat 315/1286 elapsed=389s
[fullgrid] heat 320/1286 elapsed=393s
[fullgrid] heat 325/1286 elapsed=397s
[fullgrid] heat 330/1286 elapsed=401s
[fullgrid] heat 335/1286 elapsed=406s
[fullgrid] heat 340/1286 elapsed=410s
[fullgrid] heat 345/1286 elapsed=414s
[fullgrid] heat 350/1286 elapsed=418s
[fullgrid] heat 355/1286 elapsed=422s
[fullgrid] heat 360/1286 elapsed=427s
[fullgrid] heat 365/1286 elapsed=431s
[fullgrid] heat 370/1286 elapsed=435s
[fullgrid] heat 375/1286 elapsed=439s
[fullgrid] heat 380/1286 elapsed=444s
[fullgrid] heat 385/1286 elapsed=448s
[fullgrid] heat 390/1286 elapsed=452s
[fullgrid] heat 395/1286 elapsed=456s
[fullgrid] heat 400/1286 elapsed=460s
[fullgrid] heat 405/1286 elapsed=465s
[fullgrid] heat 410/1286 elapsed=469s
[fullgrid] heat 415/1286 elapsed=473s
[fullgrid] heat 420/1286 elapsed=477s
[fullgrid] heat 425/1286 elapsed=482s
[fullgrid] heat 430/1286 elapsed=486s
[fullgrid] heat 435/1286 elapsed=490s
[fullgrid] heat 440/1286 elapsed=494s
[fullgrid] heat 445/1286 elapsed=498s
[fullgrid] heat 450/1286 elapsed=503s
[fullgrid] heat 455/1286 elapsed=507s
[fullgrid] heat 460/1286 elapsed=511s
[fullgrid] heat 465/1286 elapsed=515s
[fullgrid] heat 470/1286 elapsed=520s
[fullgrid] heat 475/1286 elapsed=524s
[fullgrid] heat 480/1286 elapsed=528s
[fullgrid] heat 485/1286 elapsed=532s
[fullgrid] heat 490/1286 elapsed=537s
[fullgrid] heat 495/1286 elapsed=541s
[fullgrid] heat 500/1286 elapsed=545s
[fullgrid] heat 505/1286 elapsed=549s
[fullgrid] heat 510/1286 elapsed=553s
[fullgrid] heat 515/1286 elapsed=558s
[fullgrid] heat 520/1286 elapsed=562s
[fullgrid] heat 525/1286 elapsed=566s
[fullgrid] heat 530/1286 elapsed=570s
[fullgrid] heat 535/1286 elapsed=574s
[fullgrid] heat 540/1286 elapsed=579s
[fullgrid] heat 545/1286 elapsed=583s
[fullgrid] heat 550/1286 elapsed=587s
[fullgrid] heat 555/1286 elapsed=591s
[fullgrid] heat 560/1286 elapsed=596s
[fullgrid] heat 565/1286 elapsed=600s
[fullgrid] heat 570/1286 elapsed=604s
[fullgrid] heat 575/1286 elapsed=608s
[fullgrid] heat 580/1286 elapsed=612s
[fullgrid] heat 585/1286 elapsed=617s
[fullgrid] heat 590/1286 elapsed=621s
[fullgrid] heat 595/1286 elapsed=625s
[fullgrid] heat 600/1286 elapsed=629s
[fullgrid] heat 605/1286 elapsed=633s
[fullgrid] heat 610/1286 elapsed=638s
[fullgrid] heat 615/1286 elapsed=642s
[fullgrid] heat 620/1286 elapsed=646s
[fullgrid] heat 625/1286 elapsed=650s
[fullgrid] heat 630/1286 elapsed=655s
[fullgrid] heat 635/1286 elapsed=659s
[fullgrid] heat 640/1286 elapsed=663s
[fullgrid] heat 645/1286 elapsed=667s
[fullgrid] heat 650/1286 elapsed=672s
[fullgrid] heat 655/1286 elapsed=676s
[fullgrid] heat 660/1286 elapsed=680s
[fullgrid] heat 665/1286 elapsed=684s
[fullgrid] heat 670/1286 elapsed=688s
[fullgrid] heat 675/1286 elapsed=693s
[fullgrid] heat 680/1286 elapsed=697s
[fullgrid] heat 685/1286 elapsed=701s
[fullgrid] heat 690/1286 elapsed=705s
[fullgrid] heat 695/1286 elapsed=709s
[fullgrid] heat 700/1286 elapsed=714s
[fullgrid] heat 705/1286 elapsed=718s
[fullgrid] heat 710/1286 elapsed=722s
[fullgrid] heat 715/1286 elapsed=726s
[fullgrid] heat 720/1286 elapsed=731s
[fullgrid] heat 725/1286 elapsed=735s
[fullgrid] heat 730/1286 elapsed=739s
[fullgrid] heat 735/1286 elapsed=743s
[fullgrid] heat 740/1286 elapsed=747s
[fullgrid] heat 745/1286 elapsed=752s
[fullgrid] heat 750/1286 elapsed=756s
[fullgrid] heat 755/1286 elapsed=760s
[fullgrid] heat 760/1286 elapsed=764s
[fullgrid] heat 765/1286 elapsed=769s
[fullgrid] heat 770/1286 elapsed=773s
[fullgrid] heat 775/1286 elapsed=777s
[fullgrid] heat 780/1286 elapsed=781s
[fullgrid] heat 785/1286 elapsed=785s
[fullgrid] heat 790/1286 elapsed=790s
[fullgrid] heat 795/1286 elapsed=794s
[fullgrid] heat 800/1286 elapsed=798s
[fullgrid] heat 805/1286 elapsed=802s
[fullgrid] heat 810/1286 elapsed=806s
[fullgrid] heat 815/1286 elapsed=811s
[fullgrid] heat 820/1286 elapsed=815s
[fullgrid] heat 825/1286 elapsed=819s
[fullgrid] heat 830/1286 elapsed=823s
[fullgrid] heat 835/1286 elapsed=828s
[fullgrid] heat 840/1286 elapsed=832s
[fullgrid] heat 845/1286 elapsed=836s
[fullgrid] heat 850/1286 elapsed=840s
[fullgrid] heat 855/1286 elapsed=844s
[fullgrid] heat 860/1286 elapsed=849s
[fullgrid] heat 865/1286 elapsed=853s
[fullgrid] heat 870/1286 elapsed=857s
[fullgrid] heat 875/1286 elapsed=861s
[fullgrid] heat 880/1286 elapsed=866s
[fullgrid] heat 885/1286 elapsed=870s
[fullgrid] heat 890/1286 elapsed=874s
[fullgrid] heat 895/1286 elapsed=878s
[fullgrid] heat 900/1286 elapsed=882s
[fullgrid] heat 905/1286 elapsed=887s
[fullgrid] heat 910/1286 elapsed=891s
[fullgrid] heat 915/1286 elapsed=895s
[fullgrid] heat 920/1286 elapsed=899s
[fullgrid] heat 925/1286 elapsed=903s
[fullgrid] heat 930/1286 elapsed=908s
[fullgrid] heat 935/1286 elapsed=912s
[fullgrid] heat 940/1286 elapsed=916s
[fullgrid] heat 945/1286 elapsed=920s
[fullgrid] heat 950/1286 elapsed=925s
[fullgrid] heat 955/1286 elapsed=929s
[fullgrid] heat 960/1286 elapsed=933s
[fullgrid] heat 965/1286 elapsed=937s
[fullgrid] heat 970/1286 elapsed=941s
[fullgrid] heat 975/1286 elapsed=946s
[fullgrid] heat 980/1286 elapsed=950s
[fullgrid] heat 985/1286 elapsed=954s
[fullgrid] heat 990/1286 elapsed=958s
[fullgrid] heat 995/1286 elapsed=963s
[fullgrid] heat 1000/1286 elapsed=967s
[fullgrid] heat 1005/1286 elapsed=971s
[fullgrid] heat 1010/1286 elapsed=975s
[fullgrid] heat 1015/1286 elapsed=979s
[fullgrid] heat 1020/1286 elapsed=984s
[fullgrid] heat 1025/1286 elapsed=988s
[fullgrid] heat 1030/1286 elapsed=992s
[fullgrid] heat 1035/1286 elapsed=996s
[fullgrid] heat 1040/1286 elapsed=1001s
[fullgrid] heat 1045/1286 elapsed=1005s
[fullgrid] heat 1050/1286 elapsed=1009s
[fullgrid] heat 1055/1286 elapsed=1013s
[fullgrid] heat 1060/1286 elapsed=1017s
[fullgrid] heat 1065/1286 elapsed=1022s
[fullgrid] heat 1070/1286 elapsed=1026s
[fullgrid] heat 1075/1286 elapsed=1031s
[fullgrid] heat 1080/1286 elapsed=1036s
[fullgrid] heat 1085/1286 elapsed=1040s
[fullgrid] heat 1090/1286 elapsed=1045s
[fullgrid] heat 1095/1286 elapsed=1050s
[fullgrid] heat 1100/1286 elapsed=1054s
[fullgrid] heat 1105/1286 elapsed=1059s
[fullgrid] heat 1110/1286 elapsed=1064s
[fullgrid] heat 1115/1286 elapsed=1068s
[fullgrid] heat 1120/1286 elapsed=1073s
[fullgrid] heat 1125/1286 elapsed=1078s
[fullgrid] heat 1130/1286 elapsed=1082s
[fullgrid] heat 1135/1286 elapsed=1087s
[fullgrid] heat 1140/1286 elapsed=1092s
[fullgrid] heat 1145/1286 elapsed=1096s
[fullgrid] heat 1150/1286 elapsed=1101s
[fullgrid] heat 1155/1286 elapsed=1106s
[fullgrid] heat 1160/1286 elapsed=1110s
[fullgrid] heat 1165/1286 elapsed=1115s
[fullgrid] heat 1170/1286 elapsed=1120s
[fullgrid] heat 1175/1286 elapsed=1125s
[fullgrid] heat 1180/1286 elapsed=1129s
[fullgrid] heat 1185/1286 elapsed=1134s
[fullgrid] heat 1190/1286 elapsed=1139s
[fullgrid] heat 1195/1286 elapsed=1143s
[fullgrid] heat 1200/1286 elapsed=1148s
[fullgrid] heat 1205/1286 elapsed=1153s
[fullgrid] heat 1210/1286 elapsed=1157s
[fullgrid] heat 1215/1286 elapsed=1162s
[fullgrid] heat 1220/1286 elapsed=1167s
[fullgrid] heat 1225/1286 elapsed=1171s
[fullgrid] heat 1230/1286 elapsed=1176s
[fullgrid] heat 1235/1286 elapsed=1181s
[fullgrid] heat 1240/1286 elapsed=1185s
[fullgrid] heat 1245/1286 elapsed=1190s
[fullgrid] heat 1250/1286 elapsed=1195s
[fullgrid] heat 1255/1286 elapsed=1199s
[fullgrid] heat 1260/1286 elapsed=1204s
[fullgrid] heat 1265/1286 elapsed=1209s
[fullgrid] heat 1270/1286 elapsed=1214s
[fullgrid] heat 1275/1286 elapsed=1218s
[fullgrid] heat 1280/1286 elapsed=1223s
[fullgrid] heat 1285/1286 elapsed=1228s
[fullgrid] DONE bloomz-560m-fullgrid-100m-p1200-perchannel-john cells=102,559,744 nonzero=96,732,361 coverage=94.31806%
