/Users/john/fullgrid-venv/lib/python3.9/site-packages/urllib3/__init__.py:35: NotOpenSSLWarning: urllib3 v2 only supports OpenSSL 1.1.1+, currently the 'ssl' module is compiled with 'LibreSSL 2.8.3'. See: https://github.com/urllib3/urllib3/issues/3020
  warnings.warn(
[fullgrid] load tokenizer bigscience/bloomz-3b
[fullgrid] load model bigscience/bloomz-3b device=cpu dtype=float32
`torch_dtype` is deprecated! Use `dtype` instead!
[fullgrid] modules=183 channels=1,100,800 Q=10 S=10 cells=110,080,000
[fullgrid] pass1 calibration probes=256 heat_probes=1286
[fullgrid] calibration 5/256 elapsed=461s
[fullgrid] calibration 10/256 elapsed=462s
[fullgrid] calibration 15/256 elapsed=463s
[fullgrid] calibration 20/256 elapsed=464s
[fullgrid] calibration 25/256 elapsed=465s
[fullgrid] calibration 30/256 elapsed=466s
[fullgrid] calibration 35/256 elapsed=467s
[fullgrid] calibration 40/256 elapsed=469s
[fullgrid] calibration 45/256 elapsed=470s
[fullgrid] calibration 50/256 elapsed=472s
[fullgrid] calibration 55/256 elapsed=473s
[fullgrid] calibration 60/256 elapsed=475s
[fullgrid] calibration 65/256 elapsed=476s
[fullgrid] calibration 70/256 elapsed=477s
[fullgrid] calibration 75/256 elapsed=479s
[fullgrid] calibration 80/256 elapsed=480s
[fullgrid] calibration 85/256 elapsed=482s
[fullgrid] calibration 90/256 elapsed=483s
[fullgrid] calibration 95/256 elapsed=485s
[fullgrid] calibration 100/256 elapsed=486s
[fullgrid] calibration 105/256 elapsed=487s
[fullgrid] calibration 110/256 elapsed=489s
[fullgrid] calibration 115/256 elapsed=490s
[fullgrid] calibration 120/256 elapsed=492s
[fullgrid] calibration 125/256 elapsed=493s
[fullgrid] calibration 130/256 elapsed=495s
[fullgrid] calibration 135/256 elapsed=496s
[fullgrid] calibration 140/256 elapsed=497s
[fullgrid] calibration 145/256 elapsed=499s
[fullgrid] calibration 150/256 elapsed=500s
[fullgrid] calibration 155/256 elapsed=502s
[fullgrid] calibration 160/256 elapsed=503s
[fullgrid] calibration 165/256 elapsed=505s
[fullgrid] calibration 170/256 elapsed=506s
[fullgrid] calibration 175/256 elapsed=507s
[fullgrid] calibration 180/256 elapsed=509s
[fullgrid] calibration 185/256 elapsed=510s
[fullgrid] calibration 190/256 elapsed=512s
[fullgrid] calibration 195/256 elapsed=513s
[fullgrid] calibration 200/256 elapsed=515s
[fullgrid] calibration 205/256 elapsed=516s
[fullgrid] calibration 210/256 elapsed=517s
[fullgrid] calibration 215/256 elapsed=520s
[fullgrid] calibration 220/256 elapsed=523s
[fullgrid] calibration 225/256 elapsed=526s
[fullgrid] calibration 230/256 elapsed=529s
[fullgrid] calibration 235/256 elapsed=532s
[fullgrid] calibration 240/256 elapsed=536s
[fullgrid] calibration 245/256 elapsed=539s
[fullgrid] calibration 250/256 elapsed=542s
[fullgrid] calibration 255/256 elapsed=545s
[fullgrid] pass2 heat fill
[fullgrid] heat 5/1286 elapsed=563s
[fullgrid] heat 10/1286 elapsed=568s
[fullgrid] heat 15/1286 elapsed=572s
[fullgrid] heat 20/1286 elapsed=576s
[fullgrid] heat 25/1286 elapsed=580s
[fullgrid] heat 30/1286 elapsed=585s
[fullgrid] heat 35/1286 elapsed=589s
[fullgrid] heat 40/1286 elapsed=593s
[fullgrid] heat 45/1286 elapsed=598s
[fullgrid] heat 50/1286 elapsed=602s
[fullgrid] heat 55/1286 elapsed=606s
[fullgrid] heat 60/1286 elapsed=611s
[fullgrid] heat 65/1286 elapsed=615s
[fullgrid] heat 70/1286 elapsed=619s
[fullgrid] heat 75/1286 elapsed=624s
[fullgrid] heat 80/1286 elapsed=628s
[fullgrid] heat 85/1286 elapsed=632s
[fullgrid] heat 90/1286 elapsed=637s
[fullgrid] heat 95/1286 elapsed=641s
[fullgrid] heat 100/1286 elapsed=645s
[fullgrid] heat 105/1286 elapsed=650s
[fullgrid] heat 110/1286 elapsed=654s
[fullgrid] heat 115/1286 elapsed=658s
[fullgrid] heat 120/1286 elapsed=663s
[fullgrid] heat 125/1286 elapsed=667s
[fullgrid] heat 130/1286 elapsed=671s
[fullgrid] heat 135/1286 elapsed=676s
[fullgrid] heat 140/1286 elapsed=680s
[fullgrid] heat 145/1286 elapsed=684s
[fullgrid] heat 150/1286 elapsed=688s
[fullgrid] heat 155/1286 elapsed=693s
[fullgrid] heat 160/1286 elapsed=697s
[fullgrid] heat 165/1286 elapsed=701s
[fullgrid] heat 170/1286 elapsed=706s
[fullgrid] heat 175/1286 elapsed=711s
[fullgrid] heat 180/1286 elapsed=716s
[fullgrid] heat 185/1286 elapsed=721s
[fullgrid] heat 190/1286 elapsed=726s
[fullgrid] heat 195/1286 elapsed=731s
[fullgrid] heat 200/1286 elapsed=736s
[fullgrid] heat 205/1286 elapsed=741s
[fullgrid] heat 210/1286 elapsed=746s
[fullgrid] heat 215/1286 elapsed=751s
[fullgrid] heat 220/1286 elapsed=756s
[fullgrid] heat 225/1286 elapsed=761s
[fullgrid] heat 230/1286 elapsed=765s
[fullgrid] heat 235/1286 elapsed=770s
[fullgrid] heat 240/1286 elapsed=775s
[fullgrid] heat 245/1286 elapsed=780s
[fullgrid] heat 250/1286 elapsed=785s
[fullgrid] heat 255/1286 elapsed=790s
[fullgrid] heat 260/1286 elapsed=795s
[fullgrid] heat 265/1286 elapsed=800s
[fullgrid] heat 270/1286 elapsed=805s
[fullgrid] heat 275/1286 elapsed=810s
[fullgrid] heat 280/1286 elapsed=815s
[fullgrid] heat 285/1286 elapsed=820s
[fullgrid] heat 290/1286 elapsed=825s
[fullgrid] heat 295/1286 elapsed=830s
[fullgrid] heat 300/1286 elapsed=835s
[fullgrid] heat 305/1286 elapsed=840s
[fullgrid] heat 310/1286 elapsed=845s
[fullgrid] heat 315/1286 elapsed=850s
[fullgrid] heat 320/1286 elapsed=855s
[fullgrid] heat 325/1286 elapsed=860s
[fullgrid] heat 330/1286 elapsed=865s
[fullgrid] heat 335/1286 elapsed=870s
[fullgrid] heat 340/1286 elapsed=875s
[fullgrid] heat 345/1286 elapsed=880s
[fullgrid] heat 350/1286 elapsed=885s
[fullgrid] heat 355/1286 elapsed=889s
[fullgrid] heat 360/1286 elapsed=894s
[fullgrid] heat 365/1286 elapsed=899s
[fullgrid] heat 370/1286 elapsed=904s
[fullgrid] heat 375/1286 elapsed=909s
[fullgrid] heat 380/1286 elapsed=914s
[fullgrid] heat 385/1286 elapsed=919s
[fullgrid] heat 390/1286 elapsed=924s
[fullgrid] heat 395/1286 elapsed=930s
[fullgrid] heat 400/1286 elapsed=934s
[fullgrid] heat 405/1286 elapsed=939s
[fullgrid] heat 410/1286 elapsed=945s
[fullgrid] heat 415/1286 elapsed=949s
[fullgrid] heat 420/1286 elapsed=954s
[fullgrid] heat 425/1286 elapsed=959s
[fullgrid] heat 430/1286 elapsed=965s
[fullgrid] heat 435/1286 elapsed=970s
[fullgrid] heat 440/1286 elapsed=975s
[fullgrid] heat 445/1286 elapsed=979s
[fullgrid] heat 450/1286 elapsed=985s
[fullgrid] heat 455/1286 elapsed=989s
[fullgrid] heat 460/1286 elapsed=994s
[fullgrid] heat 465/1286 elapsed=999s
[fullgrid] heat 470/1286 elapsed=1004s
[fullgrid] heat 475/1286 elapsed=1010s
[fullgrid] heat 480/1286 elapsed=1015s
[fullgrid] heat 485/1286 elapsed=1020s
[fullgrid] heat 490/1286 elapsed=1025s
[fullgrid] heat 495/1286 elapsed=1030s
[fullgrid] heat 500/1286 elapsed=1035s
[fullgrid] heat 505/1286 elapsed=1040s
[fullgrid] heat 510/1286 elapsed=1045s
[fullgrid] heat 515/1286 elapsed=1050s
[fullgrid] heat 520/1286 elapsed=1055s
[fullgrid] heat 525/1286 elapsed=1060s
[fullgrid] heat 530/1286 elapsed=1065s
[fullgrid] heat 535/1286 elapsed=1070s
[fullgrid] heat 540/1286 elapsed=1075s
[fullgrid] heat 545/1286 elapsed=1080s
[fullgrid] heat 550/1286 elapsed=1085s
[fullgrid] heat 555/1286 elapsed=1090s
[fullgrid] heat 560/1286 elapsed=1095s
[fullgrid] heat 565/1286 elapsed=1100s
[fullgrid] heat 570/1286 elapsed=1105s
[fullgrid] heat 575/1286 elapsed=1110s
[fullgrid] heat 580/1286 elapsed=1115s
[fullgrid] heat 585/1286 elapsed=1120s
[fullgrid] heat 590/1286 elapsed=1125s
[fullgrid] heat 595/1286 elapsed=1131s
[fullgrid] heat 600/1286 elapsed=1136s
[fullgrid] heat 605/1286 elapsed=1141s
[fullgrid] heat 610/1286 elapsed=1146s
[fullgrid] heat 615/1286 elapsed=1151s
[fullgrid] heat 620/1286 elapsed=1156s
[fullgrid] heat 625/1286 elapsed=1161s
[fullgrid] heat 630/1286 elapsed=1166s
[fullgrid] heat 635/1286 elapsed=1171s
[fullgrid] heat 640/1286 elapsed=1176s
[fullgrid] heat 645/1286 elapsed=1181s
[fullgrid] heat 650/1286 elapsed=1186s
[fullgrid] heat 655/1286 elapsed=1191s
[fullgrid] heat 660/1286 elapsed=1196s
[fullgrid] heat 665/1286 elapsed=1201s
[fullgrid] heat 670/1286 elapsed=1206s
[fullgrid] heat 675/1286 elapsed=1211s
[fullgrid] heat 680/1286 elapsed=1216s
[fullgrid] heat 685/1286 elapsed=1221s
[fullgrid] heat 690/1286 elapsed=1226s
[fullgrid] heat 695/1286 elapsed=1231s
[fullgrid] heat 700/1286 elapsed=1236s
[fullgrid] heat 705/1286 elapsed=1241s
[fullgrid] heat 710/1286 elapsed=1246s
[fullgrid] heat 715/1286 elapsed=1251s
[fullgrid] heat 720/1286 elapsed=1256s
[fullgrid] heat 725/1286 elapsed=1261s
[fullgrid] heat 730/1286 elapsed=1267s
[fullgrid] heat 735/1286 elapsed=1272s
[fullgrid] heat 740/1286 elapsed=1277s
[fullgrid] heat 745/1286 elapsed=1282s
[fullgrid] heat 750/1286 elapsed=1287s
[fullgrid] heat 755/1286 elapsed=1292s
[fullgrid] heat 760/1286 elapsed=1297s
[fullgrid] heat 765/1286 elapsed=1302s
[fullgrid] heat 770/1286 elapsed=1307s
[fullgrid] heat 775/1286 elapsed=1312s
[fullgrid] heat 780/1286 elapsed=1317s
[fullgrid] heat 785/1286 elapsed=1322s
[fullgrid] heat 790/1286 elapsed=1327s
[fullgrid] heat 795/1286 elapsed=1332s
[fullgrid] heat 800/1286 elapsed=1337s
[fullgrid] heat 805/1286 elapsed=1342s
[fullgrid] heat 810/1286 elapsed=1347s
[fullgrid] heat 815/1286 elapsed=1352s
[fullgrid] heat 820/1286 elapsed=1357s
[fullgrid] heat 825/1286 elapsed=1362s
[fullgrid] heat 830/1286 elapsed=1367s
[fullgrid] heat 835/1286 elapsed=1372s
[fullgrid] heat 840/1286 elapsed=1377s
[fullgrid] heat 845/1286 elapsed=1382s
[fullgrid] heat 850/1286 elapsed=1387s
[fullgrid] heat 855/1286 elapsed=1392s
[fullgrid] heat 860/1286 elapsed=1397s
[fullgrid] heat 865/1286 elapsed=1403s
[fullgrid] heat 870/1286 elapsed=1408s
[fullgrid] heat 875/1286 elapsed=1413s
[fullgrid] heat 880/1286 elapsed=1418s
[fullgrid] heat 885/1286 elapsed=1423s
[fullgrid] heat 890/1286 elapsed=1428s
[fullgrid] heat 895/1286 elapsed=1433s
[fullgrid] heat 900/1286 elapsed=1438s
[fullgrid] heat 905/1286 elapsed=1443s
[fullgrid] heat 910/1286 elapsed=1448s
[fullgrid] heat 915/1286 elapsed=1453s
[fullgrid] heat 920/1286 elapsed=1458s
[fullgrid] heat 925/1286 elapsed=1463s
[fullgrid] heat 930/1286 elapsed=1468s
[fullgrid] heat 935/1286 elapsed=1473s
[fullgrid] heat 940/1286 elapsed=1478s
[fullgrid] heat 945/1286 elapsed=1483s
[fullgrid] heat 950/1286 elapsed=1488s
[fullgrid] heat 955/1286 elapsed=1493s
[fullgrid] heat 960/1286 elapsed=1498s
[fullgrid] heat 965/1286 elapsed=1503s
[fullgrid] heat 970/1286 elapsed=1509s
[fullgrid] heat 975/1286 elapsed=1513s
[fullgrid] heat 980/1286 elapsed=1519s
[fullgrid] heat 985/1286 elapsed=1524s
[fullgrid] heat 990/1286 elapsed=1529s
[fullgrid] heat 995/1286 elapsed=1534s
[fullgrid] heat 1000/1286 elapsed=1539s
[fullgrid] heat 1005/1286 elapsed=1544s
[fullgrid] heat 1010/1286 elapsed=1549s
[fullgrid] heat 1015/1286 elapsed=1554s
[fullgrid] heat 1020/1286 elapsed=1559s
[fullgrid] heat 1025/1286 elapsed=1564s
[fullgrid] heat 1030/1286 elapsed=1569s
[fullgrid] heat 1035/1286 elapsed=1574s
[fullgrid] heat 1040/1286 elapsed=1579s
[fullgrid] heat 1045/1286 elapsed=1584s
[fullgrid] heat 1050/1286 elapsed=1589s
[fullgrid] heat 1055/1286 elapsed=1594s
[fullgrid] heat 1060/1286 elapsed=1599s
[fullgrid] heat 1065/1286 elapsed=1604s
[fullgrid] heat 1070/1286 elapsed=1611s
[fullgrid] heat 1075/1286 elapsed=1618s
[fullgrid] heat 1080/1286 elapsed=1624s
[fullgrid] heat 1085/1286 elapsed=1631s
[fullgrid] heat 1090/1286 elapsed=1638s
[fullgrid] heat 1095/1286 elapsed=1645s
[fullgrid] heat 1100/1286 elapsed=1652s
[fullgrid] heat 1105/1286 elapsed=1658s
[fullgrid] heat 1110/1286 elapsed=1665s
[fullgrid] heat 1115/1286 elapsed=1672s
[fullgrid] heat 1120/1286 elapsed=1679s
[fullgrid] heat 1125/1286 elapsed=1686s
[fullgrid] heat 1130/1286 elapsed=1693s
[fullgrid] heat 1135/1286 elapsed=1700s
[fullgrid] heat 1140/1286 elapsed=1706s
[fullgrid] heat 1145/1286 elapsed=1713s
[fullgrid] heat 1150/1286 elapsed=1720s
[fullgrid] heat 1155/1286 elapsed=1727s
[fullgrid] heat 1160/1286 elapsed=1734s
[fullgrid] heat 1165/1286 elapsed=1740s
[fullgrid] heat 1170/1286 elapsed=1747s
[fullgrid] heat 1175/1286 elapsed=1754s
[fullgrid] heat 1180/1286 elapsed=1761s
[fullgrid] heat 1185/1286 elapsed=1768s
[fullgrid] heat 1190/1286 elapsed=1775s
[fullgrid] heat 1195/1286 elapsed=1781s
[fullgrid] heat 1200/1286 elapsed=1788s
[fullgrid] heat 1205/1286 elapsed=1795s
[fullgrid] heat 1210/1286 elapsed=1802s
[fullgrid] heat 1215/1286 elapsed=1809s
[fullgrid] heat 1220/1286 elapsed=1816s
[fullgrid] heat 1225/1286 elapsed=1823s
[fullgrid] heat 1230/1286 elapsed=1829s
[fullgrid] heat 1235/1286 elapsed=1836s
[fullgrid] heat 1240/1286 elapsed=1843s
[fullgrid] heat 1245/1286 elapsed=1850s
[fullgrid] heat 1250/1286 elapsed=1857s
[fullgrid] heat 1255/1286 elapsed=1864s
[fullgrid] heat 1260/1286 elapsed=1870s
[fullgrid] heat 1265/1286 elapsed=1877s
[fullgrid] heat 1270/1286 elapsed=1884s
[fullgrid] heat 1275/1286 elapsed=1891s
[fullgrid] heat 1280/1286 elapsed=1898s
[fullgrid] heat 1285/1286 elapsed=1905s
[fullgrid] DONE bloomz-3b-fullgrid-100m-p1200-perchannel-john cells=110,080,000 nonzero=103,673,350 coverage=94.180005%
