/Users/john/fullgrid-venv/lib/python3.9/site-packages/urllib3/__init__.py:35: NotOpenSSLWarning: urllib3 v2 only supports OpenSSL 1.1.1+, currently the 'ssl' module is compiled with 'LibreSSL 2.8.3'. See: https://github.com/urllib3/urllib3/issues/3020
  warnings.warn(
[fullgrid] load tokenizer bigscience/bloomz-1b1
[fullgrid] load model bigscience/bloomz-1b1 device=cpu dtype=float32
`torch_dtype` is deprecated! Use `dtype` instead!
[fullgrid] modules=147 channels=659,456 Q=12 S=13 cells=102,875,136
[fullgrid] pass1 calibration probes=256 heat_probes=1286
[fullgrid] calibration 5/256 elapsed=169s
[fullgrid] calibration 10/256 elapsed=169s
[fullgrid] calibration 15/256 elapsed=170s
[fullgrid] calibration 20/256 elapsed=170s
[fullgrid] calibration 25/256 elapsed=171s
[fullgrid] calibration 30/256 elapsed=171s
[fullgrid] calibration 35/256 elapsed=172s
[fullgrid] calibration 40/256 elapsed=172s
[fullgrid] calibration 45/256 elapsed=173s
[fullgrid] calibration 50/256 elapsed=173s
[fullgrid] calibration 55/256 elapsed=174s
[fullgrid] calibration 60/256 elapsed=175s
[fullgrid] calibration 65/256 elapsed=175s
[fullgrid] calibration 70/256 elapsed=176s
[fullgrid] calibration 75/256 elapsed=176s
[fullgrid] calibration 80/256 elapsed=177s
[fullgrid] calibration 85/256 elapsed=177s
[fullgrid] calibration 90/256 elapsed=178s
[fullgrid] calibration 95/256 elapsed=178s
[fullgrid] calibration 100/256 elapsed=179s
[fullgrid] calibration 105/256 elapsed=179s
[fullgrid] calibration 110/256 elapsed=180s
[fullgrid] calibration 115/256 elapsed=181s
[fullgrid] calibration 120/256 elapsed=181s
[fullgrid] calibration 125/256 elapsed=182s
[fullgrid] calibration 130/256 elapsed=182s
[fullgrid] calibration 135/256 elapsed=183s
[fullgrid] calibration 140/256 elapsed=183s
[fullgrid] calibration 145/256 elapsed=184s
[fullgrid] calibration 150/256 elapsed=184s
[fullgrid] calibration 155/256 elapsed=185s
[fullgrid] calibration 160/256 elapsed=186s
[fullgrid] calibration 165/256 elapsed=186s
[fullgrid] calibration 170/256 elapsed=187s
[fullgrid] calibration 175/256 elapsed=187s
[fullgrid] calibration 180/256 elapsed=188s
[fullgrid] calibration 185/256 elapsed=188s
[fullgrid] calibration 190/256 elapsed=189s
[fullgrid] calibration 195/256 elapsed=189s
[fullgrid] calibration 200/256 elapsed=190s
[fullgrid] calibration 205/256 elapsed=190s
[fullgrid] calibration 210/256 elapsed=191s
[fullgrid] calibration 215/256 elapsed=192s
[fullgrid] calibration 220/256 elapsed=193s
[fullgrid] calibration 225/256 elapsed=195s
[fullgrid] calibration 230/256 elapsed=196s
[fullgrid] calibration 235/256 elapsed=197s
[fullgrid] calibration 240/256 elapsed=198s
[fullgrid] calibration 245/256 elapsed=200s
[fullgrid] calibration 250/256 elapsed=201s
[fullgrid] calibration 255/256 elapsed=202s
[fullgrid] pass2 heat fill
[fullgrid] heat 5/1286 elapsed=214s
[fullgrid] heat 10/1286 elapsed=219s
[fullgrid] heat 15/1286 elapsed=223s
[fullgrid] heat 20/1286 elapsed=227s
[fullgrid] heat 25/1286 elapsed=232s
[fullgrid] heat 30/1286 elapsed=236s
[fullgrid] heat 35/1286 elapsed=240s
[fullgrid] heat 40/1286 elapsed=244s
[fullgrid] heat 45/1286 elapsed=249s
[fullgrid] heat 50/1286 elapsed=253s
[fullgrid] heat 55/1286 elapsed=257s
[fullgrid] heat 60/1286 elapsed=262s
[fullgrid] heat 65/1286 elapsed=266s
[fullgrid] heat 70/1286 elapsed=270s
[fullgrid] heat 75/1286 elapsed=274s
[fullgrid] heat 80/1286 elapsed=279s
[fullgrid] heat 85/1286 elapsed=283s
[fullgrid] heat 90/1286 elapsed=287s
[fullgrid] heat 95/1286 elapsed=291s
[fullgrid] heat 100/1286 elapsed=296s
[fullgrid] heat 105/1286 elapsed=300s
[fullgrid] heat 110/1286 elapsed=304s
[fullgrid] heat 115/1286 elapsed=309s
[fullgrid] heat 120/1286 elapsed=313s
[fullgrid] heat 125/1286 elapsed=317s
[fullgrid] heat 130/1286 elapsed=322s
[fullgrid] heat 135/1286 elapsed=326s
[fullgrid] heat 140/1286 elapsed=330s
[fullgrid] heat 145/1286 elapsed=334s
[fullgrid] heat 150/1286 elapsed=339s
[fullgrid] heat 155/1286 elapsed=343s
[fullgrid] heat 160/1286 elapsed=347s
[fullgrid] heat 165/1286 elapsed=352s
[fullgrid] heat 170/1286 elapsed=356s
[fullgrid] heat 175/1286 elapsed=360s
[fullgrid] heat 180/1286 elapsed=365s
[fullgrid] heat 185/1286 elapsed=369s
[fullgrid] heat 190/1286 elapsed=374s
[fullgrid] heat 195/1286 elapsed=378s
[fullgrid] heat 200/1286 elapsed=382s
[fullgrid] heat 205/1286 elapsed=387s
[fullgrid] heat 210/1286 elapsed=391s
[fullgrid] heat 215/1286 elapsed=396s
[fullgrid] heat 220/1286 elapsed=400s
[fullgrid] heat 225/1286 elapsed=404s
[fullgrid] heat 230/1286 elapsed=409s
[fullgrid] heat 235/1286 elapsed=413s
[fullgrid] heat 240/1286 elapsed=418s
[fullgrid] heat 245/1286 elapsed=422s
[fullgrid] heat 250/1286 elapsed=426s
[fullgrid] heat 255/1286 elapsed=431s
[fullgrid] heat 260/1286 elapsed=435s
[fullgrid] heat 265/1286 elapsed=440s
[fullgrid] heat 270/1286 elapsed=444s
[fullgrid] heat 275/1286 elapsed=449s
[fullgrid] heat 280/1286 elapsed=453s
[fullgrid] heat 285/1286 elapsed=457s
[fullgrid] heat 290/1286 elapsed=462s
[fullgrid] heat 295/1286 elapsed=466s
[fullgrid] heat 300/1286 elapsed=471s
[fullgrid] heat 305/1286 elapsed=475s
[fullgrid] heat 310/1286 elapsed=479s
[fullgrid] heat 315/1286 elapsed=484s
[fullgrid] heat 320/1286 elapsed=488s
[fullgrid] heat 325/1286 elapsed=493s
[fullgrid] heat 330/1286 elapsed=497s
[fullgrid] heat 335/1286 elapsed=501s
[fullgrid] heat 340/1286 elapsed=506s
[fullgrid] heat 345/1286 elapsed=510s
[fullgrid] heat 350/1286 elapsed=515s
[fullgrid] heat 355/1286 elapsed=519s
[fullgrid] heat 360/1286 elapsed=524s
[fullgrid] heat 365/1286 elapsed=528s
[fullgrid] heat 370/1286 elapsed=532s
[fullgrid] heat 375/1286 elapsed=537s
[fullgrid] heat 380/1286 elapsed=541s
[fullgrid] heat 385/1286 elapsed=546s
[fullgrid] heat 390/1286 elapsed=550s
[fullgrid] heat 395/1286 elapsed=554s
[fullgrid] heat 400/1286 elapsed=559s
[fullgrid] heat 405/1286 elapsed=563s
[fullgrid] heat 410/1286 elapsed=568s
[fullgrid] heat 415/1286 elapsed=572s
[fullgrid] heat 420/1286 elapsed=576s
[fullgrid] heat 425/1286 elapsed=581s
[fullgrid] heat 430/1286 elapsed=585s
[fullgrid] heat 435/1286 elapsed=590s
[fullgrid] heat 440/1286 elapsed=594s
[fullgrid] heat 445/1286 elapsed=599s
[fullgrid] heat 450/1286 elapsed=603s
[fullgrid] heat 455/1286 elapsed=607s
[fullgrid] heat 460/1286 elapsed=612s
[fullgrid] heat 465/1286 elapsed=616s
[fullgrid] heat 470/1286 elapsed=621s
[fullgrid] heat 475/1286 elapsed=625s
[fullgrid] heat 480/1286 elapsed=629s
[fullgrid] heat 485/1286 elapsed=634s
[fullgrid] heat 490/1286 elapsed=638s
[fullgrid] heat 495/1286 elapsed=643s
[fullgrid] heat 500/1286 elapsed=647s
[fullgrid] heat 505/1286 elapsed=651s
[fullgrid] heat 510/1286 elapsed=656s
[fullgrid] heat 515/1286 elapsed=660s
[fullgrid] heat 520/1286 elapsed=665s
[fullgrid] heat 525/1286 elapsed=669s
[fullgrid] heat 530/1286 elapsed=673s
[fullgrid] heat 535/1286 elapsed=678s
[fullgrid] heat 540/1286 elapsed=682s
[fullgrid] heat 545/1286 elapsed=687s
[fullgrid] heat 550/1286 elapsed=691s
[fullgrid] heat 555/1286 elapsed=696s
[fullgrid] heat 560/1286 elapsed=700s
[fullgrid] heat 565/1286 elapsed=704s
[fullgrid] heat 570/1286 elapsed=709s
[fullgrid] heat 575/1286 elapsed=713s
[fullgrid] heat 580/1286 elapsed=718s
[fullgrid] heat 585/1286 elapsed=722s
[fullgrid] heat 590/1286 elapsed=726s
[fullgrid] heat 595/1286 elapsed=731s
[fullgrid] heat 600/1286 elapsed=735s
[fullgrid] heat 605/1286 elapsed=740s
[fullgrid] heat 610/1286 elapsed=744s
[fullgrid] heat 615/1286 elapsed=748s
[fullgrid] heat 620/1286 elapsed=753s
[fullgrid] heat 625/1286 elapsed=757s
[fullgrid] heat 630/1286 elapsed=762s
[fullgrid] heat 635/1286 elapsed=766s
[fullgrid] heat 640/1286 elapsed=771s
[fullgrid] heat 645/1286 elapsed=775s
[fullgrid] heat 650/1286 elapsed=779s
[fullgrid] heat 655/1286 elapsed=784s
[fullgrid] heat 660/1286 elapsed=788s
[fullgrid] heat 665/1286 elapsed=793s
[fullgrid] heat 670/1286 elapsed=797s
[fullgrid] heat 675/1286 elapsed=801s
[fullgrid] heat 680/1286 elapsed=806s
[fullgrid] heat 685/1286 elapsed=810s
[fullgrid] heat 690/1286 elapsed=815s
[fullgrid] heat 695/1286 elapsed=819s
[fullgrid] heat 700/1286 elapsed=823s
[fullgrid] heat 705/1286 elapsed=828s
[fullgrid] heat 710/1286 elapsed=832s
[fullgrid] heat 715/1286 elapsed=837s
[fullgrid] heat 720/1286 elapsed=841s
[fullgrid] heat 725/1286 elapsed=845s
[fullgrid] heat 730/1286 elapsed=850s
[fullgrid] heat 735/1286 elapsed=854s
[fullgrid] heat 740/1286 elapsed=859s
[fullgrid] heat 745/1286 elapsed=863s
[fullgrid] heat 750/1286 elapsed=867s
[fullgrid] heat 755/1286 elapsed=872s
[fullgrid] heat 760/1286 elapsed=876s
[fullgrid] heat 765/1286 elapsed=881s
[fullgrid] heat 770/1286 elapsed=885s
[fullgrid] heat 775/1286 elapsed=889s
[fullgrid] heat 780/1286 elapsed=894s
[fullgrid] heat 785/1286 elapsed=898s
[fullgrid] heat 790/1286 elapsed=903s
[fullgrid] heat 795/1286 elapsed=907s
[fullgrid] heat 800/1286 elapsed=911s
[fullgrid] heat 805/1286 elapsed=916s
[fullgrid] heat 810/1286 elapsed=920s
[fullgrid] heat 815/1286 elapsed=925s
[fullgrid] heat 820/1286 elapsed=929s
[fullgrid] heat 825/1286 elapsed=933s
[fullgrid] heat 830/1286 elapsed=938s
[fullgrid] heat 835/1286 elapsed=942s
[fullgrid] heat 840/1286 elapsed=947s
[fullgrid] heat 845/1286 elapsed=951s
[fullgrid] heat 850/1286 elapsed=956s
[fullgrid] heat 855/1286 elapsed=960s
[fullgrid] heat 860/1286 elapsed=964s
[fullgrid] heat 865/1286 elapsed=969s
[fullgrid] heat 870/1286 elapsed=973s
[fullgrid] heat 875/1286 elapsed=978s
[fullgrid] heat 880/1286 elapsed=982s
[fullgrid] heat 885/1286 elapsed=986s
[fullgrid] heat 890/1286 elapsed=991s
[fullgrid] heat 895/1286 elapsed=995s
[fullgrid] heat 900/1286 elapsed=1000s
[fullgrid] heat 905/1286 elapsed=1004s
[fullgrid] heat 910/1286 elapsed=1008s
[fullgrid] heat 915/1286 elapsed=1013s
[fullgrid] heat 920/1286 elapsed=1017s
[fullgrid] heat 925/1286 elapsed=1022s
[fullgrid] heat 930/1286 elapsed=1026s
[fullgrid] heat 935/1286 elapsed=1031s
[fullgrid] heat 940/1286 elapsed=1035s
[fullgrid] heat 945/1286 elapsed=1039s
[fullgrid] heat 950/1286 elapsed=1044s
[fullgrid] heat 955/1286 elapsed=1048s
[fullgrid] heat 960/1286 elapsed=1053s
[fullgrid] heat 965/1286 elapsed=1057s
[fullgrid] heat 970/1286 elapsed=1061s
[fullgrid] heat 975/1286 elapsed=1066s
[fullgrid] heat 980/1286 elapsed=1070s
[fullgrid] heat 985/1286 elapsed=1075s
[fullgrid] heat 990/1286 elapsed=1079s
[fullgrid] heat 995/1286 elapsed=1084s
[fullgrid] heat 1000/1286 elapsed=1088s
[fullgrid] heat 1005/1286 elapsed=1092s
[fullgrid] heat 1010/1286 elapsed=1097s
[fullgrid] heat 1015/1286 elapsed=1101s
[fullgrid] heat 1020/1286 elapsed=1106s
[fullgrid] heat 1025/1286 elapsed=1110s
[fullgrid] heat 1030/1286 elapsed=1114s
[fullgrid] heat 1035/1286 elapsed=1119s
[fullgrid] heat 1040/1286 elapsed=1123s
[fullgrid] heat 1045/1286 elapsed=1128s
[fullgrid] heat 1050/1286 elapsed=1132s
[fullgrid] heat 1055/1286 elapsed=1136s
[fullgrid] heat 1060/1286 elapsed=1141s
[fullgrid] heat 1065/1286 elapsed=1145s
[fullgrid] heat 1070/1286 elapsed=1150s
[fullgrid] heat 1075/1286 elapsed=1156s
[fullgrid] heat 1080/1286 elapsed=1161s
[fullgrid] heat 1085/1286 elapsed=1166s
[fullgrid] heat 1090/1286 elapsed=1171s
[fullgrid] heat 1095/1286 elapsed=1177s
[fullgrid] heat 1100/1286 elapsed=1182s
[fullgrid] heat 1105/1286 elapsed=1187s
[fullgrid] heat 1110/1286 elapsed=1192s
[fullgrid] heat 1115/1286 elapsed=1198s
[fullgrid] heat 1120/1286 elapsed=1203s
[fullgrid] heat 1125/1286 elapsed=1208s
[fullgrid] heat 1130/1286 elapsed=1213s
[fullgrid] heat 1135/1286 elapsed=1219s
[fullgrid] heat 1140/1286 elapsed=1224s
[fullgrid] heat 1145/1286 elapsed=1229s
[fullgrid] heat 1150/1286 elapsed=1234s
[fullgrid] heat 1155/1286 elapsed=1240s
[fullgrid] heat 1160/1286 elapsed=1245s
[fullgrid] heat 1165/1286 elapsed=1250s
[fullgrid] heat 1170/1286 elapsed=1255s
[fullgrid] heat 1175/1286 elapsed=1261s
[fullgrid] heat 1180/1286 elapsed=1266s
[fullgrid] heat 1185/1286 elapsed=1271s
[fullgrid] heat 1190/1286 elapsed=1276s
[fullgrid] heat 1195/1286 elapsed=1282s
[fullgrid] heat 1200/1286 elapsed=1287s
[fullgrid] heat 1205/1286 elapsed=1292s
[fullgrid] heat 1210/1286 elapsed=1297s
[fullgrid] heat 1215/1286 elapsed=1303s
[fullgrid] heat 1220/1286 elapsed=1308s
[fullgrid] heat 1225/1286 elapsed=1313s
[fullgrid] heat 1230/1286 elapsed=1318s
[fullgrid] heat 1235/1286 elapsed=1324s
[fullgrid] heat 1240/1286 elapsed=1329s
[fullgrid] heat 1245/1286 elapsed=1334s
[fullgrid] heat 1250/1286 elapsed=1339s
[fullgrid] heat 1255/1286 elapsed=1345s
[fullgrid] heat 1260/1286 elapsed=1350s
[fullgrid] heat 1265/1286 elapsed=1355s
[fullgrid] heat 1270/1286 elapsed=1360s
[fullgrid] heat 1275/1286 elapsed=1366s
[fullgrid] heat 1280/1286 elapsed=1371s
[fullgrid] heat 1285/1286 elapsed=1376s
[fullgrid] DONE bloomz-1b1-fullgrid-100m-p1200-perchannel-john cells=102,875,136 nonzero=98,601,333 coverage=95.84564%
