/Users/john/fullgrid-venv/lib/python3.9/site-packages/urllib3/__init__.py:35: NotOpenSSLWarning: urllib3 v2 only supports OpenSSL 1.1.1+, currently the 'ssl' module is compiled with 'LibreSSL 2.8.3'. See: https://github.com/urllib3/urllib3/issues/3020
  warnings.warn(
[fullgrid] load tokenizer bigscience/bloom-3b
[fullgrid] load model bigscience/bloom-3b device=cpu dtype=float32
`torch_dtype` is deprecated! Use `dtype` instead!
[fullgrid] modules=183 channels=1,100,800 Q=10 S=10 cells=110,080,000
[fullgrid] pass1 calibration probes=256 heat_probes=1286
[fullgrid] calibration 5/256 elapsed=506s
[fullgrid] calibration 10/256 elapsed=507s
[fullgrid] calibration 15/256 elapsed=508s
[fullgrid] calibration 20/256 elapsed=509s
[fullgrid] calibration 25/256 elapsed=510s
[fullgrid] calibration 30/256 elapsed=511s
[fullgrid] calibration 35/256 elapsed=513s
[fullgrid] calibration 40/256 elapsed=514s
[fullgrid] calibration 45/256 elapsed=515s
[fullgrid] calibration 50/256 elapsed=517s
[fullgrid] calibration 55/256 elapsed=518s
[fullgrid] calibration 60/256 elapsed=520s
[fullgrid] calibration 65/256 elapsed=521s
[fullgrid] calibration 70/256 elapsed=522s
[fullgrid] calibration 75/256 elapsed=524s
[fullgrid] calibration 80/256 elapsed=525s
[fullgrid] calibration 85/256 elapsed=527s
[fullgrid] calibration 90/256 elapsed=528s
[fullgrid] calibration 95/256 elapsed=530s
[fullgrid] calibration 100/256 elapsed=531s
[fullgrid] calibration 105/256 elapsed=532s
[fullgrid] calibration 110/256 elapsed=534s
[fullgrid] calibration 115/256 elapsed=535s
[fullgrid] calibration 120/256 elapsed=537s
[fullgrid] calibration 125/256 elapsed=538s
[fullgrid] calibration 130/256 elapsed=539s
[fullgrid] calibration 135/256 elapsed=541s
[fullgrid] calibration 140/256 elapsed=542s
[fullgrid] calibration 145/256 elapsed=544s
[fullgrid] calibration 150/256 elapsed=545s
[fullgrid] calibration 155/256 elapsed=546s
[fullgrid] calibration 160/256 elapsed=548s
[fullgrid] calibration 165/256 elapsed=549s
[fullgrid] calibration 170/256 elapsed=551s
[fullgrid] calibration 175/256 elapsed=552s
[fullgrid] calibration 180/256 elapsed=553s
[fullgrid] calibration 185/256 elapsed=555s
[fullgrid] calibration 190/256 elapsed=556s
[fullgrid] calibration 195/256 elapsed=558s
[fullgrid] calibration 200/256 elapsed=559s
[fullgrid] calibration 205/256 elapsed=560s
[fullgrid] calibration 210/256 elapsed=562s
[fullgrid] calibration 215/256 elapsed=564s
[fullgrid] calibration 220/256 elapsed=567s
[fullgrid] calibration 225/256 elapsed=571s
[fullgrid] calibration 230/256 elapsed=574s
[fullgrid] calibration 235/256 elapsed=577s
[fullgrid] calibration 240/256 elapsed=580s
[fullgrid] calibration 245/256 elapsed=583s
[fullgrid] calibration 250/256 elapsed=586s
[fullgrid] calibration 255/256 elapsed=590s
[fullgrid] pass2 heat fill
[fullgrid] heat 5/1286 elapsed=608s
[fullgrid] heat 10/1286 elapsed=613s
[fullgrid] heat 15/1286 elapsed=617s
[fullgrid] heat 20/1286 elapsed=622s
[fullgrid] heat 25/1286 elapsed=627s
[fullgrid] heat 30/1286 elapsed=631s
[fullgrid] heat 35/1286 elapsed=636s
[fullgrid] heat 40/1286 elapsed=641s
[fullgrid] heat 45/1286 elapsed=646s
[fullgrid] heat 50/1286 elapsed=650s
[fullgrid] heat 55/1286 elapsed=655s
[fullgrid] heat 60/1286 elapsed=659s
[fullgrid] heat 65/1286 elapsed=664s
[fullgrid] heat 70/1286 elapsed=669s
[fullgrid] heat 75/1286 elapsed=673s
[fullgrid] heat 80/1286 elapsed=678s
[fullgrid] heat 85/1286 elapsed=683s
[fullgrid] heat 90/1286 elapsed=687s
[fullgrid] heat 95/1286 elapsed=692s
[fullgrid] heat 100/1286 elapsed=697s
[fullgrid] heat 105/1286 elapsed=701s
[fullgrid] heat 110/1286 elapsed=706s
[fullgrid] heat 115/1286 elapsed=711s
[fullgrid] heat 120/1286 elapsed=715s
[fullgrid] heat 125/1286 elapsed=720s
[fullgrid] heat 130/1286 elapsed=725s
[fullgrid] heat 135/1286 elapsed=729s
[fullgrid] heat 140/1286 elapsed=734s
[fullgrid] heat 145/1286 elapsed=739s
[fullgrid] heat 150/1286 elapsed=743s
[fullgrid] heat 155/1286 elapsed=748s
[fullgrid] heat 160/1286 elapsed=753s
[fullgrid] heat 165/1286 elapsed=757s
[fullgrid] heat 170/1286 elapsed=762s
[fullgrid] heat 175/1286 elapsed=767s
[fullgrid] heat 180/1286 elapsed=773s
[fullgrid] heat 185/1286 elapsed=778s
[fullgrid] heat 190/1286 elapsed=783s
[fullgrid] heat 195/1286 elapsed=788s
[fullgrid] heat 200/1286 elapsed=793s
[fullgrid] heat 205/1286 elapsed=799s
[fullgrid] heat 210/1286 elapsed=804s
[fullgrid] heat 215/1286 elapsed=809s
[fullgrid] heat 220/1286 elapsed=814s
[fullgrid] heat 225/1286 elapsed=819s
[fullgrid] heat 230/1286 elapsed=824s
[fullgrid] heat 235/1286 elapsed=830s
[fullgrid] heat 240/1286 elapsed=835s
[fullgrid] heat 245/1286 elapsed=840s
[fullgrid] heat 250/1286 elapsed=845s
[fullgrid] heat 255/1286 elapsed=850s
[fullgrid] heat 260/1286 elapsed=855s
[fullgrid] heat 265/1286 elapsed=861s
[fullgrid] heat 270/1286 elapsed=866s
[fullgrid] heat 275/1286 elapsed=871s
[fullgrid] heat 280/1286 elapsed=876s
[fullgrid] heat 285/1286 elapsed=881s
[fullgrid] heat 290/1286 elapsed=886s
[fullgrid] heat 295/1286 elapsed=892s
[fullgrid] heat 300/1286 elapsed=897s
[fullgrid] heat 305/1286 elapsed=902s
[fullgrid] heat 310/1286 elapsed=907s
[fullgrid] heat 315/1286 elapsed=912s
[fullgrid] heat 320/1286 elapsed=918s
[fullgrid] heat 325/1286 elapsed=923s
[fullgrid] heat 330/1286 elapsed=928s
[fullgrid] heat 335/1286 elapsed=933s
[fullgrid] heat 340/1286 elapsed=938s
[fullgrid] heat 345/1286 elapsed=943s
[fullgrid] heat 350/1286 elapsed=949s
[fullgrid] heat 355/1286 elapsed=954s
[fullgrid] heat 360/1286 elapsed=959s
[fullgrid] heat 365/1286 elapsed=964s
[fullgrid] heat 370/1286 elapsed=970s
[fullgrid] heat 375/1286 elapsed=975s
[fullgrid] heat 380/1286 elapsed=980s
[fullgrid] heat 385/1286 elapsed=985s
[fullgrid] heat 390/1286 elapsed=990s
[fullgrid] heat 395/1286 elapsed=995s
[fullgrid] heat 400/1286 elapsed=1000s
[fullgrid] heat 405/1286 elapsed=1006s
[fullgrid] heat 410/1286 elapsed=1011s
[fullgrid] heat 415/1286 elapsed=1016s
[fullgrid] heat 420/1286 elapsed=1021s
[fullgrid] heat 425/1286 elapsed=1026s
[fullgrid] heat 430/1286 elapsed=1031s
[fullgrid] heat 435/1286 elapsed=1037s
[fullgrid] heat 440/1286 elapsed=1042s
[fullgrid] heat 445/1286 elapsed=1047s
[fullgrid] heat 450/1286 elapsed=1052s
[fullgrid] heat 455/1286 elapsed=1057s
[fullgrid] heat 460/1286 elapsed=1063s
[fullgrid] heat 465/1286 elapsed=1068s
[fullgrid] heat 470/1286 elapsed=1073s
[fullgrid] heat 475/1286 elapsed=1078s
[fullgrid] heat 480/1286 elapsed=1083s
[fullgrid] heat 485/1286 elapsed=1089s
[fullgrid] heat 490/1286 elapsed=1094s
[fullgrid] heat 495/1286 elapsed=1099s
[fullgrid] heat 500/1286 elapsed=1104s
[fullgrid] heat 505/1286 elapsed=1109s
[fullgrid] heat 510/1286 elapsed=1114s
[fullgrid] heat 515/1286 elapsed=1120s
[fullgrid] heat 520/1286 elapsed=1125s
[fullgrid] heat 525/1286 elapsed=1130s
[fullgrid] heat 530/1286 elapsed=1135s
[fullgrid] heat 535/1286 elapsed=1140s
[fullgrid] heat 540/1286 elapsed=1145s
[fullgrid] heat 545/1286 elapsed=1151s
[fullgrid] heat 550/1286 elapsed=1156s
[fullgrid] heat 555/1286 elapsed=1161s
[fullgrid] heat 560/1286 elapsed=1166s
[fullgrid] heat 565/1286 elapsed=1172s
[fullgrid] heat 570/1286 elapsed=1177s
[fullgrid] heat 575/1286 elapsed=1182s
[fullgrid] heat 580/1286 elapsed=1187s
[fullgrid] heat 585/1286 elapsed=1192s
[fullgrid] heat 590/1286 elapsed=1197s
[fullgrid] heat 595/1286 elapsed=1202s
[fullgrid] heat 600/1286 elapsed=1208s
[fullgrid] heat 605/1286 elapsed=1213s
[fullgrid] heat 610/1286 elapsed=1218s
[fullgrid] heat 615/1286 elapsed=1223s
[fullgrid] heat 620/1286 elapsed=1228s
[fullgrid] heat 625/1286 elapsed=1233s
[fullgrid] heat 630/1286 elapsed=1239s
[fullgrid] heat 635/1286 elapsed=1244s
[fullgrid] heat 640/1286 elapsed=1249s
[fullgrid] heat 645/1286 elapsed=1254s
[fullgrid] heat 650/1286 elapsed=1260s
[fullgrid] heat 655/1286 elapsed=1265s
[fullgrid] heat 660/1286 elapsed=1270s
[fullgrid] heat 665/1286 elapsed=1275s
[fullgrid] heat 670/1286 elapsed=1280s
[fullgrid] heat 675/1286 elapsed=1285s
[fullgrid] heat 680/1286 elapsed=1291s
[fullgrid] heat 685/1286 elapsed=1296s
[fullgrid] heat 690/1286 elapsed=1301s
[fullgrid] heat 695/1286 elapsed=1306s
[fullgrid] heat 700/1286 elapsed=1311s
[fullgrid] heat 705/1286 elapsed=1317s
[fullgrid] heat 710/1286 elapsed=1322s
[fullgrid] heat 715/1286 elapsed=1327s
[fullgrid] heat 720/1286 elapsed=1332s
[fullgrid] heat 725/1286 elapsed=1337s
[fullgrid] heat 730/1286 elapsed=1342s
[fullgrid] heat 735/1286 elapsed=1348s
[fullgrid] heat 740/1286 elapsed=1353s
[fullgrid] heat 745/1286 elapsed=1358s
[fullgrid] heat 750/1286 elapsed=1363s
[fullgrid] heat 755/1286 elapsed=1369s
[fullgrid] heat 760/1286 elapsed=1374s
[fullgrid] heat 765/1286 elapsed=1379s
[fullgrid] heat 770/1286 elapsed=1384s
[fullgrid] heat 775/1286 elapsed=1389s
[fullgrid] heat 780/1286 elapsed=1394s
[fullgrid] heat 785/1286 elapsed=1400s
[fullgrid] heat 790/1286 elapsed=1405s
[fullgrid] heat 795/1286 elapsed=1410s
[fullgrid] heat 800/1286 elapsed=1415s
[fullgrid] heat 805/1286 elapsed=1421s
[fullgrid] heat 810/1286 elapsed=1426s
[fullgrid] heat 815/1286 elapsed=1431s
[fullgrid] heat 820/1286 elapsed=1436s
[fullgrid] heat 825/1286 elapsed=1441s
[fullgrid] heat 830/1286 elapsed=1447s
[fullgrid] heat 835/1286 elapsed=1452s
[fullgrid] heat 840/1286 elapsed=1457s
[fullgrid] heat 845/1286 elapsed=1462s
[fullgrid] heat 850/1286 elapsed=1467s
[fullgrid] heat 855/1286 elapsed=1473s
[fullgrid] heat 860/1286 elapsed=1478s
[fullgrid] heat 865/1286 elapsed=1483s
[fullgrid] heat 870/1286 elapsed=1488s
[fullgrid] heat 875/1286 elapsed=1493s
[fullgrid] heat 880/1286 elapsed=1499s
[fullgrid] heat 885/1286 elapsed=1504s
[fullgrid] heat 890/1286 elapsed=1509s
[fullgrid] heat 895/1286 elapsed=1514s
[fullgrid] heat 900/1286 elapsed=1520s
[fullgrid] heat 905/1286 elapsed=1525s
[fullgrid] heat 910/1286 elapsed=1530s
[fullgrid] heat 915/1286 elapsed=1535s
[fullgrid] heat 920/1286 elapsed=1540s
[fullgrid] heat 925/1286 elapsed=1546s
[fullgrid] heat 930/1286 elapsed=1551s
[fullgrid] heat 935/1286 elapsed=1556s
[fullgrid] heat 940/1286 elapsed=1561s
[fullgrid] heat 945/1286 elapsed=1566s
[fullgrid] heat 950/1286 elapsed=1572s
[fullgrid] heat 955/1286 elapsed=1577s
[fullgrid] heat 960/1286 elapsed=1582s
[fullgrid] heat 965/1286 elapsed=1587s
[fullgrid] heat 970/1286 elapsed=1592s
[fullgrid] heat 975/1286 elapsed=1598s
[fullgrid] heat 980/1286 elapsed=1603s
[fullgrid] heat 985/1286 elapsed=1608s
[fullgrid] heat 990/1286 elapsed=1613s
[fullgrid] heat 995/1286 elapsed=1618s
[fullgrid] heat 1000/1286 elapsed=1624s
[fullgrid] heat 1005/1286 elapsed=1629s
[fullgrid] heat 1010/1286 elapsed=1634s
[fullgrid] heat 1015/1286 elapsed=1639s
[fullgrid] heat 1020/1286 elapsed=1644s
[fullgrid] heat 1025/1286 elapsed=1650s
[fullgrid] heat 1030/1286 elapsed=1655s
[fullgrid] heat 1035/1286 elapsed=1660s
[fullgrid] heat 1040/1286 elapsed=1665s
[fullgrid] heat 1045/1286 elapsed=1670s
[fullgrid] heat 1050/1286 elapsed=1676s
[fullgrid] heat 1055/1286 elapsed=1681s
[fullgrid] heat 1060/1286 elapsed=1686s
[fullgrid] heat 1065/1286 elapsed=1691s
[fullgrid] heat 1070/1286 elapsed=1698s
[fullgrid] heat 1075/1286 elapsed=1705s
[fullgrid] heat 1080/1286 elapsed=1712s
[fullgrid] heat 1085/1286 elapsed=1719s
[fullgrid] heat 1090/1286 elapsed=1726s
[fullgrid] heat 1095/1286 elapsed=1733s
[fullgrid] heat 1100/1286 elapsed=1740s
[fullgrid] heat 1105/1286 elapsed=1747s
[fullgrid] heat 1110/1286 elapsed=1754s
[fullgrid] heat 1115/1286 elapsed=1760s
[fullgrid] heat 1120/1286 elapsed=1767s
[fullgrid] heat 1125/1286 elapsed=1774s
[fullgrid] heat 1130/1286 elapsed=1781s
[fullgrid] heat 1135/1286 elapsed=1788s
[fullgrid] heat 1140/1286 elapsed=1795s
[fullgrid] heat 1145/1286 elapsed=1802s
[fullgrid] heat 1150/1286 elapsed=1809s
[fullgrid] heat 1155/1286 elapsed=1816s
[fullgrid] heat 1160/1286 elapsed=1823s
[fullgrid] heat 1165/1286 elapsed=1830s
[fullgrid] heat 1170/1286 elapsed=1837s
[fullgrid] heat 1175/1286 elapsed=1844s
[fullgrid] heat 1180/1286 elapsed=1851s
[fullgrid] heat 1185/1286 elapsed=1858s
[fullgrid] heat 1190/1286 elapsed=1865s
[fullgrid] heat 1195/1286 elapsed=1872s
[fullgrid] heat 1200/1286 elapsed=1879s
[fullgrid] heat 1205/1286 elapsed=1886s
[fullgrid] heat 1210/1286 elapsed=1893s
[fullgrid] heat 1215/1286 elapsed=1900s
[fullgrid] heat 1220/1286 elapsed=1907s
[fullgrid] heat 1225/1286 elapsed=1914s
[fullgrid] heat 1230/1286 elapsed=1921s
[fullgrid] heat 1235/1286 elapsed=1928s
[fullgrid] heat 1240/1286 elapsed=1935s
[fullgrid] heat 1245/1286 elapsed=1942s
[fullgrid] heat 1250/1286 elapsed=1949s
[fullgrid] heat 1255/1286 elapsed=1956s
[fullgrid] heat 1260/1286 elapsed=1963s
[fullgrid] heat 1265/1286 elapsed=1970s
[fullgrid] heat 1270/1286 elapsed=1977s
[fullgrid] heat 1275/1286 elapsed=1984s
[fullgrid] heat 1280/1286 elapsed=1991s
[fullgrid] heat 1285/1286 elapsed=1998s
[fullgrid] DONE bloom-3b-fullgrid-100m-p1200-perchannel-john cells=110,080,000 nonzero=105,084,598 coverage=95.462026%
