/Users/john/fullgrid-venv/lib/python3.9/site-packages/urllib3/__init__.py:35: NotOpenSSLWarning: urllib3 v2 only supports OpenSSL 1.1.1+, currently the 'ssl' module is compiled with 'LibreSSL 2.8.3'. See: https://github.com/urllib3/urllib3/issues/3020
  warnings.warn(
[fullgrid] load tokenizer bigscience/bloom-1b1
[fullgrid] load model bigscience/bloom-1b1 device=cpu dtype=float32
`torch_dtype` is deprecated! Use `dtype` instead!
[fullgrid] modules=147 channels=659,456 Q=12 S=13 cells=102,875,136
[fullgrid] pass1 calibration probes=256 heat_probes=1286
[fullgrid] calibration 5/256 elapsed=173s
[fullgrid] calibration 10/256 elapsed=173s
[fullgrid] calibration 15/256 elapsed=174s
[fullgrid] calibration 20/256 elapsed=174s
[fullgrid] calibration 25/256 elapsed=175s
[fullgrid] calibration 30/256 elapsed=175s
[fullgrid] calibration 35/256 elapsed=176s
[fullgrid] calibration 40/256 elapsed=176s
[fullgrid] calibration 45/256 elapsed=177s
[fullgrid] calibration 50/256 elapsed=178s
[fullgrid] calibration 55/256 elapsed=178s
[fullgrid] calibration 60/256 elapsed=179s
[fullgrid] calibration 65/256 elapsed=179s
[fullgrid] calibration 70/256 elapsed=180s
[fullgrid] calibration 75/256 elapsed=180s
[fullgrid] calibration 80/256 elapsed=181s
[fullgrid] calibration 85/256 elapsed=181s
[fullgrid] calibration 90/256 elapsed=182s
[fullgrid] calibration 95/256 elapsed=183s
[fullgrid] calibration 100/256 elapsed=183s
[fullgrid] calibration 105/256 elapsed=184s
[fullgrid] calibration 110/256 elapsed=184s
[fullgrid] calibration 115/256 elapsed=185s
[fullgrid] calibration 120/256 elapsed=185s
[fullgrid] calibration 125/256 elapsed=186s
[fullgrid] calibration 130/256 elapsed=187s
[fullgrid] calibration 135/256 elapsed=187s
[fullgrid] calibration 140/256 elapsed=188s
[fullgrid] calibration 145/256 elapsed=188s
[fullgrid] calibration 150/256 elapsed=189s
[fullgrid] calibration 155/256 elapsed=189s
[fullgrid] calibration 160/256 elapsed=190s
[fullgrid] calibration 165/256 elapsed=190s
[fullgrid] calibration 170/256 elapsed=191s
[fullgrid] calibration 175/256 elapsed=192s
[fullgrid] calibration 180/256 elapsed=192s
[fullgrid] calibration 185/256 elapsed=193s
[fullgrid] calibration 190/256 elapsed=193s
[fullgrid] calibration 195/256 elapsed=194s
[fullgrid] calibration 200/256 elapsed=195s
[fullgrid] calibration 205/256 elapsed=195s
[fullgrid] calibration 210/256 elapsed=196s
[fullgrid] calibration 215/256 elapsed=197s
[fullgrid] calibration 220/256 elapsed=198s
[fullgrid] calibration 225/256 elapsed=199s
[fullgrid] calibration 230/256 elapsed=201s
[fullgrid] calibration 235/256 elapsed=202s
[fullgrid] calibration 240/256 elapsed=203s
[fullgrid] calibration 245/256 elapsed=205s
[fullgrid] calibration 250/256 elapsed=206s
[fullgrid] calibration 255/256 elapsed=207s
[fullgrid] pass2 heat fill
[fullgrid] heat 5/1286 elapsed=220s
[fullgrid] heat 10/1286 elapsed=224s
[fullgrid] heat 15/1286 elapsed=229s
[fullgrid] heat 20/1286 elapsed=233s
[fullgrid] heat 25/1286 elapsed=237s
[fullgrid] heat 30/1286 elapsed=242s
[fullgrid] heat 35/1286 elapsed=246s
[fullgrid] heat 40/1286 elapsed=250s
[fullgrid] heat 45/1286 elapsed=255s
[fullgrid] heat 50/1286 elapsed=259s
[fullgrid] heat 55/1286 elapsed=263s
[fullgrid] heat 60/1286 elapsed=268s
[fullgrid] heat 65/1286 elapsed=272s
[fullgrid] heat 70/1286 elapsed=276s
[fullgrid] heat 75/1286 elapsed=281s
[fullgrid] heat 80/1286 elapsed=285s
[fullgrid] heat 85/1286 elapsed=289s
[fullgrid] heat 90/1286 elapsed=294s
[fullgrid] heat 95/1286 elapsed=298s
[fullgrid] heat 100/1286 elapsed=303s
[fullgrid] heat 105/1286 elapsed=307s
[fullgrid] heat 110/1286 elapsed=311s
[fullgrid] heat 115/1286 elapsed=316s
[fullgrid] heat 120/1286 elapsed=320s
[fullgrid] heat 125/1286 elapsed=324s
[fullgrid] heat 130/1286 elapsed=329s
[fullgrid] heat 135/1286 elapsed=333s
[fullgrid] heat 140/1286 elapsed=337s
[fullgrid] heat 145/1286 elapsed=342s
[fullgrid] heat 150/1286 elapsed=346s
[fullgrid] heat 155/1286 elapsed=350s
[fullgrid] heat 160/1286 elapsed=355s
[fullgrid] heat 165/1286 elapsed=359s
[fullgrid] heat 170/1286 elapsed=364s
[fullgrid] heat 175/1286 elapsed=368s
[fullgrid] heat 180/1286 elapsed=373s
[fullgrid] heat 185/1286 elapsed=377s
[fullgrid] heat 190/1286 elapsed=382s
[fullgrid] heat 195/1286 elapsed=386s
[fullgrid] heat 200/1286 elapsed=391s
[fullgrid] heat 205/1286 elapsed=395s
[fullgrid] heat 210/1286 elapsed=400s
[fullgrid] heat 215/1286 elapsed=404s
[fullgrid] heat 220/1286 elapsed=409s
[fullgrid] heat 225/1286 elapsed=413s
[fullgrid] heat 230/1286 elapsed=418s
[fullgrid] heat 235/1286 elapsed=422s
[fullgrid] heat 240/1286 elapsed=427s
[fullgrid] heat 245/1286 elapsed=431s
[fullgrid] heat 250/1286 elapsed=436s
[fullgrid] heat 255/1286 elapsed=440s
[fullgrid] heat 260/1286 elapsed=445s
[fullgrid] heat 265/1286 elapsed=449s
[fullgrid] heat 270/1286 elapsed=454s
[fullgrid] heat 275/1286 elapsed=458s
[fullgrid] heat 280/1286 elapsed=462s
[fullgrid] heat 285/1286 elapsed=467s
[fullgrid] heat 290/1286 elapsed=471s
[fullgrid] heat 295/1286 elapsed=476s
[fullgrid] heat 300/1286 elapsed=480s
[fullgrid] heat 305/1286 elapsed=485s
[fullgrid] heat 310/1286 elapsed=489s
[fullgrid] heat 315/1286 elapsed=494s
[fullgrid] heat 320/1286 elapsed=498s
[fullgrid] heat 325/1286 elapsed=503s
[fullgrid] heat 330/1286 elapsed=507s
[fullgrid] heat 335/1286 elapsed=512s
[fullgrid] heat 340/1286 elapsed=517s
[fullgrid] heat 345/1286 elapsed=521s
[fullgrid] heat 350/1286 elapsed=526s
[fullgrid] heat 355/1286 elapsed=530s
[fullgrid] heat 360/1286 elapsed=535s
[fullgrid] heat 365/1286 elapsed=539s
[fullgrid] heat 370/1286 elapsed=544s
[fullgrid] heat 375/1286 elapsed=548s
[fullgrid] heat 380/1286 elapsed=553s
[fullgrid] heat 385/1286 elapsed=557s
[fullgrid] heat 390/1286 elapsed=562s
[fullgrid] heat 395/1286 elapsed=566s
[fullgrid] heat 400/1286 elapsed=571s
[fullgrid] heat 405/1286 elapsed=575s
[fullgrid] heat 410/1286 elapsed=580s
[fullgrid] heat 415/1286 elapsed=584s
[fullgrid] heat 420/1286 elapsed=589s
[fullgrid] heat 425/1286 elapsed=593s
[fullgrid] heat 430/1286 elapsed=598s
[fullgrid] heat 435/1286 elapsed=602s
[fullgrid] heat 440/1286 elapsed=607s
[fullgrid] heat 445/1286 elapsed=611s
[fullgrid] heat 450/1286 elapsed=616s
[fullgrid] heat 455/1286 elapsed=620s
[fullgrid] heat 460/1286 elapsed=625s
[fullgrid] heat 465/1286 elapsed=629s
[fullgrid] heat 470/1286 elapsed=633s
[fullgrid] heat 475/1286 elapsed=638s
[fullgrid] heat 480/1286 elapsed=642s
[fullgrid] heat 485/1286 elapsed=647s
[fullgrid] heat 490/1286 elapsed=651s
[fullgrid] heat 495/1286 elapsed=656s
[fullgrid] heat 500/1286 elapsed=660s
[fullgrid] heat 505/1286 elapsed=665s
[fullgrid] heat 510/1286 elapsed=669s
[fullgrid] heat 515/1286 elapsed=674s
[fullgrid] heat 520/1286 elapsed=678s
[fullgrid] heat 525/1286 elapsed=683s
[fullgrid] heat 530/1286 elapsed=687s
[fullgrid] heat 535/1286 elapsed=692s
[fullgrid] heat 540/1286 elapsed=696s
[fullgrid] heat 545/1286 elapsed=701s
[fullgrid] heat 550/1286 elapsed=705s
[fullgrid] heat 555/1286 elapsed=710s
[fullgrid] heat 560/1286 elapsed=714s
[fullgrid] heat 565/1286 elapsed=719s
[fullgrid] heat 570/1286 elapsed=723s
[fullgrid] heat 575/1286 elapsed=728s
[fullgrid] heat 580/1286 elapsed=732s
[fullgrid] heat 585/1286 elapsed=737s
[fullgrid] heat 590/1286 elapsed=741s
[fullgrid] heat 595/1286 elapsed=746s
[fullgrid] heat 600/1286 elapsed=750s
[fullgrid] heat 605/1286 elapsed=755s
[fullgrid] heat 610/1286 elapsed=759s
[fullgrid] heat 615/1286 elapsed=764s
[fullgrid] heat 620/1286 elapsed=768s
[fullgrid] heat 625/1286 elapsed=773s
[fullgrid] heat 630/1286 elapsed=777s
[fullgrid] heat 635/1286 elapsed=782s
[fullgrid] heat 640/1286 elapsed=786s
[fullgrid] heat 645/1286 elapsed=791s
[fullgrid] heat 650/1286 elapsed=795s
[fullgrid] heat 655/1286 elapsed=800s
[fullgrid] heat 660/1286 elapsed=804s
[fullgrid] heat 665/1286 elapsed=809s
[fullgrid] heat 670/1286 elapsed=813s
[fullgrid] heat 675/1286 elapsed=818s
[fullgrid] heat 680/1286 elapsed=822s
[fullgrid] heat 685/1286 elapsed=827s
[fullgrid] heat 690/1286 elapsed=831s
[fullgrid] heat 695/1286 elapsed=836s
[fullgrid] heat 700/1286 elapsed=840s
[fullgrid] heat 705/1286 elapsed=845s
[fullgrid] heat 710/1286 elapsed=849s
[fullgrid] heat 715/1286 elapsed=854s
[fullgrid] heat 720/1286 elapsed=858s
[fullgrid] heat 725/1286 elapsed=863s
[fullgrid] heat 730/1286 elapsed=867s
[fullgrid] heat 735/1286 elapsed=872s
[fullgrid] heat 740/1286 elapsed=876s
[fullgrid] heat 745/1286 elapsed=881s
[fullgrid] heat 750/1286 elapsed=885s
[fullgrid] heat 755/1286 elapsed=890s
[fullgrid] heat 760/1286 elapsed=894s
[fullgrid] heat 765/1286 elapsed=899s
[fullgrid] heat 770/1286 elapsed=903s
[fullgrid] heat 775/1286 elapsed=908s
[fullgrid] heat 780/1286 elapsed=912s
[fullgrid] heat 785/1286 elapsed=917s
[fullgrid] heat 790/1286 elapsed=921s
[fullgrid] heat 795/1286 elapsed=926s
[fullgrid] heat 800/1286 elapsed=930s
[fullgrid] heat 805/1286 elapsed=934s
[fullgrid] heat 810/1286 elapsed=939s
[fullgrid] heat 815/1286 elapsed=943s
[fullgrid] heat 820/1286 elapsed=948s
[fullgrid] heat 825/1286 elapsed=953s
[fullgrid] heat 830/1286 elapsed=957s
[fullgrid] heat 835/1286 elapsed=961s
[fullgrid] heat 840/1286 elapsed=966s
[fullgrid] heat 845/1286 elapsed=970s
[fullgrid] heat 850/1286 elapsed=975s
[fullgrid] heat 855/1286 elapsed=979s
[fullgrid] heat 860/1286 elapsed=984s
[fullgrid] heat 865/1286 elapsed=988s
[fullgrid] heat 870/1286 elapsed=993s
[fullgrid] heat 875/1286 elapsed=997s
[fullgrid] heat 880/1286 elapsed=1002s
[fullgrid] heat 885/1286 elapsed=1006s
[fullgrid] heat 890/1286 elapsed=1011s
[fullgrid] heat 895/1286 elapsed=1015s
[fullgrid] heat 900/1286 elapsed=1020s
[fullgrid] heat 905/1286 elapsed=1024s
[fullgrid] heat 910/1286 elapsed=1029s
[fullgrid] heat 915/1286 elapsed=1033s
[fullgrid] heat 920/1286 elapsed=1038s
[fullgrid] heat 925/1286 elapsed=1042s
[fullgrid] heat 930/1286 elapsed=1047s
[fullgrid] heat 935/1286 elapsed=1051s
[fullgrid] heat 940/1286 elapsed=1056s
[fullgrid] heat 945/1286 elapsed=1060s
[fullgrid] heat 950/1286 elapsed=1065s
[fullgrid] heat 955/1286 elapsed=1069s
[fullgrid] heat 960/1286 elapsed=1074s
[fullgrid] heat 965/1286 elapsed=1078s
[fullgrid] heat 970/1286 elapsed=1083s
[fullgrid] heat 975/1286 elapsed=1087s
[fullgrid] heat 980/1286 elapsed=1092s
[fullgrid] heat 985/1286 elapsed=1096s
[fullgrid] heat 990/1286 elapsed=1101s
[fullgrid] heat 995/1286 elapsed=1105s
[fullgrid] heat 1000/1286 elapsed=1110s
[fullgrid] heat 1005/1286 elapsed=1114s
[fullgrid] heat 1010/1286 elapsed=1119s
[fullgrid] heat 1015/1286 elapsed=1123s
[fullgrid] heat 1020/1286 elapsed=1128s
[fullgrid] heat 1025/1286 elapsed=1132s
[fullgrid] heat 1030/1286 elapsed=1137s
[fullgrid] heat 1035/1286 elapsed=1141s
[fullgrid] heat 1040/1286 elapsed=1146s
[fullgrid] heat 1045/1286 elapsed=1150s
[fullgrid] heat 1050/1286 elapsed=1155s
[fullgrid] heat 1055/1286 elapsed=1159s
[fullgrid] heat 1060/1286 elapsed=1164s
[fullgrid] heat 1065/1286 elapsed=1168s
[fullgrid] heat 1070/1286 elapsed=1174s
[fullgrid] heat 1075/1286 elapsed=1179s
[fullgrid] heat 1080/1286 elapsed=1184s
[fullgrid] heat 1085/1286 elapsed=1190s
[fullgrid] heat 1090/1286 elapsed=1195s
[fullgrid] heat 1095/1286 elapsed=1200s
[fullgrid] heat 1100/1286 elapsed=1206s
[fullgrid] heat 1105/1286 elapsed=1211s
[fullgrid] heat 1110/1286 elapsed=1217s
[fullgrid] heat 1115/1286 elapsed=1222s
[fullgrid] heat 1120/1286 elapsed=1227s
[fullgrid] heat 1125/1286 elapsed=1233s
[fullgrid] heat 1130/1286 elapsed=1238s
[fullgrid] heat 1135/1286 elapsed=1244s
[fullgrid] heat 1140/1286 elapsed=1249s
[fullgrid] heat 1145/1286 elapsed=1254s
[fullgrid] heat 1150/1286 elapsed=1260s
[fullgrid] heat 1155/1286 elapsed=1265s
[fullgrid] heat 1160/1286 elapsed=1271s
[fullgrid] heat 1165/1286 elapsed=1276s
[fullgrid] heat 1170/1286 elapsed=1281s
[fullgrid] heat 1175/1286 elapsed=1287s
[fullgrid] heat 1180/1286 elapsed=1292s
[fullgrid] heat 1185/1286 elapsed=1298s
[fullgrid] heat 1190/1286 elapsed=1303s
[fullgrid] heat 1195/1286 elapsed=1308s
[fullgrid] heat 1200/1286 elapsed=1314s
[fullgrid] heat 1205/1286 elapsed=1319s
[fullgrid] heat 1210/1286 elapsed=1324s
[fullgrid] heat 1215/1286 elapsed=1330s
[fullgrid] heat 1220/1286 elapsed=1335s
[fullgrid] heat 1225/1286 elapsed=1341s
[fullgrid] heat 1230/1286 elapsed=1346s
[fullgrid] heat 1235/1286 elapsed=1351s
[fullgrid] heat 1240/1286 elapsed=1357s
[fullgrid] heat 1245/1286 elapsed=1362s
[fullgrid] heat 1250/1286 elapsed=1368s
[fullgrid] heat 1255/1286 elapsed=1373s
[fullgrid] heat 1260/1286 elapsed=1378s
[fullgrid] heat 1265/1286 elapsed=1384s
[fullgrid] heat 1270/1286 elapsed=1389s
[fullgrid] heat 1275/1286 elapsed=1395s
[fullgrid] heat 1280/1286 elapsed=1400s
[fullgrid] heat 1285/1286 elapsed=1405s
[fullgrid] DONE bloom-1b1-fullgrid-100m-p1200-perchannel-john cells=102,875,136 nonzero=99,532,073 coverage=96.750368%
