/Users/john/fullgrid-venv/lib/python3.9/site-packages/urllib3/__init__.py:35: NotOpenSSLWarning: urllib3 v2 only supports OpenSSL 1.1.1+, currently the 'ssl' module is compiled with 'LibreSSL 2.8.3'. See: https://github.com/urllib3/urllib3/issues/3020
  warnings.warn(
[fullgrid] load tokenizer bigscience/bloom-560m
[fullgrid] load model bigscience/bloom-560m device=cpu dtype=float32
`torch_dtype` is deprecated! Use `dtype` instead!
[fullgrid] modules=147 channels=523,264 Q=14 S=14 cells=102,559,744
[fullgrid] pass1 calibration probes=256 heat_probes=1286
[fullgrid] calibration 5/256 elapsed=160s
[fullgrid] calibration 10/256 elapsed=160s
[fullgrid] calibration 15/256 elapsed=161s
[fullgrid] calibration 20/256 elapsed=161s
[fullgrid] calibration 25/256 elapsed=161s
[fullgrid] calibration 30/256 elapsed=162s
[fullgrid] calibration 35/256 elapsed=162s
[fullgrid] calibration 40/256 elapsed=163s
[fullgrid] calibration 45/256 elapsed=163s
[fullgrid] calibration 50/256 elapsed=163s
[fullgrid] calibration 55/256 elapsed=164s
[fullgrid] calibration 60/256 elapsed=164s
[fullgrid] calibration 65/256 elapsed=164s
[fullgrid] calibration 70/256 elapsed=165s
[fullgrid] calibration 75/256 elapsed=165s
[fullgrid] calibration 80/256 elapsed=166s
[fullgrid] calibration 85/256 elapsed=166s
[fullgrid] calibration 90/256 elapsed=166s
[fullgrid] calibration 95/256 elapsed=167s
[fullgrid] calibration 100/256 elapsed=167s
[fullgrid] calibration 105/256 elapsed=168s
[fullgrid] calibration 110/256 elapsed=168s
[fullgrid] calibration 115/256 elapsed=168s
[fullgrid] calibration 120/256 elapsed=169s
[fullgrid] calibration 125/256 elapsed=169s
[fullgrid] calibration 130/256 elapsed=170s
[fullgrid] calibration 135/256 elapsed=170s
[fullgrid] calibration 140/256 elapsed=170s
[fullgrid] calibration 145/256 elapsed=171s
[fullgrid] calibration 150/256 elapsed=171s
[fullgrid] calibration 155/256 elapsed=171s
[fullgrid] calibration 160/256 elapsed=172s
[fullgrid] calibration 165/256 elapsed=172s
[fullgrid] calibration 170/256 elapsed=173s
[fullgrid] calibration 175/256 elapsed=173s
[fullgrid] calibration 180/256 elapsed=173s
[fullgrid] calibration 185/256 elapsed=174s
[fullgrid] calibration 190/256 elapsed=174s
[fullgrid] calibration 195/256 elapsed=175s
[fullgrid] calibration 200/256 elapsed=175s
[fullgrid] calibration 205/256 elapsed=175s
[fullgrid] calibration 210/256 elapsed=176s
[fullgrid] calibration 215/256 elapsed=176s
[fullgrid] calibration 220/256 elapsed=177s
[fullgrid] calibration 225/256 elapsed=178s
[fullgrid] calibration 230/256 elapsed=179s
[fullgrid] calibration 235/256 elapsed=180s
[fullgrid] calibration 240/256 elapsed=181s
[fullgrid] calibration 245/256 elapsed=181s
[fullgrid] calibration 250/256 elapsed=182s
[fullgrid] calibration 255/256 elapsed=183s
[fullgrid] pass2 heat fill
[fullgrid] heat 5/1286 elapsed=194s
[fullgrid] heat 10/1286 elapsed=198s
[fullgrid] heat 15/1286 elapsed=202s
[fullgrid] heat 20/1286 elapsed=206s
[fullgrid] heat 25/1286 elapsed=210s
[fullgrid] heat 30/1286 elapsed=215s
[fullgrid] heat 35/1286 elapsed=219s
[fullgrid] heat 40/1286 elapsed=223s
[fullgrid] heat 45/1286 elapsed=227s
[fullgrid] heat 50/1286 elapsed=231s
[fullgrid] heat 55/1286 elapsed=235s
[fullgrid] heat 60/1286 elapsed=239s
[fullgrid] heat 65/1286 elapsed=243s
[fullgrid] heat 70/1286 elapsed=247s
[fullgrid] heat 75/1286 elapsed=252s
[fullgrid] heat 80/1286 elapsed=256s
[fullgrid] heat 85/1286 elapsed=260s
[fullgrid] heat 90/1286 elapsed=264s
[fullgrid] heat 95/1286 elapsed=268s
[fullgrid] heat 100/1286 elapsed=272s
[fullgrid] heat 105/1286 elapsed=276s
[fullgrid] heat 110/1286 elapsed=280s
[fullgrid] heat 115/1286 elapsed=285s
[fullgrid] heat 120/1286 elapsed=289s
[fullgrid] heat 125/1286 elapsed=293s
[fullgrid] heat 130/1286 elapsed=297s
[fullgrid] heat 135/1286 elapsed=301s
[fullgrid] heat 140/1286 elapsed=305s
[fullgrid] heat 145/1286 elapsed=310s
[fullgrid] heat 150/1286 elapsed=314s
[fullgrid] heat 155/1286 elapsed=318s
[fullgrid] heat 160/1286 elapsed=322s
[fullgrid] heat 165/1286 elapsed=326s
[fullgrid] heat 170/1286 elapsed=330s
[fullgrid] heat 175/1286 elapsed=334s
[fullgrid] heat 180/1286 elapsed=339s
[fullgrid] heat 185/1286 elapsed=343s
[fullgrid] heat 190/1286 elapsed=347s
[fullgrid] heat 195/1286 elapsed=351s
[fullgrid] heat 200/1286 elapsed=355s
[fullgrid] heat 205/1286 elapsed=360s
[fullgrid] heat 210/1286 elapsed=364s
[fullgrid] heat 215/1286 elapsed=368s
[fullgrid] heat 220/1286 elapsed=372s
[fullgrid] heat 225/1286 elapsed=377s
[fullgrid] heat 230/1286 elapsed=381s
[fullgrid] heat 235/1286 elapsed=385s
[fullgrid] heat 240/1286 elapsed=389s
[fullgrid] heat 245/1286 elapsed=393s
[fullgrid] heat 250/1286 elapsed=398s
[fullgrid] heat 255/1286 elapsed=402s
[fullgrid] heat 260/1286 elapsed=406s
[fullgrid] heat 265/1286 elapsed=410s
[fullgrid] heat 270/1286 elapsed=415s
[fullgrid] heat 275/1286 elapsed=419s
[fullgrid] heat 280/1286 elapsed=423s
[fullgrid] heat 285/1286 elapsed=427s
[fullgrid] heat 290/1286 elapsed=432s
[fullgrid] heat 295/1286 elapsed=436s
[fullgrid] heat 300/1286 elapsed=440s
[fullgrid] heat 305/1286 elapsed=444s
[fullgrid] heat 310/1286 elapsed=448s
[fullgrid] heat 315/1286 elapsed=453s
[fullgrid] heat 320/1286 elapsed=457s
[fullgrid] heat 325/1286 elapsed=461s
[fullgrid] heat 330/1286 elapsed=465s
[fullgrid] heat 335/1286 elapsed=470s
[fullgrid] heat 340/1286 elapsed=474s
[fullgrid] heat 345/1286 elapsed=478s
[fullgrid] heat 350/1286 elapsed=482s
[fullgrid] heat 355/1286 elapsed=487s
[fullgrid] heat 360/1286 elapsed=491s
[fullgrid] heat 365/1286 elapsed=495s
[fullgrid] heat 370/1286 elapsed=499s
[fullgrid] heat 375/1286 elapsed=503s
[fullgrid] heat 380/1286 elapsed=508s
[fullgrid] heat 385/1286 elapsed=512s
[fullgrid] heat 390/1286 elapsed=516s
[fullgrid] heat 395/1286 elapsed=520s
[fullgrid] heat 400/1286 elapsed=525s
[fullgrid] heat 405/1286 elapsed=529s
[fullgrid] heat 410/1286 elapsed=533s
[fullgrid] heat 415/1286 elapsed=537s
[fullgrid] heat 420/1286 elapsed=542s
[fullgrid] heat 425/1286 elapsed=546s
[fullgrid] heat 430/1286 elapsed=550s
[fullgrid] heat 435/1286 elapsed=554s
[fullgrid] heat 440/1286 elapsed=559s
[fullgrid] heat 445/1286 elapsed=563s
[fullgrid] heat 450/1286 elapsed=567s
[fullgrid] heat 455/1286 elapsed=571s
[fullgrid] heat 460/1286 elapsed=575s
[fullgrid] heat 465/1286 elapsed=580s
[fullgrid] heat 470/1286 elapsed=584s
[fullgrid] heat 475/1286 elapsed=588s
[fullgrid] heat 480/1286 elapsed=592s
[fullgrid] heat 485/1286 elapsed=597s
[fullgrid] heat 490/1286 elapsed=601s
[fullgrid] heat 495/1286 elapsed=605s
[fullgrid] heat 500/1286 elapsed=609s
[fullgrid] heat 505/1286 elapsed=614s
[fullgrid] heat 510/1286 elapsed=618s
[fullgrid] heat 515/1286 elapsed=622s
[fullgrid] heat 520/1286 elapsed=626s
[fullgrid] heat 525/1286 elapsed=630s
[fullgrid] heat 530/1286 elapsed=635s
[fullgrid] heat 535/1286 elapsed=639s
[fullgrid] heat 540/1286 elapsed=643s
[fullgrid] heat 545/1286 elapsed=647s
[fullgrid] heat 550/1286 elapsed=652s
[fullgrid] heat 555/1286 elapsed=656s
[fullgrid] heat 560/1286 elapsed=660s
[fullgrid] heat 565/1286 elapsed=664s
[fullgrid] heat 570/1286 elapsed=669s
[fullgrid] heat 575/1286 elapsed=673s
[fullgrid] heat 580/1286 elapsed=677s
[fullgrid] heat 585/1286 elapsed=681s
[fullgrid] heat 590/1286 elapsed=686s
[fullgrid] heat 595/1286 elapsed=690s
[fullgrid] heat 600/1286 elapsed=694s
[fullgrid] heat 605/1286 elapsed=698s
[fullgrid] heat 610/1286 elapsed=703s
[fullgrid] heat 615/1286 elapsed=707s
[fullgrid] heat 620/1286 elapsed=711s
[fullgrid] heat 625/1286 elapsed=715s
[fullgrid] heat 630/1286 elapsed=719s
[fullgrid] heat 635/1286 elapsed=724s
[fullgrid] heat 640/1286 elapsed=728s
[fullgrid] heat 645/1286 elapsed=732s
[fullgrid] heat 650/1286 elapsed=736s
[fullgrid] heat 655/1286 elapsed=741s
[fullgrid] heat 660/1286 elapsed=745s
[fullgrid] heat 665/1286 elapsed=749s
[fullgrid] heat 670/1286 elapsed=753s
[fullgrid] heat 675/1286 elapsed=758s
[fullgrid] heat 680/1286 elapsed=762s
[fullgrid] heat 685/1286 elapsed=766s
[fullgrid] heat 690/1286 elapsed=770s
[fullgrid] heat 695/1286 elapsed=774s
[fullgrid] heat 700/1286 elapsed=779s
[fullgrid] heat 705/1286 elapsed=783s
[fullgrid] heat 710/1286 elapsed=787s
[fullgrid] heat 715/1286 elapsed=791s
[fullgrid] heat 720/1286 elapsed=796s
[fullgrid] heat 725/1286 elapsed=800s
[fullgrid] heat 730/1286 elapsed=804s
[fullgrid] heat 735/1286 elapsed=808s
[fullgrid] heat 740/1286 elapsed=813s
[fullgrid] heat 745/1286 elapsed=817s
[fullgrid] heat 750/1286 elapsed=821s
[fullgrid] heat 755/1286 elapsed=825s
[fullgrid] heat 760/1286 elapsed=830s
[fullgrid] heat 765/1286 elapsed=834s
[fullgrid] heat 770/1286 elapsed=838s
[fullgrid] heat 775/1286 elapsed=842s
[fullgrid] heat 780/1286 elapsed=847s
[fullgrid] heat 785/1286 elapsed=851s
[fullgrid] heat 790/1286 elapsed=855s
[fullgrid] heat 795/1286 elapsed=859s
[fullgrid] heat 800/1286 elapsed=864s
[fullgrid] heat 805/1286 elapsed=868s
[fullgrid] heat 810/1286 elapsed=872s
[fullgrid] heat 815/1286 elapsed=876s
[fullgrid] heat 820/1286 elapsed=880s
[fullgrid] heat 825/1286 elapsed=885s
[fullgrid] heat 830/1286 elapsed=889s
[fullgrid] heat 835/1286 elapsed=893s
[fullgrid] heat 840/1286 elapsed=897s
[fullgrid] heat 845/1286 elapsed=902s
[fullgrid] heat 850/1286 elapsed=906s
[fullgrid] heat 855/1286 elapsed=910s
[fullgrid] heat 860/1286 elapsed=914s
[fullgrid] heat 865/1286 elapsed=919s
[fullgrid] heat 870/1286 elapsed=923s
[fullgrid] heat 875/1286 elapsed=927s
[fullgrid] heat 880/1286 elapsed=931s
[fullgrid] heat 885/1286 elapsed=936s
[fullgrid] heat 890/1286 elapsed=940s
[fullgrid] heat 895/1286 elapsed=944s
[fullgrid] heat 900/1286 elapsed=948s
[fullgrid] heat 905/1286 elapsed=953s
[fullgrid] heat 910/1286 elapsed=957s
[fullgrid] heat 915/1286 elapsed=961s
[fullgrid] heat 920/1286 elapsed=965s
[fullgrid] heat 925/1286 elapsed=970s
[fullgrid] heat 930/1286 elapsed=974s
[fullgrid] heat 935/1286 elapsed=978s
[fullgrid] heat 940/1286 elapsed=982s
[fullgrid] heat 945/1286 elapsed=987s
[fullgrid] heat 950/1286 elapsed=991s
[fullgrid] heat 955/1286 elapsed=995s
[fullgrid] heat 960/1286 elapsed=999s
[fullgrid] heat 965/1286 elapsed=1004s
[fullgrid] heat 970/1286 elapsed=1008s
[fullgrid] heat 975/1286 elapsed=1012s
[fullgrid] heat 980/1286 elapsed=1016s
[fullgrid] heat 985/1286 elapsed=1021s
[fullgrid] heat 990/1286 elapsed=1025s
[fullgrid] heat 995/1286 elapsed=1029s
[fullgrid] heat 1000/1286 elapsed=1033s
[fullgrid] heat 1005/1286 elapsed=1038s
[fullgrid] heat 1010/1286 elapsed=1042s
[fullgrid] heat 1015/1286 elapsed=1046s
[fullgrid] heat 1020/1286 elapsed=1050s
[fullgrid] heat 1025/1286 elapsed=1054s
[fullgrid] heat 1030/1286 elapsed=1059s
[fullgrid] heat 1035/1286 elapsed=1063s
[fullgrid] heat 1040/1286 elapsed=1067s
[fullgrid] heat 1045/1286 elapsed=1071s
[fullgrid] heat 1050/1286 elapsed=1076s
[fullgrid] heat 1055/1286 elapsed=1080s
[fullgrid] heat 1060/1286 elapsed=1084s
[fullgrid] heat 1065/1286 elapsed=1088s
[fullgrid] heat 1070/1286 elapsed=1093s
[fullgrid] heat 1075/1286 elapsed=1098s
[fullgrid] heat 1080/1286 elapsed=1102s
[fullgrid] heat 1085/1286 elapsed=1107s
[fullgrid] heat 1090/1286 elapsed=1112s
[fullgrid] heat 1095/1286 elapsed=1117s
[fullgrid] heat 1100/1286 elapsed=1121s
[fullgrid] heat 1105/1286 elapsed=1126s
[fullgrid] heat 1110/1286 elapsed=1131s
[fullgrid] heat 1115/1286 elapsed=1136s
[fullgrid] heat 1120/1286 elapsed=1140s
[fullgrid] heat 1125/1286 elapsed=1145s
[fullgrid] heat 1130/1286 elapsed=1150s
[fullgrid] heat 1135/1286 elapsed=1155s
[fullgrid] heat 1140/1286 elapsed=1159s
[fullgrid] heat 1145/1286 elapsed=1164s
[fullgrid] heat 1150/1286 elapsed=1169s
[fullgrid] heat 1155/1286 elapsed=1174s
[fullgrid] heat 1160/1286 elapsed=1178s
[fullgrid] heat 1165/1286 elapsed=1183s
[fullgrid] heat 1170/1286 elapsed=1188s
[fullgrid] heat 1175/1286 elapsed=1193s
[fullgrid] heat 1180/1286 elapsed=1197s
[fullgrid] heat 1185/1286 elapsed=1202s
[fullgrid] heat 1190/1286 elapsed=1207s
[fullgrid] heat 1195/1286 elapsed=1212s
[fullgrid] heat 1200/1286 elapsed=1216s
[fullgrid] heat 1205/1286 elapsed=1221s
[fullgrid] heat 1210/1286 elapsed=1226s
[fullgrid] heat 1215/1286 elapsed=1231s
[fullgrid] heat 1220/1286 elapsed=1235s
[fullgrid] heat 1225/1286 elapsed=1240s
[fullgrid] heat 1230/1286 elapsed=1245s
[fullgrid] heat 1235/1286 elapsed=1249s
[fullgrid] heat 1240/1286 elapsed=1254s
[fullgrid] heat 1245/1286 elapsed=1259s
[fullgrid] heat 1250/1286 elapsed=1264s
[fullgrid] heat 1255/1286 elapsed=1268s
[fullgrid] heat 1260/1286 elapsed=1273s
[fullgrid] heat 1265/1286 elapsed=1278s
[fullgrid] heat 1270/1286 elapsed=1283s
[fullgrid] heat 1275/1286 elapsed=1287s
[fullgrid] heat 1280/1286 elapsed=1292s
[fullgrid] heat 1285/1286 elapsed=1297s
[fullgrid] DONE bloom-560m-fullgrid-100m-p1200-perchannel-john cells=102,559,744 nonzero=98,366,980 coverage=95.911881%
