/Users/john/fullgrid-venv/lib/python3.9/site-packages/urllib3/__init__.py:35: NotOpenSSLWarning: urllib3 v2 only supports OpenSSL 1.1.1+, currently the 'ssl' module is compiled with 'LibreSSL 2.8.3'. See: https://github.com/urllib3/urllib3/issues/3020
  warnings.warn(
[fullgrid] load tokenizer /Users/john/hf-internlm2-7b
[fullgrid] load model /Users/john/hf-internlm2-7b device=cpu dtype=bfloat16
`torch_dtype` is deprecated! Use `dtype` instead!
Loading checkpoint shards:   0%|          | 0/8 [00:00<?, ?it/s]Loading checkpoint shards: 100%|██████████| 8/8 [00:00<00:00, 237.75it/s]
past_key_values should not be None in from_legacy_cache()
[fullgrid] modules=161 channels=1,468,800 Q=10 S=10 cells=146,880,000
[fullgrid] pass1 calibration probes=256 heat_probes=1286
[fullgrid] calibration 5/256 elapsed=11s
[fullgrid] calibration 10/256 elapsed=13s
[fullgrid] calibration 15/256 elapsed=15s
[fullgrid] calibration 20/256 elapsed=19s
[fullgrid] calibration 25/256 elapsed=22s
[fullgrid] calibration 30/256 elapsed=25s
[fullgrid] calibration 35/256 elapsed=32s
[fullgrid] calibration 40/256 elapsed=47s
[fullgrid] calibration 45/256 elapsed=62s
[fullgrid] calibration 50/256 elapsed=78s
[fullgrid] calibration 55/256 elapsed=93s
[fullgrid] calibration 60/256 elapsed=108s
[fullgrid] calibration 65/256 elapsed=124s
[fullgrid] calibration 70/256 elapsed=139s
[fullgrid] calibration 75/256 elapsed=155s
[fullgrid] calibration 80/256 elapsed=171s
[fullgrid] calibration 85/256 elapsed=186s
[fullgrid] calibration 90/256 elapsed=201s
[fullgrid] calibration 95/256 elapsed=217s
[fullgrid] calibration 100/256 elapsed=232s
[fullgrid] calibration 105/256 elapsed=248s
[fullgrid] calibration 110/256 elapsed=263s
[fullgrid] calibration 115/256 elapsed=278s
[fullgrid] calibration 120/256 elapsed=294s
[fullgrid] calibration 125/256 elapsed=309s
[fullgrid] calibration 130/256 elapsed=325s
[fullgrid] calibration 135/256 elapsed=340s
[fullgrid] calibration 140/256 elapsed=355s
[fullgrid] calibration 145/256 elapsed=370s
[fullgrid] calibration 150/256 elapsed=385s
[fullgrid] calibration 155/256 elapsed=401s
[fullgrid] calibration 160/256 elapsed=416s
[fullgrid] calibration 165/256 elapsed=431s
[fullgrid] calibration 170/256 elapsed=446s
[fullgrid] calibration 175/256 elapsed=462s
[fullgrid] calibration 180/256 elapsed=477s
[fullgrid] calibration 185/256 elapsed=492s
[fullgrid] calibration 190/256 elapsed=508s
[fullgrid] calibration 195/256 elapsed=523s
[fullgrid] calibration 200/256 elapsed=539s
[fullgrid] calibration 205/256 elapsed=554s
[fullgrid] calibration 210/256 elapsed=569s
[fullgrid] calibration 215/256 elapsed=608s
[fullgrid] calibration 220/256 elapsed=661s
[fullgrid] calibration 225/256 elapsed=715s
[fullgrid] calibration 230/256 elapsed=769s
[fullgrid] calibration 235/256 elapsed=823s
[fullgrid] calibration 240/256 elapsed=876s
[fullgrid] calibration 245/256 elapsed=930s
[fullgrid] calibration 250/256 elapsed=984s
[fullgrid] calibration 255/256 elapsed=1038s
[fullgrid] pass2 heat fill
[fullgrid] heat 5/1286 elapsed=1074s
[fullgrid] heat 10/1286 elapsed=1080s
[fullgrid] heat 15/1286 elapsed=1086s
[fullgrid] heat 20/1286 elapsed=1093s
[fullgrid] heat 25/1286 elapsed=1099s
[fullgrid] heat 30/1286 elapsed=1105s
[fullgrid] heat 35/1286 elapsed=1111s
[fullgrid] heat 40/1286 elapsed=1116s
[fullgrid] heat 45/1286 elapsed=1123s
[fullgrid] heat 50/1286 elapsed=1129s
[fullgrid] heat 55/1286 elapsed=1135s
[fullgrid] heat 60/1286 elapsed=1140s
[fullgrid] heat 65/1286 elapsed=1146s
[fullgrid] heat 70/1286 elapsed=1151s
[fullgrid] heat 75/1286 elapsed=1158s
[fullgrid] heat 80/1286 elapsed=1165s
[fullgrid] heat 85/1286 elapsed=1172s
[fullgrid] heat 90/1286 elapsed=1178s
[fullgrid] heat 95/1286 elapsed=1185s
[fullgrid] heat 100/1286 elapsed=1190s
[fullgrid] heat 105/1286 elapsed=1197s
[fullgrid] heat 110/1286 elapsed=1203s
[fullgrid] heat 115/1286 elapsed=1209s
[fullgrid] heat 120/1286 elapsed=1216s
[fullgrid] heat 125/1286 elapsed=1222s
[fullgrid] heat 130/1286 elapsed=1229s
[fullgrid] heat 135/1286 elapsed=1235s
[fullgrid] heat 140/1286 elapsed=1241s
[fullgrid] heat 145/1286 elapsed=1248s
[fullgrid] heat 150/1286 elapsed=1255s
[fullgrid] heat 155/1286 elapsed=1261s
[fullgrid] heat 160/1286 elapsed=1269s
[fullgrid] heat 165/1286 elapsed=1275s
[fullgrid] heat 170/1286 elapsed=1293s
[fullgrid] heat 175/1286 elapsed=1314s
[fullgrid] heat 180/1286 elapsed=1333s
[fullgrid] heat 185/1286 elapsed=1353s
[fullgrid] heat 190/1286 elapsed=1373s
[fullgrid] heat 195/1286 elapsed=1392s
[fullgrid] heat 200/1286 elapsed=1411s
[fullgrid] heat 205/1286 elapsed=1430s
[fullgrid] heat 210/1286 elapsed=1449s
[fullgrid] heat 215/1286 elapsed=1467s
[fullgrid] heat 220/1286 elapsed=1486s
[fullgrid] heat 225/1286 elapsed=1505s
[fullgrid] heat 230/1286 elapsed=1523s
[fullgrid] heat 235/1286 elapsed=1542s
[fullgrid] heat 240/1286 elapsed=1560s
[fullgrid] heat 245/1286 elapsed=1578s
[fullgrid] heat 250/1286 elapsed=1596s
[fullgrid] heat 255/1286 elapsed=1615s
[fullgrid] heat 260/1286 elapsed=1633s
[fullgrid] heat 265/1286 elapsed=1651s
[fullgrid] heat 270/1286 elapsed=1669s
[fullgrid] heat 275/1286 elapsed=1687s
[fullgrid] heat 280/1286 elapsed=1705s
[fullgrid] heat 285/1286 elapsed=1723s
[fullgrid] heat 290/1286 elapsed=1741s
[fullgrid] heat 295/1286 elapsed=1760s
[fullgrid] heat 300/1286 elapsed=1778s
[fullgrid] heat 305/1286 elapsed=1796s
[fullgrid] heat 310/1286 elapsed=1815s
[fullgrid] heat 315/1286 elapsed=1833s
[fullgrid] heat 320/1286 elapsed=1852s
[fullgrid] heat 325/1286 elapsed=1870s
[fullgrid] heat 330/1286 elapsed=1889s
[fullgrid] heat 335/1286 elapsed=1908s
[fullgrid] heat 340/1286 elapsed=1926s
[fullgrid] heat 345/1286 elapsed=1945s
[fullgrid] heat 350/1286 elapsed=1964s
[fullgrid] heat 355/1286 elapsed=1982s
[fullgrid] heat 360/1286 elapsed=2001s
[fullgrid] heat 365/1286 elapsed=2019s
[fullgrid] heat 370/1286 elapsed=2038s
[fullgrid] heat 375/1286 elapsed=2056s
[fullgrid] heat 380/1286 elapsed=2075s
[fullgrid] heat 385/1286 elapsed=2094s
[fullgrid] heat 390/1286 elapsed=2112s
[fullgrid] heat 395/1286 elapsed=2131s
[fullgrid] heat 400/1286 elapsed=2149s
[fullgrid] heat 405/1286 elapsed=2168s
[fullgrid] heat 410/1286 elapsed=2187s
[fullgrid] heat 415/1286 elapsed=2205s
[fullgrid] heat 420/1286 elapsed=2224s
[fullgrid] heat 425/1286 elapsed=2242s
[fullgrid] heat 430/1286 elapsed=2260s
[fullgrid] heat 435/1286 elapsed=2279s
[fullgrid] heat 440/1286 elapsed=2297s
[fullgrid] heat 445/1286 elapsed=2315s
[fullgrid] heat 450/1286 elapsed=2334s
[fullgrid] heat 455/1286 elapsed=2352s
[fullgrid] heat 460/1286 elapsed=2370s
[fullgrid] heat 465/1286 elapsed=2388s
[fullgrid] heat 470/1286 elapsed=2407s
[fullgrid] heat 475/1286 elapsed=2425s
[fullgrid] heat 480/1286 elapsed=2443s
[fullgrid] heat 485/1286 elapsed=2461s
[fullgrid] heat 490/1286 elapsed=2480s
[fullgrid] heat 495/1286 elapsed=2498s
[fullgrid] heat 500/1286 elapsed=2516s
[fullgrid] heat 505/1286 elapsed=2535s
[fullgrid] heat 510/1286 elapsed=2553s
[fullgrid] heat 515/1286 elapsed=2571s
[fullgrid] heat 520/1286 elapsed=2590s
[fullgrid] heat 525/1286 elapsed=2608s
[fullgrid] heat 530/1286 elapsed=2626s
[fullgrid] heat 535/1286 elapsed=2644s
[fullgrid] heat 540/1286 elapsed=2663s
[fullgrid] heat 545/1286 elapsed=2681s
[fullgrid] heat 550/1286 elapsed=2699s
[fullgrid] heat 555/1286 elapsed=2718s
[fullgrid] heat 560/1286 elapsed=2736s
[fullgrid] heat 565/1286 elapsed=2754s
[fullgrid] heat 570/1286 elapsed=2772s
[fullgrid] heat 575/1286 elapsed=2791s
[fullgrid] heat 580/1286 elapsed=2809s
[fullgrid] heat 585/1286 elapsed=2827s
[fullgrid] heat 590/1286 elapsed=2846s
[fullgrid] heat 595/1286 elapsed=2864s
[fullgrid] heat 600/1286 elapsed=2882s
[fullgrid] heat 605/1286 elapsed=2900s
[fullgrid] heat 610/1286 elapsed=2919s
[fullgrid] heat 615/1286 elapsed=2937s
[fullgrid] heat 620/1286 elapsed=2955s
[fullgrid] heat 625/1286 elapsed=2974s
[fullgrid] heat 630/1286 elapsed=2992s
[fullgrid] heat 635/1286 elapsed=3010s
[fullgrid] heat 640/1286 elapsed=3028s
[fullgrid] heat 645/1286 elapsed=3047s
[fullgrid] heat 650/1286 elapsed=3065s
[fullgrid] heat 655/1286 elapsed=3083s
[fullgrid] heat 660/1286 elapsed=3101s
[fullgrid] heat 665/1286 elapsed=3120s
[fullgrid] heat 670/1286 elapsed=3138s
[fullgrid] heat 675/1286 elapsed=3156s
[fullgrid] heat 680/1286 elapsed=3175s
[fullgrid] heat 685/1286 elapsed=3192s
[fullgrid] heat 690/1286 elapsed=3211s
[fullgrid] heat 695/1286 elapsed=3229s
[fullgrid] heat 700/1286 elapsed=3247s
[fullgrid] heat 705/1286 elapsed=3265s
[fullgrid] heat 710/1286 elapsed=3283s
[fullgrid] heat 715/1286 elapsed=3301s
[fullgrid] heat 720/1286 elapsed=3319s
[fullgrid] heat 725/1286 elapsed=3337s
[fullgrid] heat 730/1286 elapsed=3355s
[fullgrid] heat 735/1286 elapsed=3373s
[fullgrid] heat 740/1286 elapsed=3391s
[fullgrid] heat 745/1286 elapsed=3409s
[fullgrid] heat 750/1286 elapsed=3427s
[fullgrid] heat 755/1286 elapsed=3445s
[fullgrid] heat 760/1286 elapsed=3463s
[fullgrid] heat 765/1286 elapsed=3481s
[fullgrid] heat 770/1286 elapsed=3499s
[fullgrid] heat 775/1286 elapsed=3517s
[fullgrid] heat 780/1286 elapsed=3535s
[fullgrid] heat 785/1286 elapsed=3553s
[fullgrid] heat 790/1286 elapsed=3571s
[fullgrid] heat 795/1286 elapsed=3589s
[fullgrid] heat 800/1286 elapsed=3607s
[fullgrid] heat 805/1286 elapsed=3625s
[fullgrid] heat 810/1286 elapsed=3643s
[fullgrid] heat 815/1286 elapsed=3661s
[fullgrid] heat 820/1286 elapsed=3680s
[fullgrid] heat 825/1286 elapsed=3698s
[fullgrid] heat 830/1286 elapsed=3716s
[fullgrid] heat 835/1286 elapsed=3735s
[fullgrid] heat 840/1286 elapsed=3753s
[fullgrid] heat 845/1286 elapsed=3771s
[fullgrid] heat 850/1286 elapsed=3789s
[fullgrid] heat 855/1286 elapsed=3808s
[fullgrid] heat 860/1286 elapsed=3826s
[fullgrid] heat 865/1286 elapsed=3844s
[fullgrid] heat 870/1286 elapsed=3862s
[fullgrid] heat 875/1286 elapsed=3881s
[fullgrid] heat 880/1286 elapsed=3899s
[fullgrid] heat 885/1286 elapsed=3917s
[fullgrid] heat 890/1286 elapsed=3935s
[fullgrid] heat 895/1286 elapsed=3954s
[fullgrid] heat 900/1286 elapsed=3972s
[fullgrid] heat 905/1286 elapsed=3990s
[fullgrid] heat 910/1286 elapsed=4009s
[fullgrid] heat 915/1286 elapsed=4027s
[fullgrid] heat 920/1286 elapsed=4045s
[fullgrid] heat 925/1286 elapsed=4063s
[fullgrid] heat 930/1286 elapsed=4082s
[fullgrid] heat 935/1286 elapsed=4100s
[fullgrid] heat 940/1286 elapsed=4118s
[fullgrid] heat 945/1286 elapsed=4136s
[fullgrid] heat 950/1286 elapsed=4155s
[fullgrid] heat 955/1286 elapsed=4173s
[fullgrid] heat 960/1286 elapsed=4191s
[fullgrid] heat 965/1286 elapsed=4209s
[fullgrid] heat 970/1286 elapsed=4228s
[fullgrid] heat 975/1286 elapsed=4246s
[fullgrid] heat 980/1286 elapsed=4264s
[fullgrid] heat 985/1286 elapsed=4283s
[fullgrid] heat 990/1286 elapsed=4301s
[fullgrid] heat 995/1286 elapsed=4319s
[fullgrid] heat 1000/1286 elapsed=4337s
[fullgrid] heat 1005/1286 elapsed=4356s
[fullgrid] heat 1010/1286 elapsed=4374s
[fullgrid] heat 1015/1286 elapsed=4392s
[fullgrid] heat 1020/1286 elapsed=4410s
[fullgrid] heat 1025/1286 elapsed=4429s
[fullgrid] heat 1030/1286 elapsed=4447s
[fullgrid] heat 1035/1286 elapsed=4465s
[fullgrid] heat 1040/1286 elapsed=4484s
[fullgrid] heat 1045/1286 elapsed=4502s
[fullgrid] heat 1050/1286 elapsed=4520s
[fullgrid] heat 1055/1286 elapsed=4539s
[fullgrid] heat 1060/1286 elapsed=4557s
[fullgrid] heat 1065/1286 elapsed=4575s
[fullgrid] heat 1070/1286 elapsed=4625s
[fullgrid] heat 1075/1286 elapsed=4682s
[fullgrid] heat 1080/1286 elapsed=4739s
[fullgrid] heat 1085/1286 elapsed=4797s
[fullgrid] heat 1090/1286 elapsed=4854s
[fullgrid] heat 1095/1286 elapsed=4911s
[fullgrid] heat 1100/1286 elapsed=4969s
[fullgrid] heat 1105/1286 elapsed=5026s
[fullgrid] heat 1110/1286 elapsed=5084s
[fullgrid] heat 1115/1286 elapsed=5141s
[fullgrid] heat 1120/1286 elapsed=5198s
[fullgrid] heat 1125/1286 elapsed=5256s
[fullgrid] heat 1130/1286 elapsed=5313s
[fullgrid] heat 1135/1286 elapsed=5370s
[fullgrid] heat 1140/1286 elapsed=5428s
[fullgrid] heat 1145/1286 elapsed=5485s
[fullgrid] heat 1150/1286 elapsed=5542s
[fullgrid] heat 1155/1286 elapsed=5600s
[fullgrid] heat 1160/1286 elapsed=5657s
[fullgrid] heat 1165/1286 elapsed=5714s
[fullgrid] heat 1170/1286 elapsed=5771s
[fullgrid] heat 1175/1286 elapsed=5829s
[fullgrid] heat 1180/1286 elapsed=5886s
[fullgrid] heat 1185/1286 elapsed=5943s
[fullgrid] heat 1190/1286 elapsed=6000s
[fullgrid] heat 1195/1286 elapsed=6058s
[fullgrid] heat 1200/1286 elapsed=6115s
[fullgrid] heat 1205/1286 elapsed=6172s
[fullgrid] heat 1210/1286 elapsed=6229s
[fullgrid] heat 1215/1286 elapsed=6287s
[fullgrid] heat 1220/1286 elapsed=6344s
[fullgrid] heat 1225/1286 elapsed=6401s
[fullgrid] heat 1230/1286 elapsed=6459s
[fullgrid] heat 1235/1286 elapsed=6516s
[fullgrid] heat 1240/1286 elapsed=6573s
[fullgrid] heat 1245/1286 elapsed=6630s
[fullgrid] heat 1250/1286 elapsed=6688s
[fullgrid] heat 1255/1286 elapsed=6745s
[fullgrid] heat 1260/1286 elapsed=6802s
[fullgrid] heat 1265/1286 elapsed=6860s
[fullgrid] heat 1270/1286 elapsed=6917s
[fullgrid] heat 1275/1286 elapsed=6974s
[fullgrid] heat 1280/1286 elapsed=7032s
[fullgrid] heat 1285/1286 elapsed=7089s
[fullgrid] DONE internlm2-7b-fullgrid-100m-p1200-perchannel-fd4096 cells=146,880,000 nonzero=133,476,494 coverage=90.874519%
