/Users/john/fullgrid-venv/lib/python3.9/site-packages/urllib3/__init__.py:35: NotOpenSSLWarning: urllib3 v2 only supports OpenSSL 1.1.1+, currently the 'ssl' module is compiled with 'LibreSSL 2.8.3'. See: https://github.com/urllib3/urllib3/issues/3020
  warnings.warn(
[fullgrid] load tokenizer microsoft/phi-2
[fullgrid] load model microsoft/phi-2 device=cpu dtype=bfloat16
`torch_dtype` is deprecated! Use `dtype` instead!
Fetching 2 files:   0%|          | 0/2 [00:00<?, ?it/s]Fetching 2 files:  50%|█████     | 1/2 [07:06<07:06, 426.61s/it]Fetching 2 files: 100%|██████████| 2/2 [07:06<00:00, 213.30s/it]
Loading checkpoint shards:   0%|          | 0/2 [00:00<?, ?it/s]Loading checkpoint shards:  50%|█████     | 1/2 [00:02<00:02,  2.68s/it]Loading checkpoint shards: 100%|██████████| 2/2 [00:03<00:00,  1.30s/it]Loading checkpoint shards: 100%|██████████| 2/2 [00:03<00:00,  1.50s/it]
[fullgrid] modules=226 channels=872,960 Q=11 S=11 cells=105,628,160
[fullgrid] pass1 calibration probes=256 heat_probes=1286
[fullgrid] calibration 5/256 elapsed=440s
[fullgrid] calibration 10/256 elapsed=441s
[fullgrid] calibration 15/256 elapsed=442s
[fullgrid] calibration 20/256 elapsed=443s
[fullgrid] calibration 25/256 elapsed=445s
[fullgrid] calibration 30/256 elapsed=446s
[fullgrid] calibration 35/256 elapsed=450s
[fullgrid] calibration 40/256 elapsed=455s
[fullgrid] calibration 45/256 elapsed=460s
[fullgrid] calibration 50/256 elapsed=465s
[fullgrid] calibration 55/256 elapsed=470s
[fullgrid] calibration 60/256 elapsed=475s
[fullgrid] calibration 65/256 elapsed=481s
[fullgrid] calibration 70/256 elapsed=486s
[fullgrid] calibration 75/256 elapsed=491s
[fullgrid] calibration 80/256 elapsed=497s
[fullgrid] calibration 85/256 elapsed=502s
[fullgrid] calibration 90/256 elapsed=508s
[fullgrid] calibration 95/256 elapsed=513s
[fullgrid] calibration 100/256 elapsed=518s
[fullgrid] calibration 105/256 elapsed=524s
[fullgrid] calibration 110/256 elapsed=529s
[fullgrid] calibration 115/256 elapsed=535s
[fullgrid] calibration 120/256 elapsed=540s
[fullgrid] calibration 125/256 elapsed=545s
[fullgrid] calibration 130/256 elapsed=551s
[fullgrid] calibration 135/256 elapsed=556s
[fullgrid] calibration 140/256 elapsed=562s
[fullgrid] calibration 145/256 elapsed=567s
[fullgrid] calibration 150/256 elapsed=572s
[fullgrid] calibration 155/256 elapsed=578s
[fullgrid] calibration 160/256 elapsed=583s
[fullgrid] calibration 165/256 elapsed=588s
[fullgrid] calibration 170/256 elapsed=594s
[fullgrid] calibration 175/256 elapsed=599s
[fullgrid] calibration 180/256 elapsed=605s
[fullgrid] calibration 185/256 elapsed=610s
[fullgrid] calibration 190/256 elapsed=616s
[fullgrid] calibration 195/256 elapsed=622s
[fullgrid] calibration 200/256 elapsed=627s
[fullgrid] calibration 205/256 elapsed=633s
[fullgrid] calibration 210/256 elapsed=639s
[fullgrid] calibration 215/256 elapsed=652s
[fullgrid] calibration 220/256 elapsed=671s
[fullgrid] calibration 225/256 elapsed=689s
[fullgrid] calibration 230/256 elapsed=708s
[fullgrid] calibration 235/256 elapsed=726s
[fullgrid] calibration 240/256 elapsed=745s
[fullgrid] calibration 245/256 elapsed=763s
[fullgrid] calibration 250/256 elapsed=782s
[fullgrid] calibration 255/256 elapsed=800s
[fullgrid] pass2 heat fill
[fullgrid] heat 5/1286 elapsed=818s
[fullgrid] heat 10/1286 elapsed=822s
[fullgrid] heat 15/1286 elapsed=825s
[fullgrid] heat 20/1286 elapsed=829s
[fullgrid] heat 25/1286 elapsed=832s
[fullgrid] heat 30/1286 elapsed=836s
[fullgrid] heat 35/1286 elapsed=840s
[fullgrid] heat 40/1286 elapsed=843s
[fullgrid] heat 45/1286 elapsed=847s
[fullgrid] heat 50/1286 elapsed=851s
[fullgrid] heat 55/1286 elapsed=855s
[fullgrid] heat 60/1286 elapsed=860s
[fullgrid] heat 65/1286 elapsed=863s
[fullgrid] heat 70/1286 elapsed=867s
[fullgrid] heat 75/1286 elapsed=870s
[fullgrid] heat 80/1286 elapsed=874s
[fullgrid] heat 85/1286 elapsed=878s
[fullgrid] heat 90/1286 elapsed=882s
[fullgrid] heat 95/1286 elapsed=885s
[fullgrid] heat 100/1286 elapsed=889s
[fullgrid] heat 105/1286 elapsed=892s
[fullgrid] heat 110/1286 elapsed=896s
[fullgrid] heat 115/1286 elapsed=899s
[fullgrid] heat 120/1286 elapsed=903s
[fullgrid] heat 125/1286 elapsed=909s
[fullgrid] heat 130/1286 elapsed=914s
[fullgrid] heat 135/1286 elapsed=918s
[fullgrid] heat 140/1286 elapsed=921s
[fullgrid] heat 145/1286 elapsed=925s
[fullgrid] heat 150/1286 elapsed=929s
[fullgrid] heat 155/1286 elapsed=932s
[fullgrid] heat 160/1286 elapsed=938s
[fullgrid] heat 165/1286 elapsed=944s
[fullgrid] heat 170/1286 elapsed=951s
[fullgrid] heat 175/1286 elapsed=958s
[fullgrid] heat 180/1286 elapsed=966s
[fullgrid] heat 185/1286 elapsed=974s
[fullgrid] heat 190/1286 elapsed=982s
[fullgrid] heat 195/1286 elapsed=990s
[fullgrid] heat 200/1286 elapsed=997s
[fullgrid] heat 205/1286 elapsed=1005s
[fullgrid] heat 210/1286 elapsed=1013s
[fullgrid] heat 215/1286 elapsed=1020s
[fullgrid] heat 220/1286 elapsed=1028s
[fullgrid] heat 225/1286 elapsed=1036s
[fullgrid] heat 230/1286 elapsed=1044s
[fullgrid] heat 235/1286 elapsed=1051s
[fullgrid] heat 240/1286 elapsed=1059s
[fullgrid] heat 245/1286 elapsed=1067s
[fullgrid] heat 250/1286 elapsed=1074s
[fullgrid] heat 255/1286 elapsed=1082s
[fullgrid] heat 260/1286 elapsed=1090s
[fullgrid] heat 265/1286 elapsed=1097s
[fullgrid] heat 270/1286 elapsed=1105s
[fullgrid] heat 275/1286 elapsed=1113s
[fullgrid] heat 280/1286 elapsed=1120s
[fullgrid] heat 285/1286 elapsed=1128s
[fullgrid] heat 290/1286 elapsed=1136s
[fullgrid] heat 295/1286 elapsed=1143s
[fullgrid] heat 300/1286 elapsed=1151s
[fullgrid] heat 305/1286 elapsed=1159s
[fullgrid] heat 310/1286 elapsed=1167s
[fullgrid] heat 315/1286 elapsed=1174s
[fullgrid] heat 320/1286 elapsed=1182s
[fullgrid] heat 325/1286 elapsed=1190s
[fullgrid] heat 330/1286 elapsed=1198s
[fullgrid] heat 335/1286 elapsed=1205s
[fullgrid] heat 340/1286 elapsed=1213s
[fullgrid] heat 345/1286 elapsed=1221s
[fullgrid] heat 350/1286 elapsed=1228s
[fullgrid] heat 355/1286 elapsed=1236s
[fullgrid] heat 360/1286 elapsed=1244s
[fullgrid] heat 365/1286 elapsed=1251s
[fullgrid] heat 370/1286 elapsed=1259s
[fullgrid] heat 375/1286 elapsed=1267s
[fullgrid] heat 380/1286 elapsed=1275s
[fullgrid] heat 385/1286 elapsed=1282s
[fullgrid] heat 390/1286 elapsed=1290s
[fullgrid] heat 395/1286 elapsed=1298s
[fullgrid] heat 400/1286 elapsed=1305s
[fullgrid] heat 405/1286 elapsed=1313s
[fullgrid] heat 410/1286 elapsed=1321s
[fullgrid] heat 415/1286 elapsed=1329s
[fullgrid] heat 420/1286 elapsed=1336s
[fullgrid] heat 425/1286 elapsed=1344s
[fullgrid] heat 430/1286 elapsed=1352s
[fullgrid] heat 435/1286 elapsed=1359s
[fullgrid] heat 440/1286 elapsed=1367s
[fullgrid] heat 445/1286 elapsed=1374s
[fullgrid] heat 450/1286 elapsed=1382s
[fullgrid] heat 455/1286 elapsed=1390s
[fullgrid] heat 460/1286 elapsed=1397s
[fullgrid] heat 465/1286 elapsed=1405s
[fullgrid] heat 470/1286 elapsed=1412s
[fullgrid] heat 475/1286 elapsed=1420s
[fullgrid] heat 480/1286 elapsed=1428s
[fullgrid] heat 485/1286 elapsed=1435s
[fullgrid] heat 490/1286 elapsed=1443s
[fullgrid] heat 495/1286 elapsed=1451s
[fullgrid] heat 500/1286 elapsed=1458s
[fullgrid] heat 505/1286 elapsed=1466s
[fullgrid] heat 510/1286 elapsed=1474s
[fullgrid] heat 515/1286 elapsed=1481s
[fullgrid] heat 520/1286 elapsed=1489s
[fullgrid] heat 525/1286 elapsed=1496s
[fullgrid] heat 530/1286 elapsed=1504s
[fullgrid] heat 535/1286 elapsed=1512s
[fullgrid] heat 540/1286 elapsed=1519s
[fullgrid] heat 545/1286 elapsed=1527s
[fullgrid] heat 550/1286 elapsed=1535s
[fullgrid] heat 555/1286 elapsed=1543s
[fullgrid] heat 560/1286 elapsed=1550s
[fullgrid] heat 565/1286 elapsed=1558s
[fullgrid] heat 570/1286 elapsed=1566s
[fullgrid] heat 575/1286 elapsed=1573s
[fullgrid] heat 580/1286 elapsed=1581s
[fullgrid] heat 585/1286 elapsed=1588s
[fullgrid] heat 590/1286 elapsed=1596s
[fullgrid] heat 595/1286 elapsed=1604s
[fullgrid] heat 600/1286 elapsed=1611s
[fullgrid] heat 605/1286 elapsed=1619s
[fullgrid] heat 610/1286 elapsed=1627s
[fullgrid] heat 615/1286 elapsed=1634s
[fullgrid] heat 620/1286 elapsed=1642s
[fullgrid] heat 625/1286 elapsed=1650s
[fullgrid] heat 630/1286 elapsed=1657s
[fullgrid] heat 635/1286 elapsed=1665s
[fullgrid] heat 640/1286 elapsed=1673s
[fullgrid] heat 645/1286 elapsed=1681s
[fullgrid] heat 650/1286 elapsed=1688s
[fullgrid] heat 655/1286 elapsed=1696s
[fullgrid] heat 660/1286 elapsed=1704s
[fullgrid] heat 665/1286 elapsed=1711s
[fullgrid] heat 670/1286 elapsed=1719s
[fullgrid] heat 675/1286 elapsed=1727s
[fullgrid] heat 680/1286 elapsed=1734s
[fullgrid] heat 685/1286 elapsed=1742s
[fullgrid] heat 690/1286 elapsed=1750s
[fullgrid] heat 695/1286 elapsed=1757s
[fullgrid] heat 700/1286 elapsed=1765s
[fullgrid] heat 705/1286 elapsed=1773s
[fullgrid] heat 710/1286 elapsed=1780s
[fullgrid] heat 715/1286 elapsed=1788s
[fullgrid] heat 720/1286 elapsed=1795s
[fullgrid] heat 725/1286 elapsed=1803s
[fullgrid] heat 730/1286 elapsed=1811s
[fullgrid] heat 735/1286 elapsed=1818s
[fullgrid] heat 740/1286 elapsed=1826s
[fullgrid] heat 745/1286 elapsed=1834s
[fullgrid] heat 750/1286 elapsed=1841s
[fullgrid] heat 755/1286 elapsed=1849s
[fullgrid] heat 760/1286 elapsed=1856s
[fullgrid] heat 765/1286 elapsed=1864s
[fullgrid] heat 770/1286 elapsed=1872s
[fullgrid] heat 775/1286 elapsed=1879s
[fullgrid] heat 780/1286 elapsed=1887s
[fullgrid] heat 785/1286 elapsed=1895s
[fullgrid] heat 790/1286 elapsed=1902s
[fullgrid] heat 795/1286 elapsed=1910s
[fullgrid] heat 800/1286 elapsed=1918s
[fullgrid] heat 805/1286 elapsed=1925s
[fullgrid] heat 810/1286 elapsed=1933s
[fullgrid] heat 815/1286 elapsed=1941s
[fullgrid] heat 820/1286 elapsed=1949s
[fullgrid] heat 825/1286 elapsed=1956s
[fullgrid] heat 830/1286 elapsed=1964s
[fullgrid] heat 835/1286 elapsed=1972s
[fullgrid] heat 840/1286 elapsed=1979s
[fullgrid] heat 845/1286 elapsed=1987s
[fullgrid] heat 850/1286 elapsed=1995s
[fullgrid] heat 855/1286 elapsed=2002s
[fullgrid] heat 860/1286 elapsed=2010s
[fullgrid] heat 865/1286 elapsed=2018s
[fullgrid] heat 870/1286 elapsed=2026s
[fullgrid] heat 875/1286 elapsed=2034s
[fullgrid] heat 880/1286 elapsed=2041s
[fullgrid] heat 885/1286 elapsed=2049s
[fullgrid] heat 890/1286 elapsed=2057s
[fullgrid] heat 895/1286 elapsed=2065s
[fullgrid] heat 900/1286 elapsed=2072s
[fullgrid] heat 905/1286 elapsed=2080s
[fullgrid] heat 910/1286 elapsed=2088s
[fullgrid] heat 915/1286 elapsed=2096s
[fullgrid] heat 920/1286 elapsed=2103s
[fullgrid] heat 925/1286 elapsed=2111s
[fullgrid] heat 930/1286 elapsed=2119s
[fullgrid] heat 935/1286 elapsed=2127s
[fullgrid] heat 940/1286 elapsed=2135s
[fullgrid] heat 945/1286 elapsed=2143s
[fullgrid] heat 950/1286 elapsed=2150s
[fullgrid] heat 955/1286 elapsed=2158s
[fullgrid] heat 960/1286 elapsed=2166s
[fullgrid] heat 965/1286 elapsed=2174s
[fullgrid] heat 970/1286 elapsed=2182s
[fullgrid] heat 975/1286 elapsed=2190s
[fullgrid] heat 980/1286 elapsed=2198s
[fullgrid] heat 985/1286 elapsed=2206s
[fullgrid] heat 990/1286 elapsed=2214s
[fullgrid] heat 995/1286 elapsed=2222s
[fullgrid] heat 1000/1286 elapsed=2230s
[fullgrid] heat 1005/1286 elapsed=2238s
[fullgrid] heat 1010/1286 elapsed=2246s
[fullgrid] heat 1015/1286 elapsed=2254s
[fullgrid] heat 1020/1286 elapsed=2262s
[fullgrid] heat 1025/1286 elapsed=2270s
[fullgrid] heat 1030/1286 elapsed=2278s
[fullgrid] heat 1035/1286 elapsed=2286s
[fullgrid] heat 1040/1286 elapsed=2294s
[fullgrid] heat 1045/1286 elapsed=2301s
[fullgrid] heat 1050/1286 elapsed=2309s
[fullgrid] heat 1055/1286 elapsed=2317s
[fullgrid] heat 1060/1286 elapsed=2325s
[fullgrid] heat 1065/1286 elapsed=2333s
[fullgrid] heat 1070/1286 elapsed=2351s
[fullgrid] heat 1075/1286 elapsed=2372s
[fullgrid] heat 1080/1286 elapsed=2393s
[fullgrid] heat 1085/1286 elapsed=2414s
[fullgrid] heat 1090/1286 elapsed=2435s
[fullgrid] heat 1095/1286 elapsed=2456s
[fullgrid] heat 1100/1286 elapsed=2477s
[fullgrid] heat 1105/1286 elapsed=2498s
[fullgrid] heat 1110/1286 elapsed=2519s
[fullgrid] heat 1115/1286 elapsed=2540s
[fullgrid] heat 1120/1286 elapsed=2561s
[fullgrid] heat 1125/1286 elapsed=2582s
[fullgrid] heat 1130/1286 elapsed=2603s
[fullgrid] heat 1135/1286 elapsed=2624s
[fullgrid] heat 1140/1286 elapsed=2645s
[fullgrid] heat 1145/1286 elapsed=2666s
[fullgrid] heat 1150/1286 elapsed=2687s
[fullgrid] heat 1155/1286 elapsed=2708s
[fullgrid] heat 1160/1286 elapsed=2729s
[fullgrid] heat 1165/1286 elapsed=2750s
[fullgrid] heat 1170/1286 elapsed=2771s
[fullgrid] heat 1175/1286 elapsed=2792s
[fullgrid] heat 1180/1286 elapsed=2813s
[fullgrid] heat 1185/1286 elapsed=2834s
[fullgrid] heat 1190/1286 elapsed=2855s
[fullgrid] heat 1195/1286 elapsed=2876s
[fullgrid] heat 1200/1286 elapsed=2897s
[fullgrid] heat 1205/1286 elapsed=2918s
[fullgrid] heat 1210/1286 elapsed=2939s
[fullgrid] heat 1215/1286 elapsed=2960s
[fullgrid] heat 1220/1286 elapsed=2981s
[fullgrid] heat 1225/1286 elapsed=3002s
[fullgrid] heat 1230/1286 elapsed=3023s
[fullgrid] heat 1235/1286 elapsed=3044s
[fullgrid] heat 1240/1286 elapsed=3065s
[fullgrid] heat 1245/1286 elapsed=3086s
[fullgrid] heat 1250/1286 elapsed=3107s
[fullgrid] heat 1255/1286 elapsed=3128s
[fullgrid] heat 1260/1286 elapsed=3149s
[fullgrid] heat 1265/1286 elapsed=3170s
[fullgrid] heat 1270/1286 elapsed=3191s
[fullgrid] heat 1275/1286 elapsed=3212s
[fullgrid] heat 1280/1286 elapsed=3233s
[fullgrid] heat 1285/1286 elapsed=3254s
[fullgrid] DONE phi-2-fullgrid-100m-p1200-perchannel-john cells=105,628,160 nonzero=102,507,942 coverage=97.046036%
