/Users/john/fullgrid-venv/lib/python3.9/site-packages/urllib3/__init__.py:35: NotOpenSSLWarning: urllib3 v2 only supports OpenSSL 1.1.1+, currently the 'ssl' module is compiled with 'LibreSSL 2.8.3'. See: https://github.com/urllib3/urllib3/issues/3020
  warnings.warn(
[fullgrid] load tokenizer EleutherAI/pythia-2.8b
[fullgrid] load model EleutherAI/pythia-2.8b device=cpu dtype=bfloat16
`torch_dtype` is deprecated! Use `dtype` instead!
[fullgrid] modules=194 channels=953,984 Q=10 S=11 cells=104,938,240
[fullgrid] pass1 calibration probes=256 heat_probes=1286
[fullgrid] calibration 5/256 elapsed=437s
[fullgrid] calibration 10/256 elapsed=438s
[fullgrid] calibration 15/256 elapsed=439s
[fullgrid] calibration 20/256 elapsed=440s
[fullgrid] calibration 25/256 elapsed=441s
[fullgrid] calibration 30/256 elapsed=442s
[fullgrid] calibration 35/256 elapsed=445s
[fullgrid] calibration 40/256 elapsed=450s
[fullgrid] calibration 45/256 elapsed=455s
[fullgrid] calibration 50/256 elapsed=459s
[fullgrid] calibration 55/256 elapsed=464s
[fullgrid] calibration 60/256 elapsed=469s
[fullgrid] calibration 65/256 elapsed=474s
[fullgrid] calibration 70/256 elapsed=479s
[fullgrid] calibration 75/256 elapsed=485s
[fullgrid] calibration 80/256 elapsed=490s
[fullgrid] calibration 85/256 elapsed=495s
[fullgrid] calibration 90/256 elapsed=500s
[fullgrid] calibration 95/256 elapsed=505s
[fullgrid] calibration 100/256 elapsed=510s
[fullgrid] calibration 105/256 elapsed=515s
[fullgrid] calibration 110/256 elapsed=520s
[fullgrid] calibration 115/256 elapsed=526s
[fullgrid] calibration 120/256 elapsed=531s
[fullgrid] calibration 125/256 elapsed=536s
[fullgrid] calibration 130/256 elapsed=541s
[fullgrid] calibration 135/256 elapsed=546s
[fullgrid] calibration 140/256 elapsed=551s
[fullgrid] calibration 145/256 elapsed=556s
[fullgrid] calibration 150/256 elapsed=561s
[fullgrid] calibration 155/256 elapsed=566s
[fullgrid] calibration 160/256 elapsed=572s
[fullgrid] calibration 165/256 elapsed=577s
[fullgrid] calibration 170/256 elapsed=582s
[fullgrid] calibration 175/256 elapsed=587s
[fullgrid] calibration 180/256 elapsed=592s
[fullgrid] calibration 185/256 elapsed=598s
[fullgrid] calibration 190/256 elapsed=603s
[fullgrid] calibration 195/256 elapsed=608s
[fullgrid] calibration 200/256 elapsed=614s
[fullgrid] calibration 205/256 elapsed=619s
[fullgrid] calibration 210/256 elapsed=625s
[fullgrid] calibration 215/256 elapsed=638s
[fullgrid] calibration 220/256 elapsed=656s
[fullgrid] calibration 225/256 elapsed=674s
[fullgrid] calibration 230/256 elapsed=692s
[fullgrid] calibration 235/256 elapsed=711s
[fullgrid] calibration 240/256 elapsed=729s
[fullgrid] calibration 245/256 elapsed=747s
[fullgrid] calibration 250/256 elapsed=766s
[fullgrid] calibration 255/256 elapsed=784s
[fullgrid] pass2 heat fill
[fullgrid] heat 5/1286 elapsed=803s
[fullgrid] heat 10/1286 elapsed=806s
[fullgrid] heat 15/1286 elapsed=810s
[fullgrid] heat 20/1286 elapsed=813s
[fullgrid] heat 25/1286 elapsed=817s
[fullgrid] heat 30/1286 elapsed=820s
[fullgrid] heat 35/1286 elapsed=824s
[fullgrid] heat 40/1286 elapsed=827s
[fullgrid] heat 45/1286 elapsed=831s
[fullgrid] heat 50/1286 elapsed=835s
[fullgrid] heat 55/1286 elapsed=838s
[fullgrid] heat 60/1286 elapsed=842s
[fullgrid] heat 65/1286 elapsed=846s
[fullgrid] heat 70/1286 elapsed=849s
[fullgrid] heat 75/1286 elapsed=853s
[fullgrid] heat 80/1286 elapsed=856s
[fullgrid] heat 85/1286 elapsed=860s
[fullgrid] heat 90/1286 elapsed=864s
[fullgrid] heat 95/1286 elapsed=867s
[fullgrid] heat 100/1286 elapsed=871s
[fullgrid] heat 105/1286 elapsed=874s
[fullgrid] heat 110/1286 elapsed=878s
[fullgrid] heat 115/1286 elapsed=882s
[fullgrid] heat 120/1286 elapsed=885s
[fullgrid] heat 125/1286 elapsed=890s
[fullgrid] heat 130/1286 elapsed=894s
[fullgrid] heat 135/1286 elapsed=898s
[fullgrid] heat 140/1286 elapsed=901s
[fullgrid] heat 145/1286 elapsed=905s
[fullgrid] heat 150/1286 elapsed=908s
[fullgrid] heat 155/1286 elapsed=912s
[fullgrid] heat 160/1286 elapsed=917s
[fullgrid] heat 165/1286 elapsed=921s
[fullgrid] heat 170/1286 elapsed=928s
[fullgrid] heat 175/1286 elapsed=935s
[fullgrid] heat 180/1286 elapsed=943s
[fullgrid] heat 185/1286 elapsed=951s
[fullgrid] heat 190/1286 elapsed=958s
[fullgrid] heat 195/1286 elapsed=966s
[fullgrid] heat 200/1286 elapsed=974s
[fullgrid] heat 205/1286 elapsed=981s
[fullgrid] heat 210/1286 elapsed=989s
[fullgrid] heat 215/1286 elapsed=996s
[fullgrid] heat 220/1286 elapsed=1004s
[fullgrid] heat 225/1286 elapsed=1012s
[fullgrid] heat 230/1286 elapsed=1019s
[fullgrid] heat 235/1286 elapsed=1027s
[fullgrid] heat 240/1286 elapsed=1034s
[fullgrid] heat 245/1286 elapsed=1042s
[fullgrid] heat 250/1286 elapsed=1049s
[fullgrid] heat 255/1286 elapsed=1057s
[fullgrid] heat 260/1286 elapsed=1064s
[fullgrid] heat 265/1286 elapsed=1072s
[fullgrid] heat 270/1286 elapsed=1079s
[fullgrid] heat 275/1286 elapsed=1087s
[fullgrid] heat 280/1286 elapsed=1094s
[fullgrid] heat 285/1286 elapsed=1102s
[fullgrid] heat 290/1286 elapsed=1109s
[fullgrid] heat 295/1286 elapsed=1117s
[fullgrid] heat 300/1286 elapsed=1124s
[fullgrid] heat 305/1286 elapsed=1132s
[fullgrid] heat 310/1286 elapsed=1139s
[fullgrid] heat 315/1286 elapsed=1147s
[fullgrid] heat 320/1286 elapsed=1154s
[fullgrid] heat 325/1286 elapsed=1162s
[fullgrid] heat 330/1286 elapsed=1169s
[fullgrid] heat 335/1286 elapsed=1177s
[fullgrid] heat 340/1286 elapsed=1184s
[fullgrid] heat 345/1286 elapsed=1192s
[fullgrid] heat 350/1286 elapsed=1199s
[fullgrid] heat 355/1286 elapsed=1207s
[fullgrid] heat 360/1286 elapsed=1215s
[fullgrid] heat 365/1286 elapsed=1222s
[fullgrid] heat 370/1286 elapsed=1230s
[fullgrid] heat 375/1286 elapsed=1237s
[fullgrid] heat 380/1286 elapsed=1245s
[fullgrid] heat 385/1286 elapsed=1252s
[fullgrid] heat 390/1286 elapsed=1260s
[fullgrid] heat 395/1286 elapsed=1267s
[fullgrid] heat 400/1286 elapsed=1275s
[fullgrid] heat 405/1286 elapsed=1282s
[fullgrid] heat 410/1286 elapsed=1290s
[fullgrid] heat 415/1286 elapsed=1297s
[fullgrid] heat 420/1286 elapsed=1305s
[fullgrid] heat 425/1286 elapsed=1312s
[fullgrid] heat 430/1286 elapsed=1320s
[fullgrid] heat 435/1286 elapsed=1327s
[fullgrid] heat 440/1286 elapsed=1334s
[fullgrid] heat 445/1286 elapsed=1342s
[fullgrid] heat 450/1286 elapsed=1349s
[fullgrid] heat 455/1286 elapsed=1356s
[fullgrid] heat 460/1286 elapsed=1364s
[fullgrid] heat 465/1286 elapsed=1371s
[fullgrid] heat 470/1286 elapsed=1379s
[fullgrid] heat 475/1286 elapsed=1386s
[fullgrid] heat 480/1286 elapsed=1394s
[fullgrid] heat 485/1286 elapsed=1401s
[fullgrid] heat 490/1286 elapsed=1408s
[fullgrid] heat 495/1286 elapsed=1416s
[fullgrid] heat 500/1286 elapsed=1423s
[fullgrid] heat 505/1286 elapsed=1431s
[fullgrid] heat 510/1286 elapsed=1438s
[fullgrid] heat 515/1286 elapsed=1445s
[fullgrid] heat 520/1286 elapsed=1453s
[fullgrid] heat 525/1286 elapsed=1460s
[fullgrid] heat 530/1286 elapsed=1468s
[fullgrid] heat 535/1286 elapsed=1475s
[fullgrid] heat 540/1286 elapsed=1483s
[fullgrid] heat 545/1286 elapsed=1490s
[fullgrid] heat 550/1286 elapsed=1498s
[fullgrid] heat 555/1286 elapsed=1505s
[fullgrid] heat 560/1286 elapsed=1512s
[fullgrid] heat 565/1286 elapsed=1520s
[fullgrid] heat 570/1286 elapsed=1527s
[fullgrid] heat 575/1286 elapsed=1534s
[fullgrid] heat 580/1286 elapsed=1542s
[fullgrid] heat 585/1286 elapsed=1549s
[fullgrid] heat 590/1286 elapsed=1557s
[fullgrid] heat 595/1286 elapsed=1564s
[fullgrid] heat 600/1286 elapsed=1572s
[fullgrid] heat 605/1286 elapsed=1579s
[fullgrid] heat 610/1286 elapsed=1587s
[fullgrid] heat 615/1286 elapsed=1594s
[fullgrid] heat 620/1286 elapsed=1601s
[fullgrid] heat 625/1286 elapsed=1609s
[fullgrid] heat 630/1286 elapsed=1616s
[fullgrid] heat 635/1286 elapsed=1624s
[fullgrid] heat 640/1286 elapsed=1631s
[fullgrid] heat 645/1286 elapsed=1639s
[fullgrid] heat 650/1286 elapsed=1646s
[fullgrid] heat 655/1286 elapsed=1653s
[fullgrid] heat 660/1286 elapsed=1661s
[fullgrid] heat 665/1286 elapsed=1668s
[fullgrid] heat 670/1286 elapsed=1676s
[fullgrid] heat 675/1286 elapsed=1683s
[fullgrid] heat 680/1286 elapsed=1691s
[fullgrid] heat 685/1286 elapsed=1698s
[fullgrid] heat 690/1286 elapsed=1705s
[fullgrid] heat 695/1286 elapsed=1712s
[fullgrid] heat 700/1286 elapsed=1720s
[fullgrid] heat 705/1286 elapsed=1727s
[fullgrid] heat 710/1286 elapsed=1735s
[fullgrid] heat 715/1286 elapsed=1742s
[fullgrid] heat 720/1286 elapsed=1749s
[fullgrid] heat 725/1286 elapsed=1757s
[fullgrid] heat 730/1286 elapsed=1764s
[fullgrid] heat 735/1286 elapsed=1771s
[fullgrid] heat 740/1286 elapsed=1778s
[fullgrid] heat 745/1286 elapsed=1786s
[fullgrid] heat 750/1286 elapsed=1793s
[fullgrid] heat 755/1286 elapsed=1801s
[fullgrid] heat 760/1286 elapsed=1808s
[fullgrid] heat 765/1286 elapsed=1816s
[fullgrid] heat 770/1286 elapsed=1823s
[fullgrid] heat 775/1286 elapsed=1830s
[fullgrid] heat 780/1286 elapsed=1838s
[fullgrid] heat 785/1286 elapsed=1845s
[fullgrid] heat 790/1286 elapsed=1852s
[fullgrid] heat 795/1286 elapsed=1860s
[fullgrid] heat 800/1286 elapsed=1867s
[fullgrid] heat 805/1286 elapsed=1875s
[fullgrid] heat 810/1286 elapsed=1882s
[fullgrid] heat 815/1286 elapsed=1890s
[fullgrid] heat 820/1286 elapsed=1897s
[fullgrid] heat 825/1286 elapsed=1905s
[fullgrid] heat 830/1286 elapsed=1912s
[fullgrid] heat 835/1286 elapsed=1920s
[fullgrid] heat 840/1286 elapsed=1927s
[fullgrid] heat 845/1286 elapsed=1935s
[fullgrid] heat 850/1286 elapsed=1942s
[fullgrid] heat 855/1286 elapsed=1950s
[fullgrid] heat 860/1286 elapsed=1957s
[fullgrid] heat 865/1286 elapsed=1965s
[fullgrid] heat 870/1286 elapsed=1972s
[fullgrid] heat 875/1286 elapsed=1980s
[fullgrid] heat 880/1286 elapsed=1987s
[fullgrid] heat 885/1286 elapsed=1995s
[fullgrid] heat 890/1286 elapsed=2002s
[fullgrid] heat 895/1286 elapsed=2010s
[fullgrid] heat 900/1286 elapsed=2017s
[fullgrid] heat 905/1286 elapsed=2025s
[fullgrid] heat 910/1286 elapsed=2032s
[fullgrid] heat 915/1286 elapsed=2040s
[fullgrid] heat 920/1286 elapsed=2047s
[fullgrid] heat 925/1286 elapsed=2055s
[fullgrid] heat 930/1286 elapsed=2063s
[fullgrid] heat 935/1286 elapsed=2070s
[fullgrid] heat 940/1286 elapsed=2078s
[fullgrid] heat 945/1286 elapsed=2086s
[fullgrid] heat 950/1286 elapsed=2093s
[fullgrid] heat 955/1286 elapsed=2101s
[fullgrid] heat 960/1286 elapsed=2109s
[fullgrid] heat 965/1286 elapsed=2117s
[fullgrid] heat 970/1286 elapsed=2124s
[fullgrid] heat 975/1286 elapsed=2132s
[fullgrid] heat 980/1286 elapsed=2140s
[fullgrid] heat 985/1286 elapsed=2147s
[fullgrid] heat 990/1286 elapsed=2155s
[fullgrid] heat 995/1286 elapsed=2163s
[fullgrid] heat 1000/1286 elapsed=2171s
[fullgrid] heat 1005/1286 elapsed=2178s
[fullgrid] heat 1010/1286 elapsed=2186s
[fullgrid] heat 1015/1286 elapsed=2194s
[fullgrid] heat 1020/1286 elapsed=2202s
[fullgrid] heat 1025/1286 elapsed=2209s
[fullgrid] heat 1030/1286 elapsed=2217s
[fullgrid] heat 1035/1286 elapsed=2225s
[fullgrid] heat 1040/1286 elapsed=2232s
[fullgrid] heat 1045/1286 elapsed=2240s
[fullgrid] heat 1050/1286 elapsed=2248s
[fullgrid] heat 1055/1286 elapsed=2255s
[fullgrid] heat 1060/1286 elapsed=2263s
[fullgrid] heat 1065/1286 elapsed=2271s
[fullgrid] heat 1070/1286 elapsed=2289s
[fullgrid] heat 1075/1286 elapsed=2309s
[fullgrid] heat 1080/1286 elapsed=2330s
[fullgrid] heat 1085/1286 elapsed=2351s
[fullgrid] heat 1090/1286 elapsed=2372s
[fullgrid] heat 1095/1286 elapsed=2393s
[fullgrid] heat 1100/1286 elapsed=2413s
[fullgrid] heat 1105/1286 elapsed=2434s
[fullgrid] heat 1110/1286 elapsed=2455s
[fullgrid] heat 1115/1286 elapsed=2476s
[fullgrid] heat 1120/1286 elapsed=2497s
[fullgrid] heat 1125/1286 elapsed=2517s
[fullgrid] heat 1130/1286 elapsed=2538s
[fullgrid] heat 1135/1286 elapsed=2559s
[fullgrid] heat 1140/1286 elapsed=2580s
[fullgrid] heat 1145/1286 elapsed=2600s
[fullgrid] heat 1150/1286 elapsed=2621s
[fullgrid] heat 1155/1286 elapsed=2642s
[fullgrid] heat 1160/1286 elapsed=2662s
[fullgrid] heat 1165/1286 elapsed=2683s
[fullgrid] heat 1170/1286 elapsed=2704s
[fullgrid] heat 1175/1286 elapsed=2725s
[fullgrid] heat 1180/1286 elapsed=2745s
[fullgrid] heat 1185/1286 elapsed=2766s
[fullgrid] heat 1190/1286 elapsed=2787s
[fullgrid] heat 1195/1286 elapsed=2808s
[fullgrid] heat 1200/1286 elapsed=2828s
[fullgrid] heat 1205/1286 elapsed=2849s
[fullgrid] heat 1210/1286 elapsed=2870s
[fullgrid] heat 1215/1286 elapsed=2891s
[fullgrid] heat 1220/1286 elapsed=2911s
[fullgrid] heat 1225/1286 elapsed=2932s
[fullgrid] heat 1230/1286 elapsed=2953s
[fullgrid] heat 1235/1286 elapsed=2973s
[fullgrid] heat 1240/1286 elapsed=2994s
[fullgrid] heat 1245/1286 elapsed=3015s
[fullgrid] heat 1250/1286 elapsed=3035s
[fullgrid] heat 1255/1286 elapsed=3056s
[fullgrid] heat 1260/1286 elapsed=3077s
[fullgrid] heat 1265/1286 elapsed=3098s
[fullgrid] heat 1270/1286 elapsed=3119s
[fullgrid] heat 1275/1286 elapsed=3139s
[fullgrid] heat 1280/1286 elapsed=3160s
[fullgrid] heat 1285/1286 elapsed=3181s
[fullgrid] DONE pythia-2.8b-fullgrid-100m-p1200-perchannel-john cells=104,938,240 nonzero=99,044,656 coverage=94.383759%
