/Users/john/fullgrid-venv/lib/python3.9/site-packages/urllib3/__init__.py:35: NotOpenSSLWarning: urllib3 v2 only supports OpenSSL 1.1.1+, currently the 'ssl' module is compiled with 'LibreSSL 2.8.3'. See: https://github.com/urllib3/urllib3/issues/3020
  warnings.warn(
[fullgrid] load tokenizer /Users/john/hf-qwen3b
[fullgrid] load model /Users/john/hf-qwen3b device=cpu dtype=float32
`torch_dtype` is deprecated! Use `dtype` instead!
Loading checkpoint shards:   0%|          | 0/2 [00:00<?, ?it/s]Loading checkpoint shards:  50%|█████     | 1/2 [00:00<00:00,  1.62it/s]Loading checkpoint shards: 100%|██████████| 2/2 [00:02<00:00,  1.07s/it]Loading checkpoint shards: 100%|██████████| 2/2 [00:02<00:00,  1.00s/it]
[fullgrid] modules=253 channels=1,184,128 Q=10 S=10 cells=118,412,800
[fullgrid] pass1 calibration probes=256 heat_probes=1286
[fullgrid] calibration 5/256 elapsed=7s
[fullgrid] calibration 10/256 elapsed=8s
[fullgrid] calibration 15/256 elapsed=9s
[fullgrid] calibration 20/256 elapsed=10s
[fullgrid] calibration 25/256 elapsed=11s
[fullgrid] calibration 30/256 elapsed=12s
[fullgrid] calibration 35/256 elapsed=13s
[fullgrid] calibration 40/256 elapsed=15s
[fullgrid] calibration 45/256 elapsed=16s
[fullgrid] calibration 50/256 elapsed=17s
[fullgrid] calibration 55/256 elapsed=19s
[fullgrid] calibration 60/256 elapsed=20s
[fullgrid] calibration 65/256 elapsed=22s
[fullgrid] calibration 70/256 elapsed=23s
[fullgrid] calibration 75/256 elapsed=24s
[fullgrid] calibration 80/256 elapsed=26s
[fullgrid] calibration 85/256 elapsed=27s
[fullgrid] calibration 90/256 elapsed=29s
[fullgrid] calibration 95/256 elapsed=30s
[fullgrid] calibration 100/256 elapsed=32s
[fullgrid] calibration 105/256 elapsed=33s
[fullgrid] calibration 110/256 elapsed=34s
[fullgrid] calibration 115/256 elapsed=36s
[fullgrid] calibration 120/256 elapsed=37s
[fullgrid] calibration 125/256 elapsed=39s
[fullgrid] calibration 130/256 elapsed=40s
[fullgrid] calibration 135/256 elapsed=41s
[fullgrid] calibration 140/256 elapsed=43s
[fullgrid] calibration 145/256 elapsed=44s
[fullgrid] calibration 150/256 elapsed=46s
[fullgrid] calibration 155/256 elapsed=47s
[fullgrid] calibration 160/256 elapsed=49s
[fullgrid] calibration 165/256 elapsed=50s
[fullgrid] calibration 170/256 elapsed=51s
[fullgrid] calibration 175/256 elapsed=53s
[fullgrid] calibration 180/256 elapsed=54s
[fullgrid] calibration 185/256 elapsed=56s
[fullgrid] calibration 190/256 elapsed=57s
[fullgrid] calibration 195/256 elapsed=58s
[fullgrid] calibration 200/256 elapsed=60s
[fullgrid] calibration 205/256 elapsed=61s
[fullgrid] calibration 210/256 elapsed=63s
[fullgrid] calibration 215/256 elapsed=65s
[fullgrid] calibration 220/256 elapsed=68s
[fullgrid] calibration 225/256 elapsed=71s
[fullgrid] calibration 230/256 elapsed=74s
[fullgrid] calibration 235/256 elapsed=77s
[fullgrid] calibration 240/256 elapsed=80s
[fullgrid] calibration 245/256 elapsed=83s
[fullgrid] calibration 250/256 elapsed=86s
[fullgrid] calibration 255/256 elapsed=89s
[fullgrid] pass2 heat fill
[fullgrid] heat 5/1286 elapsed=107s
[fullgrid] heat 10/1286 elapsed=111s
[fullgrid] heat 15/1286 elapsed=115s
[fullgrid] heat 20/1286 elapsed=120s
[fullgrid] heat 25/1286 elapsed=124s
[fullgrid] heat 30/1286 elapsed=128s
[fullgrid] heat 35/1286 elapsed=132s
[fullgrid] heat 40/1286 elapsed=136s
[fullgrid] heat 45/1286 elapsed=140s
[fullgrid] heat 50/1286 elapsed=144s
[fullgrid] heat 55/1286 elapsed=148s
[fullgrid] heat 60/1286 elapsed=152s
[fullgrid] heat 65/1286 elapsed=156s
[fullgrid] heat 70/1286 elapsed=160s
[fullgrid] heat 75/1286 elapsed=164s
[fullgrid] heat 80/1286 elapsed=168s
[fullgrid] heat 85/1286 elapsed=172s
[fullgrid] heat 90/1286 elapsed=176s
[fullgrid] heat 95/1286 elapsed=180s
[fullgrid] heat 100/1286 elapsed=184s
[fullgrid] heat 105/1286 elapsed=188s
[fullgrid] heat 110/1286 elapsed=192s
[fullgrid] heat 115/1286 elapsed=197s
[fullgrid] heat 120/1286 elapsed=201s
[fullgrid] heat 125/1286 elapsed=205s
[fullgrid] heat 130/1286 elapsed=209s
[fullgrid] heat 135/1286 elapsed=213s
[fullgrid] heat 140/1286 elapsed=217s
[fullgrid] heat 145/1286 elapsed=221s
[fullgrid] heat 150/1286 elapsed=225s
[fullgrid] heat 155/1286 elapsed=229s
[fullgrid] heat 160/1286 elapsed=233s
[fullgrid] heat 165/1286 elapsed=237s
[fullgrid] heat 170/1286 elapsed=242s
[fullgrid] heat 175/1286 elapsed=247s
[fullgrid] heat 180/1286 elapsed=251s
[fullgrid] heat 185/1286 elapsed=256s
[fullgrid] heat 190/1286 elapsed=261s
[fullgrid] heat 195/1286 elapsed=265s
[fullgrid] heat 200/1286 elapsed=270s
[fullgrid] heat 205/1286 elapsed=275s
[fullgrid] heat 210/1286 elapsed=280s
[fullgrid] heat 215/1286 elapsed=284s
[fullgrid] heat 220/1286 elapsed=289s
[fullgrid] heat 225/1286 elapsed=294s
[fullgrid] heat 230/1286 elapsed=298s
[fullgrid] heat 235/1286 elapsed=303s
[fullgrid] heat 240/1286 elapsed=308s
[fullgrid] heat 245/1286 elapsed=313s
[fullgrid] heat 250/1286 elapsed=317s
[fullgrid] heat 255/1286 elapsed=322s
[fullgrid] heat 260/1286 elapsed=327s
[fullgrid] heat 265/1286 elapsed=331s
[fullgrid] heat 270/1286 elapsed=336s
[fullgrid] heat 275/1286 elapsed=341s
[fullgrid] heat 280/1286 elapsed=345s
[fullgrid] heat 285/1286 elapsed=350s
[fullgrid] heat 290/1286 elapsed=355s
[fullgrid] heat 295/1286 elapsed=360s
[fullgrid] heat 300/1286 elapsed=364s
[fullgrid] heat 305/1286 elapsed=369s
[fullgrid] heat 310/1286 elapsed=374s
[fullgrid] heat 315/1286 elapsed=379s
[fullgrid] heat 320/1286 elapsed=383s
[fullgrid] heat 325/1286 elapsed=388s
[fullgrid] heat 330/1286 elapsed=393s
[fullgrid] heat 335/1286 elapsed=398s
[fullgrid] heat 340/1286 elapsed=402s
[fullgrid] heat 345/1286 elapsed=407s
[fullgrid] heat 350/1286 elapsed=412s
[fullgrid] heat 355/1286 elapsed=417s
[fullgrid] heat 360/1286 elapsed=421s
[fullgrid] heat 365/1286 elapsed=426s
[fullgrid] heat 370/1286 elapsed=431s
[fullgrid] heat 375/1286 elapsed=436s
[fullgrid] heat 380/1286 elapsed=441s
[fullgrid] heat 385/1286 elapsed=445s
[fullgrid] heat 390/1286 elapsed=450s
[fullgrid] heat 395/1286 elapsed=455s
[fullgrid] heat 400/1286 elapsed=459s
[fullgrid] heat 405/1286 elapsed=464s
[fullgrid] heat 410/1286 elapsed=469s
[fullgrid] heat 415/1286 elapsed=474s
[fullgrid] heat 420/1286 elapsed=478s
[fullgrid] heat 425/1286 elapsed=483s
[fullgrid] heat 430/1286 elapsed=488s
[fullgrid] heat 435/1286 elapsed=493s
[fullgrid] heat 440/1286 elapsed=497s
[fullgrid] heat 445/1286 elapsed=502s
[fullgrid] heat 450/1286 elapsed=507s
[fullgrid] heat 455/1286 elapsed=512s
[fullgrid] heat 460/1286 elapsed=516s
[fullgrid] heat 465/1286 elapsed=521s
[fullgrid] heat 470/1286 elapsed=526s
[fullgrid] heat 475/1286 elapsed=531s
[fullgrid] heat 480/1286 elapsed=535s
[fullgrid] heat 485/1286 elapsed=540s
[fullgrid] heat 490/1286 elapsed=545s
[fullgrid] heat 495/1286 elapsed=550s
[fullgrid] heat 500/1286 elapsed=554s
[fullgrid] heat 505/1286 elapsed=559s
[fullgrid] heat 510/1286 elapsed=564s
[fullgrid] heat 515/1286 elapsed=569s
[fullgrid] heat 520/1286 elapsed=573s
[fullgrid] heat 525/1286 elapsed=578s
[fullgrid] heat 530/1286 elapsed=583s
[fullgrid] heat 535/1286 elapsed=588s
[fullgrid] heat 540/1286 elapsed=592s
[fullgrid] heat 545/1286 elapsed=597s
[fullgrid] heat 550/1286 elapsed=602s
[fullgrid] heat 555/1286 elapsed=606s
[fullgrid] heat 560/1286 elapsed=611s
[fullgrid] heat 565/1286 elapsed=616s
[fullgrid] heat 570/1286 elapsed=621s
[fullgrid] heat 575/1286 elapsed=626s
[fullgrid] heat 580/1286 elapsed=630s
[fullgrid] heat 585/1286 elapsed=635s
[fullgrid] heat 590/1286 elapsed=640s
[fullgrid] heat 595/1286 elapsed=645s
[fullgrid] heat 600/1286 elapsed=650s
[fullgrid] heat 605/1286 elapsed=655s
[fullgrid] heat 610/1286 elapsed=659s
[fullgrid] heat 615/1286 elapsed=664s
[fullgrid] heat 620/1286 elapsed=669s
[fullgrid] heat 625/1286 elapsed=674s
[fullgrid] heat 630/1286 elapsed=679s
[fullgrid] heat 635/1286 elapsed=684s
[fullgrid] heat 640/1286 elapsed=688s
[fullgrid] heat 645/1286 elapsed=693s
[fullgrid] heat 650/1286 elapsed=698s
[fullgrid] heat 655/1286 elapsed=703s
[fullgrid] heat 660/1286 elapsed=708s
[fullgrid] heat 665/1286 elapsed=712s
[fullgrid] heat 670/1286 elapsed=717s
[fullgrid] heat 675/1286 elapsed=722s
[fullgrid] heat 680/1286 elapsed=727s
[fullgrid] heat 685/1286 elapsed=732s
[fullgrid] heat 690/1286 elapsed=737s
[fullgrid] heat 695/1286 elapsed=741s
[fullgrid] heat 700/1286 elapsed=746s
[fullgrid] heat 705/1286 elapsed=751s
[fullgrid] heat 710/1286 elapsed=756s
[fullgrid] heat 715/1286 elapsed=761s
[fullgrid] heat 720/1286 elapsed=765s
[fullgrid] heat 725/1286 elapsed=770s
[fullgrid] heat 730/1286 elapsed=775s
[fullgrid] heat 735/1286 elapsed=780s
[fullgrid] heat 740/1286 elapsed=785s
[fullgrid] heat 745/1286 elapsed=789s
[fullgrid] heat 750/1286 elapsed=794s
[fullgrid] heat 755/1286 elapsed=799s
[fullgrid] heat 760/1286 elapsed=804s
[fullgrid] heat 765/1286 elapsed=809s
[fullgrid] heat 770/1286 elapsed=813s
[fullgrid] heat 775/1286 elapsed=818s
[fullgrid] heat 780/1286 elapsed=823s
[fullgrid] heat 785/1286 elapsed=828s
[fullgrid] heat 790/1286 elapsed=833s
[fullgrid] heat 795/1286 elapsed=837s
[fullgrid] heat 800/1286 elapsed=842s
[fullgrid] heat 805/1286 elapsed=847s
[fullgrid] heat 810/1286 elapsed=852s
[fullgrid] heat 815/1286 elapsed=857s
[fullgrid] heat 820/1286 elapsed=861s
[fullgrid] heat 825/1286 elapsed=866s
[fullgrid] heat 830/1286 elapsed=871s
[fullgrid] heat 835/1286 elapsed=876s
[fullgrid] heat 840/1286 elapsed=881s
[fullgrid] heat 845/1286 elapsed=886s
[fullgrid] heat 850/1286 elapsed=890s
[fullgrid] heat 855/1286 elapsed=895s
[fullgrid] heat 860/1286 elapsed=900s
[fullgrid] heat 865/1286 elapsed=905s
[fullgrid] heat 870/1286 elapsed=910s
[fullgrid] heat 875/1286 elapsed=915s
[fullgrid] heat 880/1286 elapsed=919s
[fullgrid] heat 885/1286 elapsed=924s
[fullgrid] heat 890/1286 elapsed=929s
[fullgrid] heat 895/1286 elapsed=934s
[fullgrid] heat 900/1286 elapsed=939s
[fullgrid] heat 905/1286 elapsed=944s
[fullgrid] heat 910/1286 elapsed=948s
[fullgrid] heat 915/1286 elapsed=953s
[fullgrid] heat 920/1286 elapsed=958s
[fullgrid] heat 925/1286 elapsed=963s
[fullgrid] heat 930/1286 elapsed=968s
[fullgrid] heat 935/1286 elapsed=972s
[fullgrid] heat 940/1286 elapsed=977s
[fullgrid] heat 945/1286 elapsed=982s
[fullgrid] heat 950/1286 elapsed=987s
[fullgrid] heat 955/1286 elapsed=992s
[fullgrid] heat 960/1286 elapsed=997s
[fullgrid] heat 965/1286 elapsed=1001s
[fullgrid] heat 970/1286 elapsed=1006s
[fullgrid] heat 975/1286 elapsed=1011s
[fullgrid] heat 980/1286 elapsed=1016s
[fullgrid] heat 985/1286 elapsed=1021s
[fullgrid] heat 990/1286 elapsed=1026s
[fullgrid] heat 995/1286 elapsed=1030s
[fullgrid] heat 1000/1286 elapsed=1035s
[fullgrid] heat 1005/1286 elapsed=1040s
[fullgrid] heat 1010/1286 elapsed=1045s
[fullgrid] heat 1015/1286 elapsed=1049s
[fullgrid] heat 1020/1286 elapsed=1054s
[fullgrid] heat 1025/1286 elapsed=1059s
[fullgrid] heat 1030/1286 elapsed=1064s
[fullgrid] heat 1035/1286 elapsed=1069s
[fullgrid] heat 1040/1286 elapsed=1074s
[fullgrid] heat 1045/1286 elapsed=1078s
[fullgrid] heat 1050/1286 elapsed=1083s
[fullgrid] heat 1055/1286 elapsed=1088s
[fullgrid] heat 1060/1286 elapsed=1093s
[fullgrid] heat 1065/1286 elapsed=1098s
[fullgrid] heat 1070/1286 elapsed=1104s
[fullgrid] heat 1075/1286 elapsed=1110s
[fullgrid] heat 1080/1286 elapsed=1117s
[fullgrid] heat 1085/1286 elapsed=1124s
[fullgrid] heat 1090/1286 elapsed=1130s
[fullgrid] heat 1095/1286 elapsed=1137s
[fullgrid] heat 1100/1286 elapsed=1143s
[fullgrid] heat 1105/1286 elapsed=1150s
[fullgrid] heat 1110/1286 elapsed=1156s
[fullgrid] heat 1115/1286 elapsed=1163s
[fullgrid] heat 1120/1286 elapsed=1169s
[fullgrid] heat 1125/1286 elapsed=1176s
[fullgrid] heat 1130/1286 elapsed=1183s
[fullgrid] heat 1135/1286 elapsed=1189s
[fullgrid] heat 1140/1286 elapsed=1196s
[fullgrid] heat 1145/1286 elapsed=1202s
[fullgrid] heat 1150/1286 elapsed=1209s
[fullgrid] heat 1155/1286 elapsed=1215s
[fullgrid] heat 1160/1286 elapsed=1222s
[fullgrid] heat 1165/1286 elapsed=1228s
[fullgrid] heat 1170/1286 elapsed=1235s
[fullgrid] heat 1175/1286 elapsed=1241s
[fullgrid] heat 1180/1286 elapsed=1248s
[fullgrid] heat 1185/1286 elapsed=1254s
[fullgrid] heat 1190/1286 elapsed=1261s
[fullgrid] heat 1195/1286 elapsed=1267s
[fullgrid] heat 1200/1286 elapsed=1274s
[fullgrid] heat 1205/1286 elapsed=1280s
[fullgrid] heat 1210/1286 elapsed=1287s
[fullgrid] heat 1215/1286 elapsed=1293s
[fullgrid] heat 1220/1286 elapsed=1300s
[fullgrid] heat 1225/1286 elapsed=1306s
[fullgrid] heat 1230/1286 elapsed=1313s
[fullgrid] heat 1235/1286 elapsed=1319s
[fullgrid] heat 1240/1286 elapsed=1326s
[fullgrid] heat 1245/1286 elapsed=1332s
[fullgrid] heat 1250/1286 elapsed=1339s
[fullgrid] heat 1255/1286 elapsed=1345s
[fullgrid] heat 1260/1286 elapsed=1352s
[fullgrid] heat 1265/1286 elapsed=1358s
[fullgrid] heat 1270/1286 elapsed=1365s
[fullgrid] heat 1275/1286 elapsed=1371s
[fullgrid] heat 1280/1286 elapsed=1378s
[fullgrid] heat 1285/1286 elapsed=1385s
[fullgrid] DONE qwen3b-fullgrid-100m-p1200-perchannel-fd4096 cells=118,412,800 nonzero=112,348,243 coverage=94.878462%
