[fullgrid] load tokenizer /home/ai/hf_models/gemma-2-2b-it
[fullgrid] load model /home/ai/hf_models/gemma-2-2b-it device=cpu dtype=bfloat16
`torch_dtype` is deprecated! Use `dtype` instead!
/home/ai/qaic-env/lib/python3.10/site-packages/onnxscript/converter.py:816: FutureWarning: 'onnxscript.values.Op.param_schemas' is deprecated in version 0.1 and will be removed in the future. Please use '.op_signature' instead.
  param_schemas = callee.param_schemas()
/home/ai/qaic-env/lib/python3.10/site-packages/onnxscript/converter.py:816: FutureWarning: 'onnxscript.values.OnnxFunction.param_schemas' is deprecated in version 0.1 and will be removed in the future. Please use '.op_signature' instead.
  param_schemas = callee.param_schemas()
Loading checkpoint shards:   0%|          | 0/2 [00:00<?, ?it/s]Loading checkpoint shards: 100%|██████████| 2/2 [00:00<00:00, 70.79it/s]
[fullgrid] modules=183 channels=961,536 Q=10 S=11 cells=105,768,960
[fullgrid] pass1 calibration probes=256 heat_probes=1286
[fullgrid] calibration 5/256 elapsed=76s
[fullgrid] calibration 10/256 elapsed=138s
[fullgrid] calibration 15/256 elapsed=190s
[fullgrid] calibration 20/256 elapsed=266s
[fullgrid] calibration 25/256 elapsed=342s
[fullgrid] calibration 30/256 elapsed=427s
[fullgrid] calibration 35/256 elapsed=617s
[fullgrid] calibration 40/256 elapsed=1015s
[fullgrid] calibration 45/256 elapsed=1413s
[fullgrid] calibration 50/256 elapsed=1811s
[fullgrid] calibration 55/256 elapsed=2212s
[fullgrid] calibration 60/256 elapsed=2625s
[fullgrid] calibration 65/256 elapsed=3043s
[fullgrid] calibration 70/256 elapsed=3468s
[fullgrid] calibration 75/256 elapsed=3894s
[fullgrid] calibration 80/256 elapsed=4315s
[fullgrid] calibration 85/256 elapsed=4739s
[fullgrid] calibration 90/256 elapsed=5155s
[fullgrid] calibration 95/256 elapsed=5572s
[fullgrid] calibration 100/256 elapsed=5987s
[fullgrid] calibration 105/256 elapsed=6406s
[fullgrid] calibration 110/256 elapsed=6823s
[fullgrid] calibration 115/256 elapsed=7240s
[fullgrid] calibration 120/256 elapsed=7661s
[fullgrid] calibration 125/256 elapsed=8079s
[fullgrid] calibration 130/256 elapsed=8500s
[fullgrid] calibration 135/256 elapsed=8917s
[fullgrid] calibration 140/256 elapsed=9329s
[fullgrid] calibration 145/256 elapsed=9738s
[fullgrid] calibration 150/256 elapsed=10151s
[fullgrid] calibration 155/256 elapsed=10561s
[fullgrid] calibration 160/256 elapsed=10975s
[fullgrid] calibration 165/256 elapsed=11389s
[fullgrid] calibration 170/256 elapsed=11807s
[fullgrid] calibration 175/256 elapsed=12225s
[fullgrid] calibration 180/256 elapsed=12641s
[fullgrid] calibration 185/256 elapsed=13059s
[fullgrid] calibration 190/256 elapsed=13479s
[fullgrid] calibration 195/256 elapsed=13904s
[fullgrid] calibration 200/256 elapsed=14324s
[fullgrid] calibration 205/256 elapsed=14750s
[fullgrid] calibration 210/256 elapsed=15173s
[fullgrid] calibration 215/256 elapsed=16101s
[fullgrid] calibration 220/256 elapsed=17365s
[fullgrid] calibration 225/256 elapsed=18629s
[fullgrid] calibration 230/256 elapsed=19893s
[fullgrid] calibration 235/256 elapsed=21156s
[fullgrid] calibration 240/256 elapsed=22420s
[fullgrid] calibration 245/256 elapsed=23684s
[fullgrid] calibration 250/256 elapsed=24948s
[fullgrid] calibration 255/256 elapsed=26211s
[fullgrid] pass2 heat fill
[fullgrid] heat 5/1286 elapsed=26545s
[fullgrid] heat 10/1286 elapsed=26612s
[fullgrid] heat 15/1286 elapsed=26699s
[fullgrid] heat 20/1286 elapsed=26784s
[fullgrid] heat 25/1286 elapsed=26849s
[fullgrid] heat 30/1286 elapsed=26930s
[fullgrid] heat 35/1286 elapsed=26980s
[fullgrid] heat 40/1286 elapsed=27024s
[fullgrid] heat 45/1286 elapsed=27114s
[fullgrid] heat 50/1286 elapsed=27198s
[fullgrid] heat 55/1286 elapsed=27245s
[fullgrid] heat 60/1286 elapsed=27306s
[fullgrid] heat 65/1286 elapsed=27358s
[fullgrid] heat 70/1286 elapsed=27411s
[fullgrid] heat 75/1286 elapsed=27484s
[fullgrid] heat 80/1286 elapsed=27575s
[fullgrid] heat 85/1286 elapsed=27662s
[fullgrid] heat 90/1286 elapsed=27740s
[fullgrid] heat 95/1286 elapsed=27814s
[fullgrid] heat 100/1286 elapsed=27869s
[fullgrid] heat 105/1286 elapsed=27936s
[fullgrid] heat 110/1286 elapsed=28011s
[fullgrid] heat 115/1286 elapsed=28084s
[fullgrid] heat 120/1286 elapsed=28153s
[fullgrid] heat 125/1286 elapsed=28241s
[fullgrid] heat 130/1286 elapsed=28323s
[fullgrid] heat 135/1286 elapsed=28394s
[fullgrid] heat 140/1286 elapsed=28467s
[fullgrid] heat 145/1286 elapsed=28553s
[fullgrid] heat 150/1286 elapsed=28624s
[fullgrid] heat 155/1286 elapsed=28689s
[fullgrid] heat 160/1286 elapsed=28781s
[fullgrid] heat 165/1286 elapsed=28851s
[fullgrid] heat 170/1286 elapsed=29174s
[fullgrid] heat 175/1286 elapsed=29555s
[fullgrid] heat 180/1286 elapsed=29956s
[fullgrid] heat 185/1286 elapsed=30355s
[fullgrid] heat 190/1286 elapsed=30757s
[fullgrid] heat 195/1286 elapsed=31165s
[fullgrid] heat 200/1286 elapsed=31563s
[fullgrid] heat 205/1286 elapsed=31965s
[fullgrid] heat 210/1286 elapsed=32373s
[fullgrid] heat 215/1286 elapsed=32770s
[fullgrid] heat 220/1286 elapsed=33173s
[fullgrid] heat 225/1286 elapsed=33578s
[fullgrid] heat 230/1286 elapsed=33981s
[fullgrid] heat 235/1286 elapsed=34382s
[fullgrid] heat 240/1286 elapsed=34783s
[fullgrid] heat 245/1286 elapsed=35190s
[fullgrid] heat 250/1286 elapsed=35591s
[fullgrid] heat 255/1286 elapsed=35987s
[fullgrid] heat 260/1286 elapsed=36395s
[fullgrid] heat 265/1286 elapsed=36798s
[fullgrid] heat 270/1286 elapsed=37210s
[fullgrid] heat 275/1286 elapsed=37628s
[fullgrid] heat 280/1286 elapsed=38046s
[fullgrid] heat 285/1286 elapsed=38458s
[fullgrid] heat 290/1286 elapsed=38873s
[fullgrid] heat 295/1286 elapsed=39293s
[fullgrid] heat 300/1286 elapsed=39714s
[fullgrid] heat 305/1286 elapsed=40134s
[fullgrid] heat 310/1286 elapsed=40561s
[fullgrid] heat 315/1286 elapsed=40991s
[fullgrid] heat 320/1286 elapsed=41418s
[fullgrid] heat 325/1286 elapsed=41845s
[fullgrid] heat 330/1286 elapsed=42279s
[fullgrid] heat 335/1286 elapsed=42703s
[fullgrid] heat 340/1286 elapsed=43130s
[fullgrid] heat 345/1286 elapsed=43564s
[fullgrid] heat 350/1286 elapsed=43991s
[fullgrid] heat 355/1286 elapsed=44418s
[fullgrid] heat 360/1286 elapsed=44850s
[fullgrid] heat 365/1286 elapsed=45278s
[fullgrid] heat 370/1286 elapsed=45705s
[fullgrid] heat 375/1286 elapsed=46131s
[fullgrid] heat 380/1286 elapsed=46564s
[fullgrid] heat 385/1286 elapsed=46994s
[fullgrid] heat 390/1286 elapsed=47417s
[fullgrid] heat 395/1286 elapsed=47849s
[fullgrid] heat 400/1286 elapsed=48281s
[fullgrid] heat 405/1286 elapsed=48704s
[fullgrid] heat 410/1286 elapsed=49135s
[fullgrid] heat 415/1286 elapsed=49564s
[fullgrid] heat 420/1286 elapsed=49991s
[fullgrid] heat 425/1286 elapsed=50417s
[fullgrid] heat 430/1286 elapsed=50838s
[fullgrid] heat 435/1286 elapsed=51261s
[fullgrid] heat 440/1286 elapsed=51683s
[fullgrid] heat 445/1286 elapsed=52103s
[fullgrid] heat 450/1286 elapsed=52531s
[fullgrid] heat 455/1286 elapsed=52946s
[fullgrid] heat 460/1286 elapsed=53368s
[fullgrid] heat 465/1286 elapsed=53798s
[fullgrid] heat 470/1286 elapsed=54214s
[fullgrid] heat 475/1286 elapsed=54636s
[fullgrid] heat 480/1286 elapsed=55061s
[fullgrid] heat 485/1286 elapsed=55481s
[fullgrid] heat 490/1286 elapsed=55906s
[fullgrid] heat 495/1286 elapsed=56322s
[fullgrid] heat 500/1286 elapsed=56750s
[fullgrid] heat 505/1286 elapsed=57172s
[fullgrid] heat 510/1286 elapsed=57588s
[fullgrid] heat 515/1286 elapsed=58017s
[fullgrid] heat 520/1286 elapsed=58439s
[fullgrid] heat 525/1286 elapsed=58855s
[fullgrid] heat 530/1286 elapsed=59283s
[fullgrid] heat 535/1286 elapsed=59702s
[fullgrid] heat 540/1286 elapsed=60124s
[fullgrid] heat 545/1286 elapsed=60547s
[fullgrid] heat 550/1286 elapsed=60969s
[fullgrid] heat 555/1286 elapsed=61395s
[fullgrid] heat 560/1286 elapsed=61812s
[fullgrid] heat 565/1286 elapsed=62234s
[fullgrid] heat 570/1286 elapsed=62662s
[fullgrid] heat 575/1286 elapsed=63076s
[fullgrid] heat 580/1286 elapsed=63502s
[fullgrid] heat 585/1286 elapsed=63929s
[fullgrid] heat 590/1286 elapsed=64344s
[fullgrid] heat 595/1286 elapsed=64768s
[fullgrid] heat 600/1286 elapsed=65193s
[fullgrid] heat 605/1286 elapsed=65613s
[fullgrid] heat 610/1286 elapsed=66036s
[fullgrid] heat 615/1286 elapsed=66454s
[fullgrid] heat 620/1286 elapsed=66884s
[fullgrid] heat 625/1286 elapsed=67303s
[fullgrid] heat 630/1286 elapsed=67719s
[fullgrid] heat 635/1286 elapsed=68150s
[fullgrid] heat 640/1286 elapsed=68569s
[fullgrid] heat 645/1286 elapsed=68988s
[fullgrid] heat 650/1286 elapsed=69415s
[fullgrid] heat 655/1286 elapsed=69833s
[fullgrid] heat 660/1286 elapsed=70258s
[fullgrid] heat 665/1286 elapsed=70681s
[fullgrid] heat 670/1286 elapsed=71106s
[fullgrid] heat 675/1286 elapsed=71531s
[fullgrid] heat 680/1286 elapsed=71947s
[fullgrid] heat 685/1286 elapsed=72370s
[fullgrid] heat 690/1286 elapsed=72788s
[fullgrid] heat 695/1286 elapsed=73197s
[fullgrid] heat 700/1286 elapsed=73620s
[fullgrid] heat 705/1286 elapsed=74040s
[fullgrid] heat 710/1286 elapsed=74453s
[fullgrid] heat 715/1286 elapsed=74871s
[fullgrid] heat 720/1286 elapsed=75290s
[fullgrid] heat 725/1286 elapsed=75707s
[fullgrid] heat 730/1286 elapsed=76123s
[fullgrid] heat 735/1286 elapsed=76536s
[fullgrid] heat 740/1286 elapsed=76957s
[fullgrid] heat 745/1286 elapsed=77370s
[fullgrid] heat 750/1286 elapsed=77785s
[fullgrid] heat 755/1286 elapsed=78206s
[fullgrid] heat 760/1286 elapsed=78618s
[fullgrid] heat 765/1286 elapsed=79032s
[fullgrid] heat 770/1286 elapsed=79452s
[fullgrid] heat 775/1286 elapsed=79867s
[fullgrid] heat 780/1286 elapsed=80283s
[fullgrid] heat 785/1286 elapsed=80700s
