[fullgrid] load tokenizer /home/ai/hf_models/gemma-2-2b-it
[fullgrid] load model /home/ai/hf_models/gemma-2-2b-it device=cpu dtype=bfloat16
`torch_dtype` is deprecated! Use `dtype` instead!
/home/ai/qaic-env/lib/python3.10/site-packages/onnxscript/converter.py:816: FutureWarning: 'onnxscript.values.Op.param_schemas' is deprecated in version 0.1 and will be removed in the future. Please use '.op_signature' instead.
  param_schemas = callee.param_schemas()
/home/ai/qaic-env/lib/python3.10/site-packages/onnxscript/converter.py:816: FutureWarning: 'onnxscript.values.OnnxFunction.param_schemas' is deprecated in version 0.1 and will be removed in the future. Please use '.op_signature' instead.
  param_schemas = callee.param_schemas()
Loading checkpoint shards:   0%|          | 0/2 [00:00<?, ?it/s]Loading checkpoint shards: 100%|██████████| 2/2 [00:00<00:00, 68.87it/s]
[fullgrid] modules=183 channels=961,536 Q=10 S=11 cells=105,768,960
[fullgrid] pass1 calibration probes=30
[fullgrid] calibration 5/30 elapsed=75s
[fullgrid] calibration 10/30 elapsed=142s
[fullgrid] calibration 15/30 elapsed=198s
[fullgrid] calibration 20/30 elapsed=251s
[fullgrid] calibration 25/30 elapsed=295s
[fullgrid] calibration 30/30 elapsed=336s
[fullgrid] pass2 heat fill
[fullgrid] heat 5/30 elapsed=408s
[fullgrid] heat 10/30 elapsed=479s
[fullgrid] heat 15/30 elapsed=538s
[fullgrid] heat 20/30 elapsed=596s
[fullgrid] heat 25/30 elapsed=644s
[fullgrid] heat 30/30 elapsed=689s
[fullgrid] DONE gemma-2-2b-it-fullgrid-100m cells=105,768,960 nonzero=81,298,394 coverage=76.864133%
