[fullgrid] load tokenizer /home/ai/hf_models/gpt2
[fullgrid] load model /home/ai/hf_models/gpt2 device=cpu dtype=float32
`torch_dtype` is deprecated! Use `dtype` instead!
/home/ai/qaic-env/lib/python3.10/site-packages/onnxscript/converter.py:816: FutureWarning: 'onnxscript.values.Op.param_schemas' is deprecated in version 0.1 and will be removed in the future. Please use '.op_signature' instead.
  param_schemas = callee.param_schemas()
/home/ai/qaic-env/lib/python3.10/site-packages/onnxscript/converter.py:816: FutureWarning: 'onnxscript.values.OnnxFunction.param_schemas' is deprecated in version 0.1 and will be removed in the future. Please use '.op_signature' instead.
  param_schemas = callee.param_schemas()
[fullgrid] modules=74 channels=152,401 Q=26 S=26 cells=103,023,076
[fullgrid] reuse quantile edges from /home/ai/mercury_observations/fullgrid/gpt2-fullgrid-100m-p180/quantile_edges.npz
[fullgrid] pass2 heat fill
[fullgrid] heat 5/1211 elapsed=8s
[fullgrid] heat 10/1211 elapsed=14s
[fullgrid] heat 15/1211 elapsed=23s
[fullgrid] heat 20/1211 elapsed=33s
[fullgrid] heat 25/1211 elapsed=41s
[fullgrid] heat 30/1211 elapsed=51s
[fullgrid] heat 35/1211 elapsed=58s
[fullgrid] heat 40/1211 elapsed=66s
[fullgrid] heat 45/1211 elapsed=77s
[fullgrid] heat 50/1211 elapsed=87s
[fullgrid] heat 55/1211 elapsed=100s
[fullgrid] heat 60/1211 elapsed=113s
[fullgrid] heat 65/1211 elapsed=120s
[fullgrid] heat 70/1211 elapsed=127s
[fullgrid] heat 75/1211 elapsed=137s
[fullgrid] heat 80/1211 elapsed=147s
[fullgrid] heat 85/1211 elapsed=158s
[fullgrid] heat 90/1211 elapsed=167s
[fullgrid] heat 95/1211 elapsed=175s
[fullgrid] heat 100/1211 elapsed=183s
[fullgrid] heat 105/1211 elapsed=190s
[fullgrid] heat 110/1211 elapsed=200s
[fullgrid] heat 115/1211 elapsed=208s
[fullgrid] heat 120/1211 elapsed=217s
[fullgrid] heat 125/1211 elapsed=230s
[fullgrid] heat 130/1211 elapsed=244s
[fullgrid] heat 135/1211 elapsed=252s
[fullgrid] heat 140/1211 elapsed=260s
[fullgrid] heat 145/1211 elapsed=269s
[fullgrid] heat 150/1211 elapsed=278s
[fullgrid] heat 155/1211 elapsed=286s
[fullgrid] heat 160/1211 elapsed=302s
[fullgrid] heat 165/1211 elapsed=316s
[fullgrid] heat 170/1211 elapsed=330s
[fullgrid] heat 175/1211 elapsed=346s
[fullgrid] heat 180/1211 elapsed=359s
[fullgrid] heat 185/1211 elapsed=372s
[fullgrid] heat 190/1211 elapsed=385s
[fullgrid] heat 195/1211 elapsed=397s
[fullgrid] heat 200/1211 elapsed=410s
[fullgrid] heat 205/1211 elapsed=424s
[fullgrid] heat 210/1211 elapsed=438s
[fullgrid] heat 215/1211 elapsed=453s
[fullgrid] heat 220/1211 elapsed=466s
[fullgrid] heat 225/1211 elapsed=479s
[fullgrid] heat 230/1211 elapsed=492s
[fullgrid] heat 235/1211 elapsed=506s
[fullgrid] heat 240/1211 elapsed=519s
[fullgrid] heat 245/1211 elapsed=532s
[fullgrid] heat 250/1211 elapsed=546s
[fullgrid] heat 255/1211 elapsed=559s
[fullgrid] heat 260/1211 elapsed=572s
[fullgrid] heat 265/1211 elapsed=585s
[fullgrid] heat 270/1211 elapsed=598s
[fullgrid] heat 275/1211 elapsed=612s
[fullgrid] heat 280/1211 elapsed=626s
[fullgrid] heat 285/1211 elapsed=639s
[fullgrid] heat 290/1211 elapsed=653s
