[fullgrid] load tokenizer /home/ai/hf_models/gpt2
[fullgrid] load model /home/ai/hf_models/gpt2 device=cpu dtype=float32
`torch_dtype` is deprecated! Use `dtype` instead!
/home/ai/qaic-env/lib/python3.10/site-packages/onnxscript/converter.py:816: FutureWarning: 'onnxscript.values.Op.param_schemas' is deprecated in version 0.1 and will be removed in the future. Please use '.op_signature' instead.
  param_schemas = callee.param_schemas()
/home/ai/qaic-env/lib/python3.10/site-packages/onnxscript/converter.py:816: FutureWarning: 'onnxscript.values.OnnxFunction.param_schemas' is deprecated in version 0.1 and will be removed in the future. Please use '.op_signature' instead.
  param_schemas = callee.param_schemas()
[fullgrid] modules=74 channels=152,401 Q=26 S=26 cells=103,023,076
[fullgrid] pass1 calibration probes=30
[fullgrid] calibration 5/30 elapsed=1s
[fullgrid] calibration 10/30 elapsed=1s
[fullgrid] calibration 15/30 elapsed=2s
[fullgrid] calibration 20/30 elapsed=2s
[fullgrid] calibration 25/30 elapsed=2s
[fullgrid] calibration 30/30 elapsed=2s
[fullgrid] pass2 heat fill
[fullgrid] heat 5/30 elapsed=7s
[fullgrid] heat 10/30 elapsed=10s
[fullgrid] heat 15/30 elapsed=12s
[fullgrid] heat 20/30 elapsed=15s
[fullgrid] heat 25/30 elapsed=18s
[fullgrid] heat 30/30 elapsed=21s
[fullgrid] DONE gpt2-fullgrid-100m cells=103,023,076 nonzero=60,527,982 coverage=58.751868%
