[fullgrid] load tokenizer /home/ai/hf_models/gpt2-medium
[fullgrid] load model /home/ai/hf_models/gpt2-medium device=cpu dtype=float32
`torch_dtype` is deprecated! Use `dtype` instead!
/home/ai/qaic-env/lib/python3.10/site-packages/onnxscript/converter.py:816: FutureWarning: 'onnxscript.values.Op.param_schemas' is deprecated in version 0.1 and will be removed in the future. Please use '.op_signature' instead.
  param_schemas = callee.param_schemas()
/home/ai/qaic-env/lib/python3.10/site-packages/onnxscript/converter.py:816: FutureWarning: 'onnxscript.values.OnnxFunction.param_schemas' is deprecated in version 0.1 and will be removed in the future. Please use '.op_signature' instead.
  param_schemas = callee.param_schemas()
[fullgrid] modules=146 channels=321,617 Q=18 S=18 cells=104,203,908
[fullgrid] reuse quantile edges from /home/ai/mercury_observations/fullgrid/gpt2-medium-fullgrid-100m-p180/quantile_edges.npz
[fullgrid] pass2 heat fill
[fullgrid] heat 5/1211 elapsed=14s
[fullgrid] heat 10/1211 elapsed=29s
[fullgrid] heat 15/1211 elapsed=44s
[fullgrid] heat 20/1211 elapsed=62s
[fullgrid] heat 25/1211 elapsed=76s
[fullgrid] heat 30/1211 elapsed=95s
[fullgrid] heat 35/1211 elapsed=106s
[fullgrid] heat 40/1211 elapsed=117s
[fullgrid] heat 45/1211 elapsed=135s
[fullgrid] heat 50/1211 elapsed=153s
[fullgrid] heat 55/1211 elapsed=174s
[fullgrid] heat 60/1211 elapsed=196s
[fullgrid] heat 65/1211 elapsed=208s
[fullgrid] heat 70/1211 elapsed=220s
[fullgrid] heat 75/1211 elapsed=237s
[fullgrid] heat 80/1211 elapsed=255s
[fullgrid] heat 85/1211 elapsed=273s
[fullgrid] heat 90/1211 elapsed=293s
[fullgrid] heat 95/1211 elapsed=309s
[fullgrid] heat 100/1211 elapsed=319s
[fullgrid] heat 105/1211 elapsed=336s
[fullgrid] heat 110/1211 elapsed=356s
[fullgrid] heat 115/1211 elapsed=374s
[fullgrid] heat 120/1211 elapsed=388s
[fullgrid] heat 125/1211 elapsed=412s
[fullgrid] heat 130/1211 elapsed=438s
[fullgrid] heat 135/1211 elapsed=456s
[fullgrid] heat 140/1211 elapsed=472s
[fullgrid] heat 145/1211 elapsed=488s
[fullgrid] heat 150/1211 elapsed=504s
[fullgrid] heat 155/1211 elapsed=517s
[fullgrid] heat 160/1211 elapsed=543s
[fullgrid] heat 165/1211 elapsed=563s
[fullgrid] heat 170/1211 elapsed=582s
[fullgrid] heat 175/1211 elapsed=602s
[fullgrid] heat 180/1211 elapsed=623s
[fullgrid] heat 185/1211 elapsed=642s
[fullgrid] heat 190/1211 elapsed=662s
