[fullgrid] load tokenizer /home/ai/hf_models/gpt2-medium
[fullgrid] load model /home/ai/hf_models/gpt2-medium device=cpu dtype=float32
`torch_dtype` is deprecated! Use `dtype` instead!
/home/ai/qaic-env/lib/python3.10/site-packages/onnxscript/converter.py:816: FutureWarning: 'onnxscript.values.Op.param_schemas' is deprecated in version 0.1 and will be removed in the future. Please use '.op_signature' instead.
  param_schemas = callee.param_schemas()
/home/ai/qaic-env/lib/python3.10/site-packages/onnxscript/converter.py:816: FutureWarning: 'onnxscript.values.OnnxFunction.param_schemas' is deprecated in version 0.1 and will be removed in the future. Please use '.op_signature' instead.
  param_schemas = callee.param_schemas()
[fullgrid] modules=146 channels=321,617 Q=18 S=18 cells=104,203,908
[fullgrid] pass1 calibration probes=1045
[fullgrid] calibration 5/1045 elapsed=30s
[fullgrid] calibration 10/1045 elapsed=49s
[fullgrid] calibration 15/1045 elapsed=69s
[fullgrid] calibration 20/1045 elapsed=90s
[fullgrid] calibration 25/1045 elapsed=112s
[fullgrid] calibration 30/1045 elapsed=132s
[fullgrid] calibration 35/1045 elapsed=151s
[fullgrid] calibration 40/1045 elapsed=172s
[fullgrid] calibration 45/1045 elapsed=194s
[fullgrid] calibration 50/1045 elapsed=212s
[fullgrid] calibration 55/1045 elapsed=233s
[fullgrid] calibration 60/1045 elapsed=252s
[fullgrid] calibration 65/1045 elapsed=272s
[fullgrid] calibration 70/1045 elapsed=292s
[fullgrid] calibration 75/1045 elapsed=311s
[fullgrid] calibration 80/1045 elapsed=330s
[fullgrid] calibration 85/1045 elapsed=351s
[fullgrid] calibration 90/1045 elapsed=370s
[fullgrid] calibration 95/1045 elapsed=389s
[fullgrid] calibration 100/1045 elapsed=408s
[fullgrid] calibration 105/1045 elapsed=428s
[fullgrid] calibration 110/1045 elapsed=448s
[fullgrid] calibration 115/1045 elapsed=467s
[fullgrid] calibration 120/1045 elapsed=484s
[fullgrid] calibration 125/1045 elapsed=505s
[fullgrid] calibration 130/1045 elapsed=524s
[fullgrid] calibration 135/1045 elapsed=543s
[fullgrid] calibration 140/1045 elapsed=562s
[fullgrid] calibration 145/1045 elapsed=582s
[fullgrid] calibration 150/1045 elapsed=601s
[fullgrid] calibration 155/1045 elapsed=619s
[fullgrid] calibration 160/1045 elapsed=639s
[fullgrid] calibration 165/1045 elapsed=659s
[fullgrid] calibration 170/1045 elapsed=678s
[fullgrid] calibration 175/1045 elapsed=698s
[fullgrid] calibration 180/1045 elapsed=717s
[fullgrid] calibration 185/1045 elapsed=736s
[fullgrid] calibration 190/1045 elapsed=753s
[fullgrid] calibration 195/1045 elapsed=771s
[fullgrid] calibration 200/1045 elapsed=790s
[fullgrid] calibration 205/1045 elapsed=810s
[fullgrid] calibration 210/1045 elapsed=829s
[fullgrid] calibration 215/1045 elapsed=846s
[fullgrid] calibration 220/1045 elapsed=866s
[fullgrid] calibration 225/1045 elapsed=887s
[fullgrid] calibration 230/1045 elapsed=905s
[fullgrid] calibration 235/1045 elapsed=923s
[fullgrid] calibration 240/1045 elapsed=944s
[fullgrid] calibration 245/1045 elapsed=963s
[fullgrid] calibration 250/1045 elapsed=984s
[fullgrid] calibration 255/1045 elapsed=1002s
[fullgrid] calibration 260/1045 elapsed=1021s
[fullgrid] calibration 265/1045 elapsed=1041s
[fullgrid] calibration 270/1045 elapsed=1061s
[fullgrid] calibration 275/1045 elapsed=1080s
[fullgrid] calibration 280/1045 elapsed=1091s
[fullgrid] calibration 285/1045 elapsed=1091s
[fullgrid] calibration 290/1045 elapsed=1093s
[fullgrid] calibration 295/1045 elapsed=1094s
[fullgrid] calibration 300/1045 elapsed=1094s
[fullgrid] calibration 305/1045 elapsed=1095s
[fullgrid] calibration 310/1045 elapsed=1096s
[fullgrid] calibration 315/1045 elapsed=1097s
[fullgrid] calibration 320/1045 elapsed=1098s
[fullgrid] calibration 325/1045 elapsed=1099s
[fullgrid] calibration 330/1045 elapsed=1100s
[fullgrid] calibration 335/1045 elapsed=1101s
[fullgrid] calibration 340/1045 elapsed=1102s
[fullgrid] calibration 345/1045 elapsed=1103s
[fullgrid] calibration 350/1045 elapsed=1104s
[fullgrid] calibration 355/1045 elapsed=1105s
[fullgrid] calibration 360/1045 elapsed=1106s
[fullgrid] calibration 365/1045 elapsed=1107s
[fullgrid] calibration 370/1045 elapsed=1107s
[fullgrid] calibration 375/1045 elapsed=1108s
[fullgrid] calibration 380/1045 elapsed=1109s
[fullgrid] calibration 385/1045 elapsed=1110s
[fullgrid] calibration 390/1045 elapsed=1111s
[fullgrid] calibration 395/1045 elapsed=1112s
[fullgrid] calibration 400/1045 elapsed=1112s
[fullgrid] calibration 405/1045 elapsed=1113s
[fullgrid] calibration 410/1045 elapsed=1114s
[fullgrid] calibration 415/1045 elapsed=1115s
[fullgrid] calibration 420/1045 elapsed=1116s
[fullgrid] calibration 425/1045 elapsed=1116s
[fullgrid] calibration 430/1045 elapsed=1117s
[fullgrid] calibration 435/1045 elapsed=1118s
[fullgrid] calibration 440/1045 elapsed=1119s
[fullgrid] calibration 445/1045 elapsed=1120s
[fullgrid] calibration 450/1045 elapsed=1121s
[fullgrid] calibration 455/1045 elapsed=1122s
[fullgrid] calibration 460/1045 elapsed=1123s
[fullgrid] calibration 465/1045 elapsed=1124s
[fullgrid] calibration 470/1045 elapsed=1124s
[fullgrid] calibration 475/1045 elapsed=1125s
[fullgrid] calibration 480/1045 elapsed=1126s
[fullgrid] calibration 485/1045 elapsed=1127s
[fullgrid] calibration 490/1045 elapsed=1127s
[fullgrid] calibration 495/1045 elapsed=1128s
[fullgrid] calibration 500/1045 elapsed=1129s
[fullgrid] calibration 505/1045 elapsed=1129s
[fullgrid] calibration 510/1045 elapsed=1130s
[fullgrid] calibration 515/1045 elapsed=1130s
[fullgrid] calibration 520/1045 elapsed=1131s
[fullgrid] calibration 525/1045 elapsed=1132s
[fullgrid] calibration 530/1045 elapsed=1132s
[fullgrid] calibration 535/1045 elapsed=1133s
[fullgrid] calibration 540/1045 elapsed=1133s
[fullgrid] calibration 545/1045 elapsed=1134s
[fullgrid] calibration 550/1045 elapsed=1135s
[fullgrid] calibration 555/1045 elapsed=1135s
[fullgrid] calibration 560/1045 elapsed=1136s
[fullgrid] calibration 565/1045 elapsed=1136s
[fullgrid] calibration 570/1045 elapsed=1137s
[fullgrid] calibration 575/1045 elapsed=1138s
[fullgrid] calibration 580/1045 elapsed=1139s
[fullgrid] calibration 585/1045 elapsed=1140s
[fullgrid] calibration 590/1045 elapsed=1141s
[fullgrid] calibration 595/1045 elapsed=1141s
[fullgrid] calibration 600/1045 elapsed=1142s
[fullgrid] calibration 605/1045 elapsed=1143s
[fullgrid] calibration 610/1045 elapsed=1144s
[fullgrid] calibration 615/1045 elapsed=1145s
[fullgrid] calibration 620/1045 elapsed=1146s
[fullgrid] calibration 625/1045 elapsed=1146s
[fullgrid] calibration 630/1045 elapsed=1147s
[fullgrid] calibration 635/1045 elapsed=1148s
[fullgrid] calibration 640/1045 elapsed=1149s
[fullgrid] calibration 645/1045 elapsed=1149s
[fullgrid] calibration 650/1045 elapsed=1151s
[fullgrid] calibration 655/1045 elapsed=1152s
[fullgrid] calibration 660/1045 elapsed=1153s
[fullgrid] calibration 665/1045 elapsed=1155s
[fullgrid] calibration 670/1045 elapsed=1156s
[fullgrid] calibration 675/1045 elapsed=1157s
[fullgrid] calibration 680/1045 elapsed=1159s
[fullgrid] calibration 685/1045 elapsed=1160s
[fullgrid] calibration 690/1045 elapsed=1161s
[fullgrid] calibration 695/1045 elapsed=1163s
[fullgrid] calibration 700/1045 elapsed=1164s
[fullgrid] calibration 705/1045 elapsed=1166s
[fullgrid] calibration 710/1045 elapsed=1167s
[fullgrid] calibration 715/1045 elapsed=1169s
[fullgrid] calibration 720/1045 elapsed=1170s
[fullgrid] calibration 725/1045 elapsed=1172s
[fullgrid] calibration 730/1045 elapsed=1173s
[fullgrid] calibration 735/1045 elapsed=1174s
[fullgrid] calibration 740/1045 elapsed=1175s
[fullgrid] calibration 745/1045 elapsed=1177s
[fullgrid] calibration 750/1045 elapsed=1178s
[fullgrid] calibration 755/1045 elapsed=1179s
[fullgrid] calibration 760/1045 elapsed=1181s
[fullgrid] calibration 765/1045 elapsed=1182s
[fullgrid] calibration 770/1045 elapsed=1182s
[fullgrid] calibration 775/1045 elapsed=1183s
[fullgrid] calibration 780/1045 elapsed=1184s
[fullgrid] calibration 785/1045 elapsed=1185s
[fullgrid] calibration 790/1045 elapsed=1186s
[fullgrid] calibration 795/1045 elapsed=1187s
[fullgrid] calibration 800/1045 elapsed=1188s
[fullgrid] calibration 805/1045 elapsed=1189s
[fullgrid] calibration 810/1045 elapsed=1190s
[fullgrid] calibration 815/1045 elapsed=1191s
[fullgrid] calibration 820/1045 elapsed=1192s
[fullgrid] calibration 825/1045 elapsed=1193s
[fullgrid] calibration 830/1045 elapsed=1195s
[fullgrid] calibration 835/1045 elapsed=1196s
[fullgrid] calibration 840/1045 elapsed=1197s
[fullgrid] calibration 845/1045 elapsed=1199s
[fullgrid] calibration 850/1045 elapsed=1200s
[fullgrid] calibration 855/1045 elapsed=1201s
[fullgrid] calibration 860/1045 elapsed=1203s
[fullgrid] calibration 865/1045 elapsed=1204s
[fullgrid] calibration 870/1045 elapsed=1205s
[fullgrid] calibration 875/1045 elapsed=1207s
[fullgrid] calibration 880/1045 elapsed=1209s
[fullgrid] calibration 885/1045 elapsed=1210s
[fullgrid] calibration 890/1045 elapsed=1211s
[fullgrid] calibration 895/1045 elapsed=1212s
[fullgrid] calibration 900/1045 elapsed=1213s
[fullgrid] calibration 905/1045 elapsed=1214s
[fullgrid] calibration 910/1045 elapsed=1216s
[fullgrid] calibration 915/1045 elapsed=1217s
[fullgrid] calibration 920/1045 elapsed=1218s
[fullgrid] calibration 925/1045 elapsed=1220s
[fullgrid] calibration 930/1045 elapsed=1221s
[fullgrid] calibration 935/1045 elapsed=1222s
[fullgrid] calibration 940/1045 elapsed=1223s
[fullgrid] calibration 945/1045 elapsed=1225s
[fullgrid] calibration 950/1045 elapsed=1226s
[fullgrid] calibration 955/1045 elapsed=1227s
[fullgrid] calibration 960/1045 elapsed=1228s
[fullgrid] calibration 965/1045 elapsed=1230s
[fullgrid] calibration 970/1045 elapsed=1231s
[fullgrid] calibration 975/1045 elapsed=1232s
[fullgrid] calibration 980/1045 elapsed=1234s
[fullgrid] calibration 985/1045 elapsed=1235s
[fullgrid] calibration 990/1045 elapsed=1236s
[fullgrid] calibration 995/1045 elapsed=1237s
[fullgrid] calibration 1000/1045 elapsed=1238s
[fullgrid] calibration 1005/1045 elapsed=1239s
[fullgrid] calibration 1010/1045 elapsed=1240s
[fullgrid] calibration 1015/1045 elapsed=1241s
[fullgrid] calibration 1020/1045 elapsed=1242s
[fullgrid] calibration 1025/1045 elapsed=1243s
[fullgrid] calibration 1030/1045 elapsed=1244s
[fullgrid] calibration 1035/1045 elapsed=1245s
[fullgrid] calibration 1040/1045 elapsed=1246s
[fullgrid] calibration 1045/1045 elapsed=1247s
