[fullgrid] load tokenizer /home/ai/hf_models/gpt2
[fullgrid] load model /home/ai/hf_models/gpt2 device=cpu dtype=float32
`torch_dtype` is deprecated! Use `dtype` instead!
/home/ai/qaic-env/lib/python3.10/site-packages/onnxscript/converter.py:816: FutureWarning: 'onnxscript.values.Op.param_schemas' is deprecated in version 0.1 and will be removed in the future. Please use '.op_signature' instead.
  param_schemas = callee.param_schemas()
/home/ai/qaic-env/lib/python3.10/site-packages/onnxscript/converter.py:816: FutureWarning: 'onnxscript.values.OnnxFunction.param_schemas' is deprecated in version 0.1 and will be removed in the future. Please use '.op_signature' instead.
  param_schemas = callee.param_schemas()
[fullgrid] modules=74 channels=152,401 Q=26 S=26 cells=103,023,076
[fullgrid] pass1 calibration probes=1045
[fullgrid] calibration 5/1045 elapsed=1s
[fullgrid] calibration 10/1045 elapsed=2s
[fullgrid] calibration 15/1045 elapsed=2s
[fullgrid] calibration 20/1045 elapsed=2s
[fullgrid] calibration 25/1045 elapsed=2s
[fullgrid] calibration 30/1045 elapsed=2s
[fullgrid] calibration 35/1045 elapsed=2s
[fullgrid] calibration 40/1045 elapsed=3s
[fullgrid] calibration 45/1045 elapsed=3s
[fullgrid] calibration 50/1045 elapsed=3s
[fullgrid] calibration 55/1045 elapsed=3s
[fullgrid] calibration 60/1045 elapsed=3s
[fullgrid] calibration 65/1045 elapsed=3s
[fullgrid] calibration 70/1045 elapsed=4s
[fullgrid] calibration 75/1045 elapsed=4s
[fullgrid] calibration 80/1045 elapsed=4s
[fullgrid] calibration 85/1045 elapsed=4s
[fullgrid] calibration 90/1045 elapsed=4s
[fullgrid] calibration 95/1045 elapsed=4s
[fullgrid] calibration 100/1045 elapsed=4s
[fullgrid] calibration 105/1045 elapsed=5s
[fullgrid] calibration 110/1045 elapsed=5s
[fullgrid] calibration 115/1045 elapsed=5s
[fullgrid] calibration 120/1045 elapsed=5s
[fullgrid] calibration 125/1045 elapsed=5s
[fullgrid] calibration 130/1045 elapsed=5s
[fullgrid] calibration 135/1045 elapsed=6s
[fullgrid] calibration 140/1045 elapsed=6s
[fullgrid] calibration 145/1045 elapsed=6s
[fullgrid] calibration 150/1045 elapsed=6s
[fullgrid] calibration 155/1045 elapsed=6s
[fullgrid] calibration 160/1045 elapsed=6s
[fullgrid] calibration 165/1045 elapsed=7s
[fullgrid] calibration 170/1045 elapsed=7s
[fullgrid] calibration 175/1045 elapsed=7s
[fullgrid] calibration 180/1045 elapsed=7s
[fullgrid] calibration 185/1045 elapsed=7s
[fullgrid] calibration 190/1045 elapsed=7s
[fullgrid] calibration 195/1045 elapsed=8s
[fullgrid] calibration 200/1045 elapsed=8s
[fullgrid] calibration 205/1045 elapsed=8s
[fullgrid] calibration 210/1045 elapsed=8s
[fullgrid] calibration 215/1045 elapsed=8s
[fullgrid] calibration 220/1045 elapsed=8s
[fullgrid] calibration 225/1045 elapsed=9s
[fullgrid] calibration 230/1045 elapsed=9s
[fullgrid] calibration 235/1045 elapsed=9s
[fullgrid] calibration 240/1045 elapsed=9s
[fullgrid] calibration 245/1045 elapsed=9s
[fullgrid] calibration 250/1045 elapsed=9s
[fullgrid] calibration 255/1045 elapsed=10s
[fullgrid] calibration 260/1045 elapsed=10s
[fullgrid] calibration 265/1045 elapsed=10s
[fullgrid] calibration 270/1045 elapsed=10s
[fullgrid] calibration 275/1045 elapsed=10s
[fullgrid] calibration 280/1045 elapsed=10s
[fullgrid] calibration 285/1045 elapsed=11s
[fullgrid] calibration 290/1045 elapsed=11s
[fullgrid] calibration 295/1045 elapsed=11s
[fullgrid] calibration 300/1045 elapsed=11s
[fullgrid] calibration 305/1045 elapsed=11s
[fullgrid] calibration 310/1045 elapsed=11s
[fullgrid] calibration 315/1045 elapsed=12s
[fullgrid] calibration 320/1045 elapsed=12s
[fullgrid] calibration 325/1045 elapsed=12s
[fullgrid] calibration 330/1045 elapsed=12s
[fullgrid] calibration 335/1045 elapsed=12s
[fullgrid] calibration 340/1045 elapsed=12s
[fullgrid] calibration 345/1045 elapsed=13s
[fullgrid] calibration 350/1045 elapsed=13s
[fullgrid] calibration 355/1045 elapsed=13s
[fullgrid] calibration 360/1045 elapsed=13s
[fullgrid] calibration 365/1045 elapsed=13s
[fullgrid] calibration 370/1045 elapsed=13s
[fullgrid] calibration 375/1045 elapsed=14s
[fullgrid] calibration 380/1045 elapsed=14s
[fullgrid] calibration 385/1045 elapsed=14s
[fullgrid] calibration 390/1045 elapsed=14s
[fullgrid] calibration 395/1045 elapsed=14s
[fullgrid] calibration 400/1045 elapsed=15s
[fullgrid] calibration 405/1045 elapsed=15s
[fullgrid] calibration 410/1045 elapsed=15s
[fullgrid] calibration 415/1045 elapsed=15s
[fullgrid] calibration 420/1045 elapsed=15s
[fullgrid] calibration 425/1045 elapsed=15s
[fullgrid] calibration 430/1045 elapsed=16s
[fullgrid] calibration 435/1045 elapsed=16s
[fullgrid] calibration 440/1045 elapsed=16s
[fullgrid] calibration 445/1045 elapsed=16s
[fullgrid] calibration 450/1045 elapsed=16s
[fullgrid] calibration 455/1045 elapsed=17s
[fullgrid] calibration 460/1045 elapsed=17s
[fullgrid] calibration 465/1045 elapsed=17s
[fullgrid] calibration 470/1045 elapsed=17s
[fullgrid] calibration 475/1045 elapsed=17s
[fullgrid] calibration 480/1045 elapsed=17s
[fullgrid] calibration 485/1045 elapsed=18s
[fullgrid] calibration 490/1045 elapsed=18s
[fullgrid] calibration 495/1045 elapsed=18s
[fullgrid] calibration 500/1045 elapsed=18s
[fullgrid] calibration 505/1045 elapsed=18s
[fullgrid] calibration 510/1045 elapsed=19s
[fullgrid] calibration 515/1045 elapsed=19s
[fullgrid] calibration 520/1045 elapsed=20s
[fullgrid] calibration 525/1045 elapsed=21s
[fullgrid] calibration 530/1045 elapsed=22s
[fullgrid] calibration 535/1045 elapsed=23s
[fullgrid] calibration 540/1045 elapsed=24s
[fullgrid] calibration 545/1045 elapsed=24s
[fullgrid] calibration 550/1045 elapsed=24s
[fullgrid] calibration 555/1045 elapsed=25s
[fullgrid] calibration 560/1045 elapsed=27s
[fullgrid] calibration 565/1045 elapsed=36s
[fullgrid] calibration 570/1045 elapsed=47s
[fullgrid] calibration 575/1045 elapsed=57s
[fullgrid] calibration 580/1045 elapsed=67s
[fullgrid] calibration 585/1045 elapsed=77s
[fullgrid] calibration 590/1045 elapsed=85s
[fullgrid] calibration 595/1045 elapsed=95s
[fullgrid] calibration 600/1045 elapsed=105s
[fullgrid] calibration 605/1045 elapsed=115s
[fullgrid] calibration 610/1045 elapsed=126s
[fullgrid] calibration 615/1045 elapsed=135s
[fullgrid] calibration 620/1045 elapsed=145s
[fullgrid] calibration 625/1045 elapsed=155s
[fullgrid] calibration 630/1045 elapsed=164s
[fullgrid] calibration 635/1045 elapsed=174s
[fullgrid] calibration 640/1045 elapsed=184s
[fullgrid] calibration 645/1045 elapsed=193s
[fullgrid] calibration 650/1045 elapsed=204s
[fullgrid] calibration 655/1045 elapsed=215s
[fullgrid] calibration 660/1045 elapsed=225s
[fullgrid] calibration 665/1045 elapsed=236s
[fullgrid] calibration 670/1045 elapsed=247s
[fullgrid] calibration 675/1045 elapsed=260s
[fullgrid] calibration 680/1045 elapsed=271s
[fullgrid] calibration 685/1045 elapsed=283s
[fullgrid] calibration 690/1045 elapsed=295s
[fullgrid] calibration 695/1045 elapsed=306s
[fullgrid] calibration 700/1045 elapsed=318s
[fullgrid] calibration 705/1045 elapsed=329s
[fullgrid] calibration 710/1045 elapsed=340s
[fullgrid] calibration 715/1045 elapsed=352s
[fullgrid] calibration 720/1045 elapsed=364s
[fullgrid] calibration 725/1045 elapsed=376s
[fullgrid] calibration 730/1045 elapsed=386s
[fullgrid] calibration 735/1045 elapsed=397s
[fullgrid] calibration 740/1045 elapsed=409s
[fullgrid] calibration 745/1045 elapsed=421s
[fullgrid] calibration 750/1045 elapsed=431s
[fullgrid] calibration 755/1045 elapsed=441s
[fullgrid] calibration 760/1045 elapsed=452s
[fullgrid] calibration 765/1045 elapsed=464s
[fullgrid] calibration 770/1045 elapsed=476s
[fullgrid] calibration 775/1045 elapsed=488s
[fullgrid] calibration 780/1045 elapsed=498s
[fullgrid] calibration 785/1045 elapsed=510s
[fullgrid] calibration 790/1045 elapsed=521s
[fullgrid] calibration 795/1045 elapsed=533s
[fullgrid] calibration 800/1045 elapsed=544s
[fullgrid] calibration 805/1045 elapsed=555s
[fullgrid] calibration 810/1045 elapsed=567s
[fullgrid] calibration 815/1045 elapsed=579s
[fullgrid] calibration 820/1045 elapsed=590s
[fullgrid] calibration 825/1045 elapsed=602s
[fullgrid] calibration 830/1045 elapsed=613s
[fullgrid] calibration 835/1045 elapsed=625s
[fullgrid] calibration 840/1045 elapsed=637s
[fullgrid] calibration 845/1045 elapsed=648s
[fullgrid] calibration 850/1045 elapsed=659s
[fullgrid] calibration 855/1045 elapsed=671s
[fullgrid] calibration 860/1045 elapsed=681s
[fullgrid] calibration 865/1045 elapsed=693s
[fullgrid] calibration 870/1045 elapsed=704s
[fullgrid] calibration 875/1045 elapsed=717s
[fullgrid] calibration 880/1045 elapsed=728s
[fullgrid] calibration 885/1045 elapsed=738s
[fullgrid] calibration 890/1045 elapsed=750s
[fullgrid] calibration 895/1045 elapsed=762s
[fullgrid] calibration 900/1045 elapsed=774s
[fullgrid] calibration 905/1045 elapsed=786s
[fullgrid] calibration 910/1045 elapsed=797s
[fullgrid] calibration 915/1045 elapsed=809s
[fullgrid] calibration 920/1045 elapsed=820s
[fullgrid] calibration 925/1045 elapsed=832s
[fullgrid] calibration 930/1045 elapsed=844s
[fullgrid] calibration 935/1045 elapsed=855s
[fullgrid] calibration 940/1045 elapsed=866s
[fullgrid] calibration 945/1045 elapsed=878s
[fullgrid] calibration 950/1045 elapsed=890s
[fullgrid] calibration 955/1045 elapsed=901s
[fullgrid] calibration 960/1045 elapsed=913s
[fullgrid] calibration 965/1045 elapsed=924s
[fullgrid] calibration 970/1045 elapsed=936s
[fullgrid] calibration 975/1045 elapsed=948s
[fullgrid] calibration 980/1045 elapsed=960s
[fullgrid] calibration 985/1045 elapsed=973s
[fullgrid] calibration 990/1045 elapsed=983s
[fullgrid] calibration 995/1045 elapsed=992s
[fullgrid] calibration 1000/1045 elapsed=1003s
[fullgrid] calibration 1005/1045 elapsed=1016s
[fullgrid] calibration 1010/1045 elapsed=1025s
[fullgrid] calibration 1015/1045 elapsed=1037s
[fullgrid] calibration 1020/1045 elapsed=1048s
[fullgrid] calibration 1025/1045 elapsed=1060s
[fullgrid] calibration 1030/1045 elapsed=1072s
[fullgrid] calibration 1035/1045 elapsed=1085s
[fullgrid] calibration 1040/1045 elapsed=1095s
[fullgrid] calibration 1045/1045 elapsed=1107s
