[fullgrid] load tokenizer /home/ai/hf_models/gpt2
[fullgrid] load model /home/ai/hf_models/gpt2 device=cpu dtype=float32
`torch_dtype` is deprecated! Use `dtype` instead!
/home/ai/qaic-env/lib/python3.10/site-packages/onnxscript/converter.py:816: FutureWarning: 'onnxscript.values.Op.param_schemas' is deprecated in version 0.1 and will be removed in the future. Please use '.op_signature' instead.
  param_schemas = callee.param_schemas()
/home/ai/qaic-env/lib/python3.10/site-packages/onnxscript/converter.py:816: FutureWarning: 'onnxscript.values.OnnxFunction.param_schemas' is deprecated in version 0.1 and will be removed in the future. Please use '.op_signature' instead.
  param_schemas = callee.param_schemas()
[fullgrid] modules=74 channels=152,401 Q=26 S=26 cells=103,023,076
[fullgrid] pass1 calibration probes=166
[fullgrid] calibration 5/166 elapsed=1s
[fullgrid] calibration 10/166 elapsed=1s
[fullgrid] calibration 15/166 elapsed=1s
[fullgrid] calibration 20/166 elapsed=2s
[fullgrid] calibration 25/166 elapsed=2s
[fullgrid] calibration 30/166 elapsed=2s
[fullgrid] calibration 35/166 elapsed=2s
[fullgrid] calibration 40/166 elapsed=2s
[fullgrid] calibration 45/166 elapsed=2s
[fullgrid] calibration 50/166 elapsed=2s
[fullgrid] calibration 55/166 elapsed=3s
[fullgrid] calibration 60/166 elapsed=3s
[fullgrid] calibration 65/166 elapsed=3s
[fullgrid] calibration 70/166 elapsed=3s
[fullgrid] calibration 75/166 elapsed=3s
[fullgrid] calibration 80/166 elapsed=3s
[fullgrid] calibration 85/166 elapsed=3s
[fullgrid] calibration 90/166 elapsed=3s
[fullgrid] calibration 95/166 elapsed=4s
[fullgrid] calibration 100/166 elapsed=4s
[fullgrid] calibration 105/166 elapsed=4s
[fullgrid] calibration 110/166 elapsed=4s
[fullgrid] calibration 115/166 elapsed=4s
[fullgrid] calibration 120/166 elapsed=4s
[fullgrid] calibration 125/166 elapsed=4s
[fullgrid] calibration 130/166 elapsed=5s
[fullgrid] calibration 135/166 elapsed=5s
[fullgrid] calibration 140/166 elapsed=5s
[fullgrid] calibration 145/166 elapsed=5s
[fullgrid] calibration 150/166 elapsed=5s
[fullgrid] calibration 155/166 elapsed=5s
[fullgrid] calibration 160/166 elapsed=5s
[fullgrid] calibration 165/166 elapsed=6s
[fullgrid] pass2 heat fill
[fullgrid] heat 5/166 elapsed=16s
[fullgrid] heat 10/166 elapsed=19s
[fullgrid] heat 15/166 elapsed=21s
[fullgrid] heat 20/166 elapsed=23s
[fullgrid] heat 25/166 elapsed=25s
[fullgrid] heat 30/166 elapsed=28s
[fullgrid] heat 35/166 elapsed=30s
[fullgrid] heat 40/166 elapsed=32s
[fullgrid] heat 45/166 elapsed=34s
[fullgrid] heat 50/166 elapsed=36s
[fullgrid] heat 55/166 elapsed=39s
[fullgrid] heat 60/166 elapsed=42s
[fullgrid] heat 65/166 elapsed=44s
[fullgrid] heat 70/166 elapsed=47s
[fullgrid] heat 75/166 elapsed=50s
[fullgrid] heat 80/166 elapsed=52s
[fullgrid] heat 85/166 elapsed=55s
[fullgrid] heat 90/166 elapsed=57s
[fullgrid] heat 95/166 elapsed=59s
[fullgrid] heat 100/166 elapsed=61s
[fullgrid] heat 105/166 elapsed=63s
[fullgrid] heat 110/166 elapsed=66s
[fullgrid] heat 115/166 elapsed=68s
[fullgrid] heat 120/166 elapsed=70s
[fullgrid] heat 125/166 elapsed=73s
[fullgrid] heat 130/166 elapsed=77s
[fullgrid] heat 135/166 elapsed=79s
[fullgrid] heat 140/166 elapsed=81s
[fullgrid] heat 145/166 elapsed=83s
[fullgrid] heat 150/166 elapsed=86s
[fullgrid] heat 155/166 elapsed=88s
[fullgrid] heat 160/166 elapsed=91s
[fullgrid] heat 165/166 elapsed=94s
[fullgrid] DONE gpt2-fullgrid-100m-p180 cells=103,023,076 nonzero=88,276,417 coverage=85.686062%
[fullgrid] load tokenizer /home/ai/hf_models/gpt2-medium
[fullgrid] load model /home/ai/hf_models/gpt2-medium device=cpu dtype=float32
`torch_dtype` is deprecated! Use `dtype` instead!
/home/ai/qaic-env/lib/python3.10/site-packages/onnxscript/converter.py:816: FutureWarning: 'onnxscript.values.Op.param_schemas' is deprecated in version 0.1 and will be removed in the future. Please use '.op_signature' instead.
  param_schemas = callee.param_schemas()
/home/ai/qaic-env/lib/python3.10/site-packages/onnxscript/converter.py:816: FutureWarning: 'onnxscript.values.OnnxFunction.param_schemas' is deprecated in version 0.1 and will be removed in the future. Please use '.op_signature' instead.
  param_schemas = callee.param_schemas()
[fullgrid] modules=146 channels=321,617 Q=18 S=18 cells=104,203,908
[fullgrid] pass1 calibration probes=166
[fullgrid] calibration 5/166 elapsed=2s
[fullgrid] calibration 10/166 elapsed=2s
[fullgrid] calibration 15/166 elapsed=3s
[fullgrid] calibration 20/166 elapsed=3s
[fullgrid] calibration 25/166 elapsed=4s
[fullgrid] calibration 30/166 elapsed=4s
[fullgrid] calibration 35/166 elapsed=4s
[fullgrid] calibration 40/166 elapsed=5s
[fullgrid] calibration 45/166 elapsed=5s
[fullgrid] calibration 50/166 elapsed=6s
[fullgrid] calibration 55/166 elapsed=6s
[fullgrid] calibration 60/166 elapsed=7s
[fullgrid] calibration 65/166 elapsed=7s
[fullgrid] calibration 70/166 elapsed=8s
[fullgrid] calibration 75/166 elapsed=8s
[fullgrid] calibration 80/166 elapsed=9s
[fullgrid] calibration 85/166 elapsed=9s
[fullgrid] calibration 90/166 elapsed=10s
[fullgrid] calibration 95/166 elapsed=10s
[fullgrid] calibration 100/166 elapsed=11s
[fullgrid] calibration 105/166 elapsed=11s
[fullgrid] calibration 110/166 elapsed=12s
[fullgrid] calibration 115/166 elapsed=12s
[fullgrid] calibration 120/166 elapsed=13s
[fullgrid] calibration 125/166 elapsed=13s
[fullgrid] calibration 130/166 elapsed=14s
[fullgrid] calibration 135/166 elapsed=14s
[fullgrid] calibration 140/166 elapsed=15s
[fullgrid] calibration 145/166 elapsed=15s
[fullgrid] calibration 150/166 elapsed=16s
[fullgrid] calibration 155/166 elapsed=16s
[fullgrid] calibration 160/166 elapsed=17s
[fullgrid] calibration 165/166 elapsed=17s
[fullgrid] pass2 heat fill
[fullgrid] heat 5/166 elapsed=38s
[fullgrid] heat 10/166 elapsed=42s
[fullgrid] heat 15/166 elapsed=45s
[fullgrid] heat 20/166 elapsed=49s
[fullgrid] heat 25/166 elapsed=52s
[fullgrid] heat 30/166 elapsed=56s
[fullgrid] heat 35/166 elapsed=59s
[fullgrid] heat 40/166 elapsed=62s
[fullgrid] heat 45/166 elapsed=66s
[fullgrid] heat 50/166 elapsed=69s
[fullgrid] heat 55/166 elapsed=73s
[fullgrid] heat 60/166 elapsed=78s
[fullgrid] heat 65/166 elapsed=81s
[fullgrid] heat 70/166 elapsed=84s
[fullgrid] heat 75/166 elapsed=88s
[fullgrid] heat 80/166 elapsed=92s
[fullgrid] heat 85/166 elapsed=95s
[fullgrid] heat 90/166 elapsed=99s
[fullgrid] heat 95/166 elapsed=102s
[fullgrid] heat 100/166 elapsed=106s
[fullgrid] heat 105/166 elapsed=109s
[fullgrid] heat 110/166 elapsed=113s
[fullgrid] heat 115/166 elapsed=117s
[fullgrid] heat 120/166 elapsed=120s
[fullgrid] heat 125/166 elapsed=125s
[fullgrid] heat 130/166 elapsed=129s
[fullgrid] heat 135/166 elapsed=132s
[fullgrid] heat 140/166 elapsed=136s
[fullgrid] heat 145/166 elapsed=140s
[fullgrid] heat 150/166 elapsed=143s
[fullgrid] heat 155/166 elapsed=147s
[fullgrid] heat 160/166 elapsed=151s
[fullgrid] heat 165/166 elapsed=156s
[fullgrid] DONE gpt2-medium-fullgrid-100m-p180 cells=104,203,908 nonzero=93,541,143 coverage=89.767404%
